Component: ARM Compiler 5.06 update 4 (build 422) Tool: armlink [4d35d2]

==============================================================================

Section Cross References

    startup_stm32g071xx.o(STACK) refers (Special) to heapauxi.o(.text) for __use_two_region_memory
    startup_stm32g071xx.o(HEAP) refers (Special) to heapauxi.o(.text) for __use_two_region_memory
    startup_stm32g071xx.o(RESET) refers (Special) to heapauxi.o(.text) for __use_two_region_memory
    startup_stm32g071xx.o(RESET) refers to startup_stm32g071xx.o(STACK) for __initial_sp
    startup_stm32g071xx.o(RESET) refers to startup_stm32g071xx.o(.text) for Reset_Handler
    startup_stm32g071xx.o(RESET) refers to stm32g0xx_it.o(i.NMI_Handler) for NMI_Handler
    startup_stm32g071xx.o(RESET) refers to cmb_fault.o(.text) for HardFault_Handler
    startup_stm32g071xx.o(RESET) refers to port.o(i.SVC_Handler) for SVC_Handler
    startup_stm32g071xx.o(RESET) refers to port.o(.emb_text) for PendSV_Handler
    startup_stm32g071xx.o(RESET) refers to cmsis_os2.o(i.SysTick_Handler) for SysTick_Handler
    startup_stm32g071xx.o(RESET) refers to stm32g0xx_it.o(i.TIM7_LPTIM2_IRQHandler) for TIM7_LPTIM2_IRQHandler
    startup_stm32g071xx.o(.text) refers (Special) to heapauxi.o(.text) for __use_two_region_memory
    startup_stm32g071xx.o(.text) refers to system_stm32g0xx.o(i.SystemInit) for SystemInit
    startup_stm32g071xx.o(.text) refers to __main.o(!!!main) for __main
    startup_stm32g071xx.o(.text) refers to startup_stm32g071xx.o(HEAP) for Heap_Mem
    startup_stm32g071xx.o(.text) refers to startup_stm32g071xx.o(STACK) for Stack_Mem
    main.o(i.HAL_TIM_PeriodElapsedCallback) refers to stm32g0xx_hal.o(i.HAL_IncTick) for HAL_IncTick
    main.o(i.SystemClock_Config) refers to rt_memclr.o(.text) for __aeabi_memclr4
    main.o(i.SystemClock_Config) refers to stm32g0xx_hal_pwr_ex.o(i.HAL_PWREx_ControlVoltageScaling) for HAL_PWREx_ControlVoltageScaling
    main.o(i.SystemClock_Config) refers to stm32g0xx_hal_rcc.o(i.HAL_RCC_OscConfig) for HAL_RCC_OscConfig
    main.o(i.SystemClock_Config) refers to main.o(i.Error_Handler) for Error_Handler
    main.o(i.SystemClock_Config) refers to stm32g0xx_hal_rcc.o(i.HAL_RCC_ClockConfig) for HAL_RCC_ClockConfig
    main.o(i.main) refers to stm32g0xx_hal.o(i.HAL_Init) for HAL_Init
    main.o(i.main) refers to main.o(i.SystemClock_Config) for SystemClock_Config
    main.o(i.main) refers to gpio.o(i.MX_GPIO_Init) for MX_GPIO_Init
    main.o(i.main) refers to elog.o(i.elog_init) for elog_init
    main.o(i.main) refers to elog.o(i.elog_set_fmt) for elog_set_fmt
    main.o(i.main) refers to elog.o(i.elog_start) for elog_start
    main.o(i.main) refers to __2printf.o(.text) for __2printf
    main.o(i.main) refers to cm_backtrace.o(i.cm_backtrace_init) for cm_backtrace_init
    main.o(i.main) refers to cmsis_os2.o(i.osKernelInitialize) for osKernelInitialize
    main.o(i.main) refers to app_freertos.o(i.MX_FREERTOS_Init) for MX_FREERTOS_Init
    main.o(i.main) refers to cmsis_os2.o(i.osKernelStart) for osKernelStart
    app_freertos.o(i.MX_FREERTOS_Init) refers to cmsis_os2.o(i.osThreadNew) for osThreadNew
    app_freertos.o(i.MX_FREERTOS_Init) refers to app_freertos.o(.constdata) for defaultTask_attributes
    app_freertos.o(i.MX_FREERTOS_Init) refers to app_freertos.o(i.StartDefaultTask) for StartDefaultTask
    app_freertos.o(i.MX_FREERTOS_Init) refers to app_freertos.o(.data) for defaultTaskHandle
    app_freertos.o(i.StartDefaultTask) refers to cmsis_os2.o(i.osDelay) for osDelay
    app_freertos.o(.constdata) refers to app_freertos.o(.conststring) for .conststring
    stm32g0xx_it.o(i.TIM7_LPTIM2_IRQHandler) refers to stm32g0xx_hal_tim.o(i.HAL_TIM_IRQHandler) for HAL_TIM_IRQHandler
    stm32g0xx_it.o(i.TIM7_LPTIM2_IRQHandler) refers to stm32g0xx_hal_timebase_tim.o(.bss) for htim7
    stm32g0xx_hal_msp.o(i.HAL_MspInit) refers to stm32g0xx_hal_cortex.o(i.HAL_NVIC_SetPriority) for HAL_NVIC_SetPriority
    stm32g0xx_hal_msp.o(i.HAL_MspInit) refers to stm32g0xx_hal.o(i.HAL_SYSCFG_StrobeDBattpinsConfig) for HAL_SYSCFG_StrobeDBattpinsConfig
    stm32g0xx_hal_timebase_tim.o(i.HAL_InitTick) refers to stm32g0xx_hal_cortex.o(i.HAL_NVIC_SetPriority) for HAL_NVIC_SetPriority
    stm32g0xx_hal_timebase_tim.o(i.HAL_InitTick) refers to stm32g0xx_hal_cortex.o(i.HAL_NVIC_EnableIRQ) for HAL_NVIC_EnableIRQ
    stm32g0xx_hal_timebase_tim.o(i.HAL_InitTick) refers to stm32g0xx_hal_rcc.o(i.HAL_RCC_GetClockConfig) for HAL_RCC_GetClockConfig
    stm32g0xx_hal_timebase_tim.o(i.HAL_InitTick) refers to stm32g0xx_hal_rcc.o(i.HAL_RCC_GetPCLK1Freq) for HAL_RCC_GetPCLK1Freq
    stm32g0xx_hal_timebase_tim.o(i.HAL_InitTick) refers to aeabi_sdiv.o(.text) for __aeabi_uidivmod
    stm32g0xx_hal_timebase_tim.o(i.HAL_InitTick) refers to stm32g0xx_hal_tim.o(i.HAL_TIM_Base_Init) for HAL_TIM_Base_Init
    stm32g0xx_hal_timebase_tim.o(i.HAL_InitTick) refers to stm32g0xx_hal_tim.o(i.HAL_TIM_Base_Start_IT) for HAL_TIM_Base_Start_IT
[...]
    __user_heap_extent                        - Undefined Weak Reference
    _atexit_init                              - Undefined Weak Reference
    _call_atexit_fns                          - Undefined Weak Reference
    _clock_init                               - Undefined Weak Reference
    _fp_trap_init                             - Undefined Weak Reference
    _fp_trap_shutdown                         - Undefined Weak Reference
    _get_lc_collate                           - Undefined Weak Reference
    _get_lc_monetary                          - Undefined Weak Reference
    _get_lc_time                              - Undefined Weak Reference
    _getenv_init                              - Undefined Weak Reference
    _handle_redirection                       - Undefined Weak Reference
    _mutex_acquire                            - Undefined Weak Reference
    _mutex_free                               - Undefined Weak Reference
    _mutex_release                            - Undefined Weak Reference
    _printf_mbtowc                            - Undefined Weak Reference
    _printf_wc                                - Undefined Weak Reference
    _rand_init                                - Undefined Weak Reference
    _signal_finish                            - Undefined Weak Reference
    _signal_init                              - Undefined Weak Reference
    __Vectors_Size                           0x000000bc   Number         0  startup_stm32g071xx.o ABSOLUTE
    Image$$ER_IROM1$$Base                    0x08000000   Number         0  anon$$obj.o ABSOLUTE
    __Vectors                                0x08000000   Data           4  startup_stm32g071xx.o(RESET)
    __Vectors_End                            0x080000bc   Data           0  startup_stm32g071xx.o(RESET)
    __main                                   0x080000bd   Thumb Code     8  __main.o(!!!main)
    __scatterload                            0x080000c5   Thumb Code     0  __scatter.o(!!!scatter)
    __scatterload_rt2                        0x080000c5   Thumb Code    52  __scatter.o(!!!scatter)
    __scatterload_rt2_thumb_only             0x080000c5   Thumb Code     0  __scatter.o(!!!scatter)
    __scatterload_null                       0x080000d5   Thumb Code     0  __scatter.o(!!!scatter)
    __scatterload_copy                       0x08000101   Thumb Code    26  __scatter_copy.o(!!handler_copy)
    __scatterload_zeroinit                   0x0800011d   Thumb Code    28  __scatter_zi.o(!!handler_zi)
    _printf_percent                          0x08000139   Thumb Code     0  _printf_percent.o(.ARM.Collect$$_printf_percent$$00000000)
    _printf_n                                0x0800013b   Thumb Code     0  _printf_n.o(.ARM.Collect$$_printf_percent$$00000001)
    _printf_p                                0x08000145   Thumb Code     0  _printf_p.o(.ARM.Collect$$_printf_percent$$00000002)
    _printf_f                                0x0800014f   Thumb Code     0  _printf_f.o(.ARM.Collect$$_printf_percent$$00000003)
    _printf_e                                0x08000159   Thumb Code     0  _printf_e.o(.ARM.Collect$$_printf_percent$$00000004)
    _printf_g                                0x08000163   Thumb Code     0  _printf_g.o(.ARM.Collect$$_printf_percent$$00000005)
    _printf_a                                0x0800016d   Thumb Code     0  _printf_a.o(.ARM.Collect$$_printf_percent$$00000006)
    _printf_ll                               0x08000177   Thumb Code     0  _printf_ll.o(.ARM.Collect$$_printf_percent$$00000007)
    _printf_i                                0x08000181   Thumb Code     0  _printf_i.o(.ARM.Collect$$_printf_percent$$00000008)
    _printf_d                                0x0800018b   Thumb Code     0  _printf_d.o(.ARM.Collect$$_printf_percent$$00000009)
    _printf_u                                0x08000195   Thumb Code     0  _printf_u.o(.ARM.Collect$$_printf_percent$$0000000A)
    _printf_o                                0x0800019f   Thumb Code     0  _printf_o.o(.ARM.Collect$$_printf_percent$$0000000B)
    _printf_x                                0x080001a9   Thumb Code     0  _printf_x.o(.ARM.Collect$$_printf_percent$$0000000C)
    _printf_lli                              0x080001b3   Thumb Code     0  _printf_lli.o(.ARM.Collect$$_printf_percent$$0000000D)
    _printf_lld                              0x080001bd   Thumb Code     0  _printf_lld.o(.ARM.Collect$$_printf_percent$$0000000E)
    _printf_llu                              0x080001c7   Thumb Code     0  _printf_llu.o(.ARM.Collect$$_printf_percent$$0000000F)
    _printf_llo                              0x080001d1   Thumb Code     0  _printf_llo.o(.ARM.Collect$$_printf_percent$$00000010)
    _printf_llx                              0x080001db   Thumb Code     0  _printf_llx.o(.ARM.Collect$$_printf_percent$$00000011)
    _printf_l                                0x080001e5   Thumb Code     0  _printf_l.o(.ARM.Collect$$_printf_percent$$00000012)
    _printf_c                                0x080001ef   Thumb Code     0  _printf_c.o(.ARM.Collect$$_printf_percent$$00000013)
    _printf_s                                0x080001f9   Thumb Code     0  _printf_s.o(.ARM.Collect$$_printf_percent$$00000014)
    _printf_lc                               0x08000203   Thumb Code     0  _printf_lc.o(.ARM.Collect$$_printf_percent$$00000015)
    _printf_ls                               0x0800020d   Thumb Code     0  _printf_ls.o(.ARM.Collect$$_printf_percent$$00000016)
    _printf_percent_end                      0x08000217   Thumb Code     0  _printf_percent_end.o(.ARM.Collect$$_printf_percent$$00000017)
    __rt_lib_init                            0x0800021b   Thumb Code     0  libinit.o(.ARM.Collect$$libinit$$00000000)
    __rt_lib_init_fp_1                       0x0800021d   Thumb Code     0  libinit2.o(.ARM.Collect$$libinit$$00000002)
    __rt_lib_init_heap_2                     0x0800021d   Thumb Code     0  libinit2.o(.ARM.Collect$$libinit$$00000005)
    __rt_lib_init_preinit_1                  0x0800021d   Thumb Code     0  libinit2.o(.ARM.Collect$$libinit$$00000004)
    __rt_lib_init_heap_1                     0x08000225   Thumb Code     0  libinit2.o(.ARM.Collect$$libinit$$0000000A)
    __rt_lib_init_lc_common                  0x08000225   Thumb Code     0  libinit2.o(.ARM.Collect$$libinit$$0000000F)
    __rt_lib_init_rand_1                     0x08000225   Thumb Code     0  libinit2.o(.ARM.Collect$$libinit$$0000000E)
    __rt_lib_init_user_alloc_1               0x08000225   Thumb Code     0  libinit2.o(.ARM.Collect$$libinit$$0000000C)
    __rt_lib_init_lc_collate_1               0x0800022b   Thumb Code     0  libinit2.o(.ARM.Collect$$libinit$$00000011)
    __rt_lib_init_lc_ctype_2                 0x0800022b   Thumb Code     0  libinit2.o(.ARM.Collect$$libinit$$00000012)
    __rt_lib_init_lc_ctype_1                 0x08000237   Thumb Code     0  libinit2.o(.ARM.Collect$$libinit$$00000013)
    __rt_lib_init_lc_monetary_1              0x08000237   Thumb Code     0  libinit2.o(.ARM.Collect$$libinit$$00000015)
    __rt_lib_init_lc_numeric_2               0x08000237   Thumb Code     0  libinit2.o(.ARM.Collect$$libinit$$00000016)
    __rt_lib_init_atexit_1                   0x08000241   Thumb Code     0  libinit2.o(.ARM.Collect$$libinit$$0000001B)
    __rt_lib_init_clock_1                    0x08000241   Thumb Code     0  libinit2.o(.ARM.Collect$$libinit$$00000021)
    __rt_lib_init_fp_trap_1                  0x08000241   Thumb Code     0  libinit2.o(.ARM.Collect$$libinit$$0000001F)
    __rt_lib_init_getenv_1                   0x08000241   Thumb Code     0  libinit2.o(.ARM.Collect$$libinit$$00000023)
    __rt_lib_init_lc_numeric_1               0x08000241   Thumb Code     0  libinit2.o(.ARM.Collect$$libinit$$00000017)
    __rt_lib_init_lc_time_1                  0x08000241   Thumb Code     0  libinit2.o(.ARM.Collect$$libinit$$00000019)
    __rt_lib_init_signal_1                   0x08000241   Thumb Code     0  libinit2.o(.ARM.Collect$$libinit$$0000001D)
    __rt_lib_init_stdio_2                    0x08000241   Thumb Code     0  libinit2.o(.ARM.Collect$$libinit$$00000024)
    __rt_lib_init_alloca_1                   0x08000245   Thumb Code     0  libinit2.o(.ARM.Collect$$libinit$$0000002E)
    __rt_lib_init_argv_1                     0x08000245   Thumb Code     0  libinit2.o(.ARM.Collect$$libinit$$0000002C)
    __rt_lib_init_cpp_1                      0x08000245   Thumb Code     0  libinit2.o(.ARM.Collect$$libinit$$00000032)
    __rt_lib_init_exceptions_1               0x08000245   Thumb Code     0  libinit2.o(.ARM.Collect$$libinit$$00000030)
    __rt_lib_init_return                     0x08000245   Thumb Code     0  libinit2.o(.ARM.Collect$$libinit$$00000033)
    __rt_lib_init_stdio_1                    0x08000245   Thumb Code     0  libinit2.o(.ARM.Collect$$libinit$$00000025)
    __rt_lib_shutdown                        0x08000247   Thumb Code     0  libshutdown.o(.ARM.Collect$$libshutdown$$00000000)
    __rt_lib_shutdown_cpp_1                  0x08000249   Thumb Code     0  libshutdown2.o(.ARM.Collect$$libshutdown$$00000002)
    __rt_lib_shutdown_stdio_2                0x08000249   Thumb Code     0  libshutdown2.o(.ARM.Collect$$libshutdown$$00000003)
    __rt_lib_shutdown_fp_trap_1              0x0800024d   Thumb Code     0  libshutdown2.o(.ARM.Collect$$libshutdown$$00000007)
    __rt_lib_shutdown_heap_1                 0x0800024d   Thumb Code     0  libshutdown2.o(.ARM.Collect$$libshutdown$$0000000F)
    __rt_lib_shutdown_return                 0x0800024d   Thumb Code     0  libshutdown2.o(.ARM.Collect$$libshutdown$$00000010)
    __rt_lib_shutdown_signal_1               0x0800024d   Thumb Code     0  libshutdown2.o(.ARM.Collect$$libshutdown$$0000000A)
    __rt_lib_shutdown_stdio_1                0x0800024d   Thumb Code     0  libshutdown2.o(.ARM.Collect$$libshutdown$$00000004)
    __rt_lib_shutdown_user_alloc_1           0x0800024d   Thumb Code     0  libshutdown2.o(.ARM.Collect$$libshutdown$$0000000C)
    __rt_entry                               0x0800024f   Thumb Code     0  __rtentry.o(.ARM.Collect$$rtentry$$00000000)
    __rt_entry_presh_1                       0x0800024f   Thumb Code     0  __rtentry2.o(.ARM.Collect$$rtentry$$00000002)
    __rt_entry_sh                            0x0800024f   Thumb Code     0  __rtentry4.o(.ARM.Collect$$rtentry$$00000004)
    __rt_entry_li                            0x08000255   Thumb Code     0  __rtentry2.o(.ARM.Collect$$rtentry$$0000000A)
    __rt_entry_postsh_1                      0x08000255   Thumb Code     0  __rtentry2.o(.ARM.Collect$$rtentry$$00000009)
    __rt_entry_main                          0x08000259   Thumb Code     0  __rtentry2.o(.ARM.Collect$$rtentry$$0000000D)
    __rt_entry_postli_1                      0x08000259   Thumb Code     0  __rtentry2.o(.ARM.Collect$$rtentry$$0000000C)
    __rt_exit                                0x08000261   Thumb Code     0  rtexit.o(.ARM.Collect$$rtexit$$00000000)
    __rt_exit_ls                             0x08000263   Thumb Code     0  rtexit2.o(.ARM.Collect$$rtexit$$00000003)
    __rt_exit_prels_1                        0x08000263   Thumb Code     0  rtexit2.o(.ARM.Collect$$rtexit$$00000002)
    __rt_exit_exit                           0x08000267   Thumb Code     0  rtexit2.o(.ARM.Collect$$rtexit$$00000004)
    __asm___6_port_c_39a90d8d__prvPortStartFirstTask 0x0800026d   Thumb Code    36  port.o(.emb_text)
    ulSetInterruptMaskFromISR                0x08000295   Thumb Code     8  port.o(.emb_text)
    vClearInterruptMaskFromISR               0x0800029d   Thumb Code     6  port.o(.emb_text)
    PendSV_Handler                           0x080002a3   Thumb Code    62  port.o(.emb_text)
    __asm___14_cm_backtrace_c_13c737ea__cmb_get_msp 0x080002e5   Thumb Code     6  cm_backtrace.o(.emb_text)
    __asm___14_cm_backtrace_c_13c737ea__cmb_get_psp 0x080002eb   Thumb Code     6  cm_backtrace.o(.emb_text)
    __asm___14_cm_backtrace_c_13c737ea__cmb_get_sp 0x080002f1   Thumb Code     4  cm_backtrace.o(.emb_text)
    __aeabi_memcpy4                          0x080002f5   Thumb Code    56  rt_memcpy.o(.emb_text)
    __aeabi_memcpy8                          0x080002f5   Thumb Code     0  rt_memcpy.o(.emb_text)
    Reset_Handler                            0x0800032d   Thumb Code     8  startup_stm32g071xx.o(.text)
    _maybe_terminate_alloc                   0x0800032d   Thumb Code     0  maybetermalloc1.o(.emb_text)
    ADC1_COMP_IRQHandler                     0x0800033f   Thumb Code     0  startup_stm32g071xx.o(.text)
    CEC_IRQHandler                           0x0800033f   Thumb Code     0  startup_stm32g071xx.o(.text)
    DMA1_Ch4_7_DMAMUX1_OVR_IRQHandler        0x0800033f   Thumb Code     0  startup_stm32g071xx.o(.text)
    DMA1_Channel1_IRQHandler                 0x0800033f   Thumb Code     0  startup_stm32g071xx.o(.text)
    DMA1_Channel2_3_IRQHandler               0x0800033f   Thumb Code     0  startup_stm32g071xx.o(.text)
    EXTI0_1_IRQHandler                       0x0800033f   Thumb Code     0  startup_stm32g071xx.o(.text)
    EXTI2_3_IRQHandler                       0x0800033f   Thumb Code     0  startup_stm32g071xx.o(.text)
    EXTI4_15_IRQHandler                      0x0800033f   Thumb Code     0  startup_stm32g071xx.o(.text)
    FLASH_IRQHandler                         0x0800033f   Thumb Code     0  startup_stm32g071xx.o(.text)
    I2C1_IRQHandler                          0x0800033f   Thumb Code     0  startup_stm32g071xx.o(.text)
    I2C2_IRQHandler                          0x0800033f   Thumb Code     0  startup_stm32g071xx.o(.text)
    PVD_IRQHandler                           0x0800033f   Thumb Code     0  startup_stm32g071xx.o(.text)
    RCC_IRQHandler                           0x0800033f   Thumb Code     0  startup_stm32g071xx.o(.text)
    RTC_TAMP_IRQHandler                      0x0800033f   Thumb Code     0  startup_stm32g071xx.o(.text)
    SPI1_IRQHandler                          0x0800033f   Thumb Code     0  startup_stm32g071xx.o(.text)
    SPI2_IRQHandler                          0x0800033f   Thumb Code     0  startup_stm32g071xx.o(.text)
    TIM14_IRQHandler                         0x0800033f   Thumb Code     0  startup_stm32g071xx.o(.text)
    TIM15_IRQHandler                         0x0800033f   Thumb Code     0  startup_stm32g071xx.o(.text)
    TIM16_IRQHandler                         0x0800033f   Thumb Code     0  startup_stm32g071xx.o(.text)
    TIM17_IRQHandler                         0x0800033f   Thumb Code     0  startup_stm32g071xx.o(.text)
    TIM1_BRK_UP_TRG_COM_IRQHandler           0x0800033f   Thumb Code     0  startup_stm32g071xx.o(.text)
    TIM1_CC_IRQHandler                       0x0800033f   Thumb Code     0  startup_stm32g071xx.o(.text)
    TIM2_IRQHandler                          0x0800033f   Thumb Code     0  startup_stm32g071xx.o(.text)
    TIM3_IRQHandler                          0x0800033f   Thumb Code     0  startup_stm32g071xx.o(.text)
    TIM6_DAC_LPTIM1_IRQHandler               0x0800033f   Thumb Code     0  startup_stm32g071xx.o(.text)
    UCPD1_2_IRQHandler                       0x0800033f   Thumb Code     0  startup_stm32g071xx.o(.text)
    USART1_IRQHandler                        0x0800033f   Thumb Code     0  startup_stm32g071xx.o(.text)
    USART2_IRQHandler                        0x0800033f   Thumb Code     0  startup_stm32g071xx.o(.text)
    USART3_4_LPUART1_IRQHandler              0x0800033f   Thumb Code     0  startup_stm32g071xx.o(.text)
    WWDG_IRQHandler                          0x0800033f   Thumb Code     0  startup_stm32g071xx.o(.text)
    __user_initial_stackheap                 0x08000341   Thumb Code     0  startup_stm32g071xx.o(.text)
    HardFault_Handler                        0x08000365   Thumb Code    12  cmb_fault.o(.text)
    vsnprintf                                0x08000371   Thumb Code    50  vsnprintf.o(.text)
    __2printf                                0x080003a9   Thumb Code    22  __2printf.o(.text)
    __2sprintf                               0x080003c5   Thumb Code    40  __2sprintf.o(.text)
    __2snprintf                              0x080003f1   Thumb Code    54  __2snprintf.o(.text)
    _printf_pre_padding                      0x0800042d   Thumb Code    44  _printf_pad.o(.text)
    _printf_post_padding                     0x08000459   Thumb Code    34  _printf_pad.o(.text)
    _printf_truncate_signed                  0x0800047b   Thumb Code    18  _printf_truncate.o(.text)
    _printf_truncate_unsigned                0x0800048d   Thumb Code    18  _printf_truncate.o(.text)
    _printf_str                              0x0800049f   Thumb Code    82  _printf_str.o(.text)
    _printf_int_dec                          0x080004f1   Thumb Code    90  _printf_dec.o(.text)
    _printf_charcount                        0x0800055d   Thumb Code    38  _printf_charcount.o(.text)
    _printf_wctomb                           0x08000585   Thumb Code   182  _printf_wctomb.o(.text)
    _printf_longlong_oct                     0x08000641   Thumb Code    68  _printf_oct_int_ll.o(.text)
    _printf_int_oct                          0x08000685   Thumb Code    24  _printf_oct_int_ll.o(.text)
    _printf_ll_oct                           0x0800069d   Thumb Code    10  _printf_oct_int_ll.o(.text)
    _printf_longlong_hex                     0x080006b1   Thumb Code    88  _printf_hex_int_ll_ptr.o(.text)
    _printf_int_hex                          0x08000709   Thumb Code    28  _printf_hex_int_ll_ptr.o(.text)
    _printf_ll_hex                           0x08000725   Thumb Code    10  _printf_hex_int_ll_ptr.o(.text)
    _printf_hex_ptr                          0x0800072f   Thumb Code    22  _printf_hex_int_ll_ptr.o(.text)
    __printf                                 0x08000749   Thumb Code   386  __printf_flags_ss_wp.o(.text)
    strstr                                   0x080008d1   Thumb Code    40  strstr.o(.text)
    strlen                                   0x080008f9   Thumb Code    62  strlen.o(.text)
    strncmp                                  0x0800093d   Thumb Code   154  strncmp.o(.text)
    __aeabi_memcpy                           0x080009dd   Thumb Code   130  rt_memcpy.o(.text)
    __rt_memcpy                              0x080009dd   Thumb Code     0  rt_memcpy.o(.text)
    __aeabi_memset                           0x08000a5f   Thumb Code    18  aeabi_memset.o(.text)
    _memset_w                                0x08000a71   Thumb Code    26  rt_memclr.o(.text)
    _memset                                  0x08000a8b   Thumb Code    30  rt_memclr.o(.text)
    __aeabi_memclr                           0x08000aa9   Thumb Code     4  rt_memclr.o(.text)
    __rt_memclr                              0x08000aa9   Thumb Code     0  rt_memclr.o(.text)
    __aeabi_memclr4                          0x08000aad   Thumb Code     0  rt_memclr.o(.text)
    __aeabi_memclr8                          0x08000aad   Thumb Code     0  rt_memclr.o(.text)
    __rt_memclr_w                            0x08000aad   Thumb Code     4  rt_memclr.o(.text)
    strncpy                                  0x08000ab1   Thumb Code   104  strncpy.o(.text)
    __aeabi_uidiv                            0x08000b1d   Thumb Code     0  aeabi_sdiv.o(.text)
    __aeabi_uidivmod                         0x08000b1d   Thumb Code    20  aeabi_sdiv.o(.text)
    __aeabi_idiv                             0x08000b31   Thumb Code     0  aeabi_sdiv.o(.text)
    __aeabi_idivmod                          0x08000b31   Thumb Code   326  aeabi_sdiv.o(.text)
    __use_two_region_memory                  0x08000c77   Thumb Code     2  heapauxi.o(.text)
    __rt_heap_escrow                         0x08000c79   Thumb Code     2  heapauxi.o(.text)
    __rt_heap_expand                         0x08000c7b   Thumb Code     2  heapauxi.o(.text)
    _printf_int_common                       0x08000c7d   Thumb Code   176  _printf_intcommon.o(.text)
    _printf_char_common                      0x08000d37   Thumb Code    32  _printf_char_common.o(.text)
    _sputc                                   0x08000d5d   Thumb Code    10  _sputc.o(.text)
    _snputc                                  0x08000d67   Thumb Code    16  _snputc.o(.text)
    _printf_cs_common                        0x08000d77   Thumb Code    22  _printf_char.o(.text)
    _printf_char                             0x08000d8d   Thumb Code    16  _printf_char.o(.text)
    _printf_string                           0x08000d9d   Thumb Code     8  _printf_char.o(.text)
    _printf_char_file                        0x08000da5   Thumb Code    34  _printf_char_file.o(.text)
    _printf_lcs_common                       0x08000dcd   Thumb Code    22  _printf_wchar.o(.text)
    _printf_wchar                            0x08000de3   Thumb Code    16  _printf_wchar.o(.text)
    _printf_wstring                          0x08000df3   Thumb Code     8  _printf_wchar.o(.text)
    _printf_longlong_dec                     0x08000dfd   Thumb Code    94  _printf_longlong_dec.o(.text)
    _wcrtomb                                 0x08000e6d   Thumb Code    64  _wcrtomb.o(.text)
    __rt_udiv10                              0x08000ead   Thumb Code    40  rtudiv10.o(.text)
    __rt_ctype_table                         0x08000ed5   Thumb Code    16  rt_ctype_table.o(.text)
    _ll_udiv10                               0x08000ee5   Thumb Code   122  lludiv10.o(.text)
    __lib_sel_fp_printf                      0x08000f61   Thumb Code     2  _printf_fp_dec.o(.text)
    _printf_fp_dec_real                      0x080010fb   Thumb Code   620  _printf_fp_dec.o(.text)
    _printf_fp_hex_real                      0x08001375   Thumb Code   718  _printf_fp_hex.o(.text)
    ferror                                   0x0800164d   Thumb Code     8  ferror.o(.text)
    _initio                                  0x08001655   Thumb Code   216  initio.o(.text)
    _terminateio                             0x0800172d   Thumb Code    56  initio.o(.text)
    _sys_open                                0x08001791   Thumb Code    20  sys_io.o(.text)
    _sys_close                               0x080017a5   Thumb Code    12  sys_io.o(.text)
    _sys_write                               0x080017b1   Thumb Code    16  sys_io.o(.text)
    _sys_read                                0x080017c1   Thumb Code    14  sys_io.o(.text)
    _sys_istty                               0x080017cf   Thumb Code    12  sys_io.o(.text)
    _sys_seek                                0x080017db   Thumb Code    14  sys_io.o(.text)
    _sys_ensure                              0x080017e9   Thumb Code     2  sys_io.o(.text)
    _sys_flen                                0x080017eb   Thumb Code    12  sys_io.o(.text)
    __user_setup_stackheap                   0x080017f7   Thumb Code    62  sys_stackheap_outer.o(.text)
    __rt_locale                              0x08001835   Thumb Code     8  rt_locale_intlibspace.o(.text)
    free                                     0x0800183d   Thumb Code    76  h1_free.o(.text)
    _printf_fp_infnan                        0x08001889   Thumb Code   120  _printf_fp_infnan.o(.text)
    _btod_etento                             0x08001911   Thumb Code   196  bigflt0.o(.text)
    _btod_d2e                                0x080019d9   Thumb Code    64  btod.o(.text)
    _btod_emul                               0x08001dcf   Thumb Code    24  btod.o(.text)
    _btod_emuld                              0x08001de7   Thumb Code    88  btod.o(.text)
    _btod_ediv                               0x08001e3f   Thumb Code    22  btod.o(.text)
    _btod_edivd                              0x08001e55   Thumb Code    60  btod.o(.text)
    __flsbuf                                 0x08001ea1   Thumb Code   486  flsbuf.o(.text)
    __flsbuf_byte                            0x08001ea1   Thumb Code     0  flsbuf.o(.text)
    __flsbuf_wide                            0x08001ea1   Thumb Code     0  flsbuf.o(.text)
    setvbuf                                  0x08002091   Thumb Code    72  setvbuf.o(.text)
    freopen                                  0x080020dd   Thumb Code   148  fopen.o(.text)
    fopen                                    0x08002171   Thumb Code    76  fopen.o(.text)
    _fclose_internal                         0x080021c5   Thumb Code    72  fclose.o(.text)
    fclose                                   0x080021c5   Thumb Code     0  fclose.o(.text)
    exit                                     0x08002211   Thumb Code    16  exit.o(.text)
    __rt_SIGRTRED                            0x08002221   Thumb Code    12  defsig_rtred_outer.o(.text)
    __user_libspace                          0x0800222d   Thumb Code     8  libspace.o(.text)
    __user_perproc_libspace                  0x0800222d   Thumb Code     0  libspace.o(.text)
    __user_perthread_libspace                0x0800222d   Thumb Code     0  libspace.o(.text)
    __I$use$semihosting                      0x08002235   Thumb Code     0  use_no_semi.o(.text)
    __use_no_semihosting_swi                 0x08002235   Thumb Code     2  use_no_semi.o(.text)
    __semihosting_library_function           0x08002237   Thumb Code     0  indicate_semi.o(.text)
    __rt_heap_descriptor                     0x08002239   Thumb Code     8  rt_heap_descriptor_intlibspace.o(.text)
    __use_no_heap                            0x08002241   Thumb Code     2  hguard.o(.text)
    __heap$guard                             0x08002243   Thumb Code     2  hguard.o(.text)
    _terminate_user_alloc                    0x08002245   Thumb Code     2  init_alloc.o(.text)
    _init_user_alloc                         0x08002247   Thumb Code     2  init_alloc.o(.text)
    __Heap_Full                              0x08002249   Thumb Code    32  init_alloc.o(.text)
    __Heap_Broken                            0x08002269   Thumb Code    10  init_alloc.o(.text)
    _init_alloc                              0x08002273   Thumb Code    90  init_alloc.o(.text)
    malloc                                   0x080022cd   Thumb Code    98  h1_alloc.o(.text)
    _fseek                                   0x08002331   Thumb Code   240  fseek.o(.text)
    fseek                                    0x08002331   Thumb Code     0  fseek.o(.text)
    _seterr                                  0x08002425   Thumb Code    20  stdio.o(.text)
    _writebuf                                0x08002439   Thumb Code    76  stdio.o(.text)
    _fflush                                  0x08002485   Thumb Code    76  stdio.o(.text)
    _deferredlazyseek                        0x080024d1   Thumb Code    60  stdio.o(.text)
    __sig_exit                               0x08002515   Thumb Code    12  defsig_exit.o(.text)
    __rt_SIGRTRED_inner                      0x08002521   Thumb Code    14  defsig_rtred_inner.o(.text)
    strcmp                                   0x08002555   Thumb Code   132  strcmp.o(.text)
    _sys_exit                                0x080025dd   Thumb Code     8  sys_exit.o(.text)
    __Heap_Initialize                        0x080025e9   Thumb Code    10  h1_init.o(.text)
    __Heap_DescSize                          0x080025f3   Thumb Code     4  h1_init.o(.text)
    __Heap_ProvideMemory                     0x080025f7   Thumb Code    52  h1_extend.o(.text)
    _ftell_internal                          0x0800262b   Thumb Code    66  ftell.o(.text)
    ftell                                    0x0800262b   Thumb Code     0  ftell.o(.text)
    __default_signal_display                 0x0800266d   Thumb Code    52  defsig_general.o(.text)
    __rt_SIGRTMEM                            0x080026a1   Thumb Code    12  defsig_rtmem_outer.o(.text)
    _ttywrch                                 0x080026ad   Thumb Code    12  sys_wrch.o(.text)
    __aeabi_errno_addr                       0x080026b9   Thumb Code     8  rt_errno_addr_intlibspace.o(.text)
    __errno$intlibspace                      0x080026b9   Thumb Code     0  rt_errno_addr_intlibspace.o(.text)
    __rt_errno_addr$intlibspace              0x080026b9   Thumb Code     0  rt_errno_addr_intlibspace.o(.text)
    __rt_SIGRTMEM_inner                      0x080026c1   Thumb Code    22  defsig_rtmem_inner.o(.text)
    Error_Handler                            0x08002711   Thumb Code     6  main.o(i.Error_Handler)
    HAL_GetTick                              0x08002719   Thumb Code     6  stm32g0xx_hal.o(i.HAL_GetTick)
    HAL_IncTick                              0x08002725   Thumb Code    16  stm32g0xx_hal.o(i.HAL_IncTick)
    HAL_Init                                 0x0800273d   Thumb Code    40  stm32g0xx_hal.o(i.HAL_Init)
    HAL_InitTick                             0x08002769   Thumb Code   120  stm32g0xx_hal_timebase_tim.o(i.HAL_InitTick)
    HAL_MspInit                              0x080027f5   Thumb Code    82  stm32g0xx_hal_msp.o(i.HAL_MspInit)
    HAL_NVIC_EnableIRQ                       0x0800284d   Thumb Code    30  stm32g0xx_hal_cortex.o(i.HAL_NVIC_EnableIRQ)
    HAL_NVIC_SetPriority                     0x08002871   Thumb Code    18  stm32g0xx_hal_cortex.o(i.HAL_NVIC_SetPriority)
    HAL_PWREx_ControlVoltageScaling          0x08002885   Thumb Code    76  stm32g0xx_hal_pwr_ex.o(i.HAL_PWREx_ControlVoltageScaling)
    HAL_RCC_ClockConfig                      0x080028dd   Thumb Code   442  stm32g0xx_hal_rcc.o(i.HAL_RCC_ClockConfig)
    HAL_RCC_GetClockConfig                   0x08002ab1   Thumb Code    50  stm32g0xx_hal_rcc.o(i.HAL_RCC_GetClockConfig)
    HAL_RCC_GetHCLKFreq                      0x08002aed   Thumb Code     6  stm32g0xx_hal_rcc.o(i.HAL_RCC_GetHCLKFreq)
    HAL_RCC_GetPCLK1Freq                     0x08002af9   Thumb Code    32  stm32g0xx_hal_rcc.o(i.HAL_RCC_GetPCLK1Freq)
    HAL_RCC_GetSysClockFreq                  0x08002b21   Thumb Code   216  stm32g0xx_hal_rcc.o(i.HAL_RCC_GetSysClockFreq)
    HAL_RCC_OscConfig                        0x08002c05   Thumb Code  1450  stm32g0xx_hal_rcc.o(i.HAL_RCC_OscConfig)
    HAL_SYSCFG_StrobeDBattpinsConfig         0x080031c1   Thumb Code    18  stm32g0xx_hal.o(i.HAL_SYSCFG_StrobeDBattpinsConfig)
    HAL_TIMEx_Break2Callback                 0x080031d9   Thumb Code     2  stm32g0xx_hal_tim_ex.o(i.HAL_TIMEx_Break2Callback)
    HAL_TIMEx_BreakCallback                  0x080031db   Thumb Code     2  stm32g0xx_hal_tim_ex.o(i.HAL_TIMEx_BreakCallback)
    HAL_TIMEx_CommutCallback                 0x080031dd   Thumb Code     2  stm32g0xx_hal_tim_ex.o(i.HAL_TIMEx_CommutCallback)
    HAL_TIM_Base_Init                        0x080031df   Thumb Code   108  stm32g0xx_hal_tim.o(i.HAL_TIM_Base_Init)
    HAL_TIM_Base_MspInit                     0x0800324b   Thumb Code     2  stm32g0xx_hal_tim.o(i.HAL_TIM_Base_MspInit)
    HAL_TIM_Base_Start_IT                    0x0800324d   Thumb Code   114  stm32g0xx_hal_tim.o(i.HAL_TIM_Base_Start_IT)
    HAL_TIM_IC_CaptureCallback               0x080032d1   Thumb Code     2  stm32g0xx_hal_tim.o(i.HAL_TIM_IC_CaptureCallback)
    HAL_TIM_IRQHandler                       0x080032d5   Thumb Code   498  stm32g0xx_hal_tim.o(i.HAL_TIM_IRQHandler)
    HAL_TIM_OC_DelayElapsedCallback          0x080034cd   Thumb Code     2  stm32g0xx_hal_tim.o(i.HAL_TIM_OC_DelayElapsedCallback)
    HAL_TIM_PWM_PulseFinishedCallback        0x080034cf   Thumb Code     2  stm32g0xx_hal_tim.o(i.HAL_TIM_PWM_PulseFinishedCallback)
    HAL_TIM_PeriodElapsedCallback            0x080034d1   Thumb Code    18  main.o(i.HAL_TIM_PeriodElapsedCallback)
    HAL_TIM_TriggerCallback                  0x080034e9   Thumb Code     2  stm32g0xx_hal_tim.o(i.HAL_TIM_TriggerCallback)
    MX_FREERTOS_Init                         0x080034ed   Thumb Code    18  app_freertos.o(i.MX_FREERTOS_Init)
    MX_GPIO_Init                             0x0800350d   Thumb Code    60  gpio.o(i.MX_GPIO_Init)
    NMI_Handler                              0x0800354d   Thumb Code     4  stm32g0xx_it.o(i.NMI_Handler)
    SVC_Handler                              0x08003551   Thumb Code     2  port.o(i.SVC_Handler)
    StartDefaultTask                         0x08003553   Thumb Code    10  app_freertos.o(i.StartDefaultTask)
    SysTick_Handler                          0x0800355d   Thumb Code    20  cmsis_os2.o(i.SysTick_Handler)
    SystemClock_Config                       0x08003575   Thumb Code   114  main.o(i.SystemClock_Config)
    SystemInit                               0x080035e7   Thumb Code     2  system_stm32g0xx.o(i.SystemInit)
    TIM7_LPTIM2_IRQHandler                   0x080035e9   Thumb Code    10  stm32g0xx_it.o(i.TIM7_LPTIM2_IRQHandler)
    TIM_Base_SetConfig                       0x080035f9   Thumb Code   150  stm32g0xx_hal_tim.o(i.TIM_Base_SetConfig)
    __ARM_common_ll_muluu                    0x080036a9   Thumb Code    48  btod.o(i.__ARM_common_ll_muluu)
    __ARM_common_switch8                     0x080036d9   Thumb Code    28  stm32g0xx_hal_dma.o(i.__ARM_common_switch8)
    __ARM_fpclassify                         0x080036f5   Thumb Code    40  fpclassify.o(i.__ARM_fpclassify)
    _is_digit                                0x08003817   Thumb Code    14  __printf_wp.o(i._is_digit)
    cm_backtrace_call_stack                  0x08003825   Thumb Code   278  cm_backtrace.o(i.cm_backtrace_call_stack)
    cm_backtrace_fault                       0x0800395d   Thumb Code   420  cm_backtrace.o(i.cm_backtrace_fault)
    cm_backtrace_firmware_info               0x08003bdd   Thumb Code    24  cm_backtrace.o(i.cm_backtrace_firmware_info)
    cm_backtrace_init                        0x08003c09   Thumb Code   104  cm_backtrace.o(i.cm_backtrace_init)
    elog_get_filter_tag_lvl                  0x08003dc1   Thumb Code   166  elog.o(i.elog_get_filter_tag_lvl)
    elog_init                                0x08003ed1   Thumb Code    70  elog.o(i.elog_init)
    elog_output                              0x08003f1d   Thumb Code   902  elog.o(i.elog_output)
    elog_output_lock                         0x08004351   Thumb Code    30  elog.o(i.elog_output_lock)
    elog_output_lock_enabled                 0x08004375   Thumb Code    58  elog.o(i.elog_output_lock_enabled)
    elog_output_unlock                       0x080043b5   Thumb Code    30  elog.o(i.elog_output_unlock)
    elog_port_get_p_info                     0x080043d9   Thumb Code     4  elog_port.o(i.elog_port_get_p_info)
    elog_port_get_t_info                     0x080043e1   Thumb Code     4  elog_port.o(i.elog_port_get_t_info)
    elog_port_get_time                       0x080043e9   Thumb Code     4  elog_port.o(i.elog_port_get_time)
    elog_port_init                           0x080043f1   Thumb Code     4  elog_port.o(i.elog_port_init)
    elog_port_output                         0x080043f5   Thumb Code     2  elog_port.o(i.elog_port_output)
    elog_port_output_lock                    0x080043f7   Thumb Code     2  elog_port.o(i.elog_port_output_lock)
    elog_port_output_unlock                  0x080043f9   Thumb Code     2  elog_port.o(i.elog_port_output_unlock)
    elog_set_filter_lvl                      0x080043fd   Thumb Code    76  elog.o(i.elog_set_filter_lvl)
    elog_set_fmt                             0x080044f5   Thumb Code    80  elog.o(i.elog_set_fmt)
    elog_set_output_enabled                  0x080045b5   Thumb Code    80  elog.o(i.elog_set_output_enabled)
    elog_set_text_color_enabled              0x08004681   Thumb Code    80  elog.o(i.elog_set_text_color_enabled)
    elog_start                               0x0800474d   Thumb Code    46  elog.o(i.elog_start)
    elog_strcpy                              0x080047d9   Thumb Code   168  elog_utils.o(i.elog_strcpy)
    fputc                                    0x080048dd   Thumb Code    30  fputc.o(i.fputc)
    main                                     0x08004a95   Thumb Code   100  main.o(i.main)
    osDelay                                  0x08004b29   Thumb Code    34  cmsis_os2.o(i.osDelay)
    osKernelInitialize                       0x08004b4d   Thumb Code    42  cmsis_os2.o(i.osKernelInitialize)
    osKernelStart                            0x08004b7d   Thumb Code    58  cmsis_os2.o(i.osKernelStart)
    osThreadNew                              0x08004bbd   Thumb Code   206  cmsis_os2.o(i.osThreadNew)
    pvPortMalloc                             0x080056e5   Thumb Code   274  heap_4.o(i.pvPortMalloc)
    pxPortInitialiseStack                    0x08005811   Thumb Code    26  port.o(i.pxPortInitialiseStack)
    uxListRemove                             0x08005831   Thumb Code    40  list.o(i.uxListRemove)
    vApplicationGetIdleTaskMemory            0x08005859   Thumb Code    14  cmsis_os2.o(i.vApplicationGetIdleTaskMemory)
    vApplicationGetTimerTaskMemory           0x08005871   Thumb Code    16  cmsis_os2.o(i.vApplicationGetTimerTaskMemory)
    vListInitialise                          0x08005889   Thumb Code    26  list.o(i.vListInitialise)
    vListInitialiseItem                      0x080058a3   Thumb Code     6  list.o(i.vListInitialiseItem)
    vListInsert                              0x080058a9   Thumb Code    54  list.o(i.vListInsert)
    vListInsertEnd                           0x080058df   Thumb Code    24  list.o(i.vListInsertEnd)
    vPortEnterCritical                       0x080058f9   Thumb Code    22  port.o(i.vPortEnterCritical)
    vPortExitCritical                        0x08005915   Thumb Code    36  port.o(i.vPortExitCritical)
    vPortFree                                0x0800593d   Thumb Code   130  heap_4.o(i.vPortFree)
    vPortSetupTimerInterrupt                 0x080059cd   Thumb Code    34  port.o(i.vPortSetupTimerInterrupt)
    vPortYield                               0x080059f9   Thumb Code    18  port.o(i.vPortYield)
    vQueueAddToRegistry                      0x08005a11   Thumb Code    40  queue.o(i.vQueueAddToRegistry)
    vQueueWaitForMessageRestricted           0x08005a3d   Thumb Code    76  queue.o(i.vQueueWaitForMessageRestricted)
    vTaskDelay                               0x08005a89   Thumb Code    62  tasks.o(i.vTaskDelay)
    vTaskInternalSetTimeOutState             0x08005acd   Thumb Code    14  tasks.o(i.vTaskInternalSetTimeOutState)
    vTaskMissedYield                         0x08005ae5   Thumb Code     8  tasks.o(i.vTaskMissedYield)
    vTaskName                                0x08005af1   Thumb Code     8  tasks.o(i.vTaskName)
    vTaskPlaceOnEventList                    0x08005afd   Thumb Code    38  tasks.o(i.vTaskPlaceOnEventList)
    vTaskPlaceOnEventListRestricted          0x08005b29   Thumb Code    48  tasks.o(i.vTaskPlaceOnEventListRestricted)
    vTaskStackAddr                           0x08005b5d   Thumb Code     8  tasks.o(i.vTaskStackAddr)
    vTaskStackSize                           0x08005b69   Thumb Code     8  tasks.o(i.vTaskStackSize)
    vTaskStartScheduler                      0x08005b75   Thumb Code   130  tasks.o(i.vTaskStartScheduler)
    vTaskSuspendAll                          0x08005c15   Thumb Code    12  tasks.o(i.vTaskSuspendAll)
    vTaskSwitchContext                       0x08005c25   Thumb Code   108  tasks.o(i.vTaskSwitchContext)
    xPortStartScheduler                      0x08005ca5   Thumb Code    48  port.o(i.xPortStartScheduler)
    xPortSysTickHandler                      0x08005cdd   Thumb Code    32  port.o(i.xPortSysTickHandler)
    xQueueGenericCreateStatic                0x08005d01   Thumb Code   160  queue.o(i.xQueueGenericCreateStatic)
    xQueueGenericReset                       0x08005da1   Thumb Code   130  queue.o(i.xQueueGenericReset)
    xQueueGenericSend                        0x08005e23   Thumb Code   346  queue.o(i.xQueueGenericSend)
    xQueueGenericSendFromISR                 0x08005f7d   Thumb Code   192  queue.o(i.xQueueGenericSendFromISR)
    xQueueReceive                            0x0800603d   Thumb Code   312  queue.o(i.xQueueReceive)
    xTaskCheckForTimeOut                     0x08006175   Thumb Code   106  tasks.o(i.xTaskCheckForTimeOut)
    xTaskCreate                              0x080061e9   Thumb Code    98  tasks.o(i.xTaskCreate)
    xTaskCreateStatic                        0x0800624b   Thumb Code   136  tasks.o(i.xTaskCreateStatic)
    xTaskGetSchedulerState                   0x080062d5   Thumb Code    28  tasks.o(i.xTaskGetSchedulerState)
    xTaskGetTickCount                        0x080062f9   Thumb Code     6  tasks.o(i.xTaskGetTickCount)
    xTaskIncrementTick                       0x08006305   Thumb Code   270  tasks.o(i.xTaskIncrementTick)
    xTaskPriorityDisinherit                  0x08006441   Thumb Code   124  tasks.o(i.xTaskPriorityDisinherit)
    xTaskRemoveFromEventList                 0x080064c9   Thumb Code   112  tasks.o(i.xTaskRemoveFromEventList)
    xTaskResumeAll                           0x08006551   Thumb Code   206  tasks.o(i.xTaskResumeAll)
    xTimerCreateTimerTask                    0x08006641   Thumb Code    90  timers.o(i.xTimerCreateTimerTask)
    xTimerGenericCommand                     0x080066b1   Thumb Code   110  timers.o(i.xTimerGenericCommand)
    _get_lc_ctype                            0x08006725   Thumb Code    44  lc_ctype_c.o(locale$$code)
    _get_lc_numeric                          0x08006751   Thumb Code    44  lc_numeric_c.o(locale$$code)
    _printf_fp_dec                           0x0800677d   Thumb Code    16  printf1.o(x$fpl$printf1)
    _printf_fp_hex                           0x0800678d   Thumb Code    16  printf2.o(x$fpl$printf2)
    __I$use$fp                               0x0800679c   Number         0  usenofp.o(x$fpl$usenofp)
    defaultTask_attributes                   0x080067a4   Data          36  app_freertos.o(.constdata)
    AHBPrescTable                            0x080067d0   Data          64  system_stm32g0xx.o(.constdata)
    APBPrescTable                            0x08006810   Data          32  system_stm32g0xx.o(.constdata)
    __stdin_name                             0x08006a9b   Data           4  sys_io.o(.constdata)
    __stdout_name                            0x08006a9f   Data           4  sys_io.o(.constdata)
    __stderr_name                            0x08006aa3   Data           4  sys_io.o(.constdata)
    Region$$Table$$Base                      0x08007454   Number         0  anon$$obj.o(Region$$Table)
    Region$$Table$$Limit                     0x08007474   Number         0  anon$$obj.o(Region$$Table)
    __ctype                                  0x08007481   Data           0  lc_ctype_c.o(locale$$data)
    Image$$ER_IROM1$$Limit                   0x080075a0   Number         0  anon$$obj.o ABSOLUTE
    defaultTaskHandle                        0x20000000   Data           4  app_freertos.o(.data)
    uwTick                                   0x20000004   Data           4  stm32g0xx_hal.o(.data)
    uwTickPrio                               0x20000008   Data           4  stm32g0xx_hal.o(.data)
    uwTickFreq                               0x2000000c   Data           1  stm32g0xx_hal.o(.data)
    SystemCoreClock                          0x20000010   Data           4  system_stm32g0xx.o(.data)
    pxCurrentTCB                             0x20000014   Data           4  tasks.o(.data)
    elog_assert_hook                         0x200000bc   Data           4  elog.o(.data)
    __aeabi_stdin                            0x200000d4   Data           4  stdio_streams.o(.data)
    __aeabi_stdout                           0x200000d8   Data           4  stdio_streams.o(.data)
    __aeabi_stderr                           0x200000dc   Data           4  stdio_streams.o(.data)
    htim7                                    0x200000e0   Data          76  stm32g0xx_hal_timebase_tim.o(.bss)
    xQueueRegistry                           0x2000012c   Data          64  queue.o(.bss)
    __stdin                                  0x200020c8   Data          84  stdio_streams.o(.bss)
    __stdout                                 0x2000211c   Data          84  stdio_streams.o(.bss)
    __stderr                                 0x20002170   Data          84  stdio_streams.o(.bss)
    __libspace_start                         0x200021c4   Data          96  libspace.o(.bss)
    __temporary_stack_top$libspace           0x20002224   Data           0  libspace.o(.bss)
    STACK$$Base                              0x20002428   Number         0  startup_stm32g071xx.o(STACK)
    STACK$$Limit                             0x20002828   Number         0  startup_stm32g071xx.o(STACK)



==============================================================================

Memory Map of the image

  Image Entry point : 0x080000bd

  Load Region LR_IROM1 (Base: 0x08000000, Size: 0x00007680, Max: 0x00020000, ABSOLUTE)

    Execution Region ER_IROM1 (Base: 0x08000000, Size: 0x000075a0, Max: 0x00020000, ABSOLUTE)

    Base Addr    Size         Type   Attr      Idx    E Section Name        Object

    0x08000000   0x000000bc   Data   RO            3    RESET               startup_stm32g071xx.o
    0x080000bc   0x00000008   Code   RO         5026  * !!!main             c_p.l(__main.o)
    0x080000c4   0x0000003c   Code   RO         5451    !!!scatter          c_p.l(__scatter.o)
    0x08000100   0x0000001a   Code   RO         5453    !!handler_copy      c_p.l(__scatter_copy.o)
    0x0800011a   0x00000002   PAD
    0x0800011c   0x0000001c   Code   RO         5455    !!handler_zi        c_p.l(__scatter_zi.o)
    0x08000138   0x00000002   Code   RO         4998    .ARM.Collect$$_printf_percent$$00000000  c_p.l(_printf_percent.o)
    0x0800013a   0x0000000a   Code   RO         4991    .ARM.Collect$$_printf_percent$$00000001  c_p.l(_printf_n.o)
    0x08000144   0x0000000a   Code   RO         4993    .ARM.Collect$$_printf_percent$$00000002  c_p.l(_printf_p.o)
    0x0800014e   0x0000000a   Code   RO         5049    .ARM.Collect$$_printf_percent$$00000003  c_p.l(_printf_f.o)
    0x08000158   0x0000000a   Code   RO         5050    .ARM.Collect$$_printf_percent$$00000004  c_p.l(_printf_e.o)
    0x08000162   0x0000000a   Code   RO         5051    .ARM.Collect$$_printf_percent$$00000005  c_p.l(_printf_g.o)
    0x0800016c   0x0000000a   Code   RO         5052    .ARM.Collect$$_printf_percent$$00000006  c_p.l(_printf_a.o)
    0x08000176   0x0000000a   Code   RO         5057    .ARM.Collect$$_printf_percent$$00000007  c_p.l(_printf_ll.o)
    0x08000180   0x0000000a   Code   RO         4995    .ARM.Collect$$_printf_percent$$00000008  c_p.l(_printf_i.o)
    0x0800018a   0x0000000a   Code   RO         4996    .ARM.Collect$$_printf_percent$$00000009  c_p.l(_printf_d.o)
    0x08000194   0x0000000a   Code   RO         4997    .ARM.Collect$$_printf_percent$$0000000A  c_p.l(_printf_u.o)
    0x0800019e   0x0000000a   Code   RO         4994    .ARM.Collect$$_printf_percent$$0000000B  c_p.l(_printf_o.o)
    0x080001a8   0x0000000a   Code   RO         4992    .ARM.Collect$$_printf_percent$$0000000C  c_p.l(_printf_x.o)
    0x080001b2   0x0000000a   Code   RO         5054    .ARM.Collect$$_printf_percent$$0000000D  c_p.l(_printf_lli.o)
    0x080001bc   0x0000000a   Code   RO         5055    .ARM.Collect$$_printf_percent$$0000000E  c_p.l(_printf_lld.o)
    0x080001c6   0x0000000a   Code   RO         5056    .ARM.Collect$$_printf_percent$$0000000F  c_p.l(_printf_llu.o)
    0x080001d0   0x0000000a   Code   RO         5060    .ARM.Collect$$_printf_percent$$00000010  c_p.l(_printf_llo.o)
    0x080001da   0x0000000a   Code   RO         5061    .ARM.Collect$$_printf_percent$$00000011  c_p.l(_printf_llx.o)
    0x080001e4   0x0000000a   Code   RO         5058    .ARM.Collect$$_printf_percent$$00000012  c_p.l(_printf_l.o)
    0x080001ee   0x0000000a   Code   RO         4989    .ARM.Collect$$_printf_percent$$00000013  c_p.l(_printf_c.o)
    0x080001f8   0x0000000a   Code   RO         4990    .ARM.Collect$$_printf_percent$$00000014  c_p.l(_printf_s.o)
    0x08000202   0x0000000a   Code   RO         4999    .ARM.Collect$$_printf_percent$$00000015  c_p.l(_printf_lc.o)
    0x0800020c   0x0000000a   Code   RO         5059    .ARM.Collect$$_printf_percent$$00000016  c_p.l(_printf_ls.o)
    0x08000216   0x00000004   Code   RO         5053    .ARM.Collect$$_printf_percent$$00000017  c_p.l(_printf_percent_end.o)
    0x0800021a   0x00000002   Code   RO         5236    .ARM.Collect$$libinit$$00000000  c_p.l(libinit.o)
    0x0800021c   0x00000000   Code   RO         5238    .ARM.Collect$$libinit$$00000002  c_p.l(libinit2.o)
    0x0800021c   0x00000000   Code   RO         5240    .ARM.Collect$$libinit$$00000004  c_p.l(libinit2.o)
    0x0800021c   0x00000008   Code   RO         5241    .ARM.Collect$$libinit$$00000005  c_p.l(libinit2.o)
    0x08000224   0x00000000   Code   RO         5243    .ARM.Collect$$libinit$$0000000A  c_p.l(libinit2.o)
    0x08000224   0x00000000   Code   RO         5245    .ARM.Collect$$libinit$$0000000C  c_p.l(libinit2.o)
    0x08000224   0x00000000   Code   RO         5247    .ARM.Collect$$libinit$$0000000E  c_p.l(libinit2.o)
    0x08000224   0x00000006   Code   RO         5248    .ARM.Collect$$libinit$$0000000F  c_p.l(libinit2.o)
    0x0800022a   0x00000000   Code   RO         5250    .ARM.Collect$$libinit$$00000011  c_p.l(libinit2.o)
    0x0800022a   0x0000000c   Code   RO         5251    .ARM.Collect$$libinit$$00000012  c_p.l(libinit2.o)
    0x08000236   0x00000000   Code   RO         5252    .ARM.Collect$$libinit$$00000013  c_p.l(libinit2.o)
    0x08000236   0x00000000   Code   RO         5254    .ARM.Collect$$libinit$$00000015  c_p.l(libinit2.o)
    0x08000236   0x0000000a   Code   RO         5255    .ARM.Collect$$libinit$$00000016  c_p.l(libinit2.o)
    0x08000240   0x00000000   Code   RO         5256    .ARM.Collect$$libinit$$00000017  c_p.l(libinit2.o)
    0x08000240   0x00000000   Code   RO         5258    .ARM.Collect$$libinit$$00000019  c_p.l(libinit2.o)
    0x08000240   0x00000000   Code   RO         5260    .ARM.Collect$$libinit$$0000001B  c_p.l(libinit2.o)
    0x08000240   0x00000000   Code   RO         5262    .ARM.Collect$$libinit$$0000001D  c_p.l(libinit2.o)
    0x08000240   0x00000000   Code   RO         5264    .ARM.Collect$$libinit$$0000001F  c_p.l(libinit2.o)
    0x08000240   0x00000000   Code   RO         5266    .ARM.Collect$$libinit$$00000021  c_p.l(libinit2.o)
    0x08000240   0x00000000   Code   RO         5268    .ARM.Collect$$libinit$$00000023  c_p.l(libinit2.o)
    0x08000240   0x00000004   Code   RO         5269    .ARM.Collect$$libinit$$00000024  c_p.l(libinit2.o)
    0x08000244   0x00000000   Code   RO         5270    .ARM.Collect$$libinit$$00000025  c_p.l(libinit2.o)
    0x08000244   0x00000000   Code   RO         5274    .ARM.Collect$$libinit$$0000002C  c_p.l(libinit2.o)
    0x08000244   0x00000000   Code   RO         5276    .ARM.Collect$$libinit$$0000002E  c_p.l(libinit2.o)
    0x08000244   0x00000000   Code   RO         5278    .ARM.Collect$$libinit$$00000030  c_p.l(libinit2.o)
    0x08000244   0x00000000   Code   RO         5280    .ARM.Collect$$libinit$$00000032  c_p.l(libinit2.o)
    0x08000244   0x00000002   Code   RO         5281    .ARM.Collect$$libinit$$00000033  c_p.l(libinit2.o)
    0x08000246   0x00000002   Code   RO         5432    .ARM.Collect$$libshutdown$$00000000  c_p.l(libshutdown.o)
    0x08000248   0x00000000   Code   RO         5283    .ARM.Collect$$libshutdown$$00000002  c_p.l(libshutdown2.o)
    0x08000248   0x00000004   Code   RO         5284    .ARM.Collect$$libshutdown$$00000003  c_p.l(libshutdown2.o)
    0x0800024c   0x00000000   Code   RO         5285    .ARM.Collect$$libshutdown$$00000004  c_p.l(libshutdown2.o)
    0x0800024c   0x00000000   Code   RO         5288    .ARM.Collect$$libshutdown$$00000007  c_p.l(libshutdown2.o)
    0x0800024c   0x00000000   Code   RO         5291    .ARM.Collect$$libshutdown$$0000000A  c_p.l(libshutdown2.o)
    0x0800024c   0x00000000   Code   RO         5293    .ARM.Collect$$libshutdown$$0000000C  c_p.l(libshutdown2.o)
    0x0800024c   0x00000000   Code   RO         5296    .ARM.Collect$$libshutdown$$0000000F  c_p.l(libshutdown2.o)
    0x0800024c   0x00000002   Code   RO         5297    .ARM.Collect$$libshutdown$$00000010  c_p.l(libshutdown2.o)
    0x0800024e   0x00000000   Code   RO         5028    .ARM.Collect$$rtentry$$00000000  c_p.l(__rtentry.o)
    0x0800024e   0x00000000   Code   RO         5081    .ARM.Collect$$rtentry$$00000002  c_p.l(__rtentry2.o)
    0x0800024e   0x00000006   Code   RO         5093    .ARM.Collect$$rtentry$$00000004  c_p.l(__rtentry4.o)
    0x08000254   0x00000000   Code   RO         5083    .ARM.Collect$$rtentry$$00000009  c_p.l(__rtentry2.o)
    0x08000254   0x00000004   Code   RO         5084    .ARM.Collect$$rtentry$$0000000A  c_p.l(__rtentry2.o)
    0x08000258   0x00000000   Code   RO         5086    .ARM.Collect$$rtentry$$0000000C  c_p.l(__rtentry2.o)
    0x08000258   0x00000008   Code   RO         5087    .ARM.Collect$$rtentry$$0000000D  c_p.l(__rtentry2.o)
    0x08000260   0x00000002   Code   RO         5312    .ARM.Collect$$rtexit$$00000000  c_p.l(rtexit.o)
    0x08000262   0x00000000   Code   RO         5370    .ARM.Collect$$rtexit$$00000002  c_p.l(rtexit2.o)
    0x08000262   0x00000004   Code   RO         5371    .ARM.Collect$$rtexit$$00000003  c_p.l(rtexit2.o)
    0x08000266   0x00000006   Code   RO         5372    .ARM.Collect$$rtexit$$00000004  c_p.l(rtexit2.o)
    0x0800026c   0x00000078   Code   RO         4452    .emb_text           port.o
    0x080002e4   0x00000010   Code   RO         4795    .emb_text           cm_backtrace.o
    0x080002f4   0x00000038   Code   RO         5008    .emb_text           c_p.l(rt_memcpy.o)
    0x0800032c   0x00000000   Code   RO         5376    .emb_text           c_p.l(maybetermalloc1.o)
    0x0800032c   0x00000038   Code   RO            4    .text               startup_stm32g071xx.o
    0x08000364   0x0000000c   Code   RO         4791    .text               cmb_fault.o
    0x08000370   0x00000038   Code   RO         4913    .text               c_p.l(vsnprintf.o)
    0x080003a8   0x0000001c   Code   RO         4915    .text               c_p.l(__2printf.o)
    0x080003c4   0x0000002c   Code   RO         4917    .text               c_p.l(__2sprintf.o)
    0x080003f0   0x0000003c   Code   RO         4919    .text               c_p.l(__2snprintf.o)
    0x0800042c   0x0000004e   Code   RO         4929    .text               c_p.l(_printf_pad.o)
    0x0800047a   0x00000024   Code   RO         4931    .text               c_p.l(_printf_truncate.o)
    0x0800049e   0x00000052   Code   RO         4933    .text               c_p.l(_printf_str.o)
    0x080004f0   0x0000006c   Code   RO         4935    .text               c_p.l(_printf_dec.o)
    0x0800055c   0x00000026   Code   RO         4937    .text               c_p.l(_printf_charcount.o)
    0x08000582   0x00000002   PAD
    0x08000584   0x000000bc   Code   RO         4939    .text               c_p.l(_printf_wctomb.o)
    0x08000640   0x00000070   Code   RO         4946    .text               c_p.l(_printf_oct_int_ll.o)
    0x080006b0   0x00000098   Code   RO         4966    .text               c_p.l(_printf_hex_int_ll_ptr.o)
    0x08000748   0x00000188   Code   RO         4986    .text               c_p.l(__printf_flags_ss_wp.o)
    0x080008d0   0x00000028   Code   RO         5000    .text               c_p.l(strstr.o)
    0x080008f8   0x00000044   Code   RO         5002    .text               c_p.l(strlen.o)
    0x0800093c   0x000000a0   Code   RO         5006    .text               c_p.l(strncmp.o)
    0x080009dc   0x00000082   Code   RO         5009    .text               c_p.l(rt_memcpy.o)
    0x08000a5e   0x00000012   Code   RO         5014    .text               c_p.l(aeabi_memset.o)
    0x08000a70   0x00000040   Code   RO         5016    .text               c_p.l(rt_memclr.o)
    0x08000ab0   0x0000006c   Code   RO         5018    .text               c_p.l(strncpy.o)
    0x08000b1c   0x0000015a   Code   RO         5020    .text               c_p.l(aeabi_sdiv.o)
    0x08000c76   0x00000006   Code   RO         5024    .text               c_p.l(heapauxi.o)
    0x08000c7c   0x000000b0   Code   RO         5033    .text               c_p.l(_printf_intcommon.o)
    0x08000d2c   0x00000030   Code   RO         5035    .text               c_p.l(_printf_char_common.o)
    0x08000d5c   0x0000000a   Code   RO         5037    .text               c_p.l(_sputc.o)
    0x08000d66   0x00000010   Code   RO         5039    .text               c_p.l(_snputc.o)
    0x08000d76   0x0000002e   Code   RO         5041    .text               c_p.l(_printf_char.o)
    0x08000da4   0x00000028   Code   RO         5043    .text               c_p.l(_printf_char_file.o)
    0x08000dcc   0x0000002e   Code   RO         5045    .text               c_p.l(_printf_wchar.o)
    0x08000dfa   0x00000002   PAD
    0x08000dfc   0x00000070   Code   RO         5047    .text               c_p.l(_printf_longlong_dec.o)
    0x08000e6c   0x00000040   Code   RO         5068    .text               c_p.l(_wcrtomb.o)
    0x08000eac   0x00000028   Code   RO         5070    .text               c_p.l(rtudiv10.o)
    0x08000ed4   0x00000010   Code   RO         5095    .text               c_p.l(rt_ctype_table.o)
    0x08000ee4   0x0000007a   Code   RO         5099    .text               c_p.l(lludiv10.o)
    0x08000f5e   0x00000002   PAD
    0x08000f60   0x00000414   Code   RO         5101    .text               c_p.l(_printf_fp_dec.o)
    0x08001374   0x000002d8   Code   RO         5103    .text               c_p.l(_printf_fp_hex.o)
    0x0800164c   0x00000008   Code   RO         5108    .text               c_p.l(ferror.o)
    0x08001654   0x0000013c   Code   RO         5114    .text               c_p.l(initio.o)
    0x08001790   0x00000066   Code   RO         5122    .text               c_p.l(sys_io.o)
    0x080017f6   0x0000003e   Code   RO         5129    .text               c_p.l(sys_stackheap_outer.o)
    0x08001834   0x00000008   Code   RO         5135    .text               c_p.l(rt_locale_intlibspace.o)
    0x0800183c   0x0000004c   Code   RO         5139    .text               c_p.l(h1_free.o)
    0x08001888   0x00000088   Code   RO         5193    .text               c_p.l(_printf_fp_infnan.o)
    0x08001910   0x000000c8   Code   RO         5195    .text               c_p.l(bigflt0.o)
    0x080019d8   0x000004c8   Code   RO         5198    .text               c_p.l(btod.o)
    0x08001ea0   0x000001f0   Code   RO         5202    .text               c_p.l(flsbuf.o)
    0x08002090   0x0000004c   Code   RO         5204    .text               c_p.l(setvbuf.o)
    0x080020dc   0x000000e8   Code   RO         5207    .text               c_p.l(fopen.o)
    0x080021c4   0x0000004c   Code   RO         5209    .text               c_p.l(fclose.o)
    0x08002210   0x00000010   Code   RO         5221    .text               c_p.l(exit.o)
    0x08002220   0x0000000c   Code   RO         5227    .text               c_p.l(defsig_rtred_outer.o)
    0x0800222c   0x00000008   Code   RO         5305    .text               c_p.l(libspace.o)
    0x08002234   0x00000002   Code   RO         5308    .text               c_p.l(use_no_semi.o)
    0x08002236   0x00000000   Code   RO         5310    .text               c_p.l(indicate_semi.o)
    0x08002236   0x00000002   PAD
    0x08002238   0x00000008   Code   RO         5319    .text               c_p.l(rt_heap_descriptor_intlibspace.o)
    0x08002240   0x00000004   Code   RO         5321    .text               c_p.l(hguard.o)
    0x08002244   0x00000088   Code   RO         5323    .text               c_p.l(init_alloc.o)
    0x080022cc   0x00000062   Code   RO         5329    .text               c_p.l(h1_alloc.o)
    0x0800232e   0x00000002   PAD
    0x08002330   0x000000f4   Code   RO         5345    .text               c_p.l(fseek.o)
    0x08002424   0x000000f0   Code   RO         5347    .text               c_p.l(stdio.o)
    0x08002514   0x0000000c   Code   RO         5353    .text               c_p.l(defsig_exit.o)
    0x08002520   0x00000034   Code   RO         5357    .text               c_p.l(defsig_rtred_inner.o)
    0x08002554   0x00000088   Code   RO         5361    .text               c_p.l(strcmp.o)
    0x080025dc   0x0000000c   Code   RO         5367    .text               c_p.l(sys_exit.o)
    0x080025e8   0x0000000e   Code   RO         5378    .text               c_p.l(h1_init.o)
    0x080025f6   0x00000034   Code   RO         5380    .text               c_p.l(h1_extend.o)
    0x0800262a   0x00000042   Code   RO         5390    .text               c_p.l(ftell.o)
    0x0800266c   0x00000034   Code   RO         5398    .text               c_p.l(defsig_general.o)
    0x080026a0   0x0000000c   Code   RO         5400    .text               c_p.l(defsig_rtmem_outer.o)
    0x080026ac   0x0000000c   Code   RO         5413    .text               c_p.l(sys_wrch.o)
    0x080026b8   0x00000008   Code   RO         5420    .text               c_p.l(rt_errno_addr_intlibspace.o)
    0x080026c0   0x00000050   Code   RO         5426    .text               c_p.l(defsig_rtmem_inner.o)
    0x08002710   0x00000006   Code   RO           13    i.Error_Handler     main.o
    0x08002716   0x00000002   PAD
    0x08002718   0x0000000c   Code   RO         1400    i.HAL_GetTick       stm32g0xx_hal.o
    0x08002724   0x00000018   Code   RO         1406    i.HAL_IncTick       stm32g0xx_hal.o
    0x0800273c   0x0000002c   Code   RO         1407    i.HAL_Init          stm32g0xx_hal.o
    0x08002768   0x0000008c   Code   RO          339    i.HAL_InitTick      stm32g0xx_hal_timebase_tim.o
    0x080027f4   0x00000058   Code   RO          317    i.HAL_MspInit       stm32g0xx_hal_msp.o
    0x0800284c   0x00000024   Code   RO         1282    i.HAL_NVIC_EnableIRQ  stm32g0xx_hal_cortex.o
    0x08002870   0x00000012   Code   RO         1286    i.HAL_NVIC_SetPriority  stm32g0xx_hal_cortex.o
    0x08002882   0x00000002   PAD
    0x08002884   0x00000058   Code   RO         1100    i.HAL_PWREx_ControlVoltageScaling  stm32g0xx_hal_pwr_ex.o
    0x080028dc   0x000001d4   Code   RO          376    i.HAL_RCC_ClockConfig  stm32g0xx_hal_rcc.o
    0x08002ab0   0x0000003c   Code   RO          381    i.HAL_RCC_GetClockConfig  stm32g0xx_hal_rcc.o
    0x08002aec   0x0000000c   Code   RO          382    i.HAL_RCC_GetHCLKFreq  stm32g0xx_hal_rcc.o
    0x08002af8   0x00000028   Code   RO          384    i.HAL_RCC_GetPCLK1Freq  stm32g0xx_hal_rcc.o
    0x08002b20   0x000000e4   Code   RO          386    i.HAL_RCC_GetSysClockFreq  stm32g0xx_hal_rcc.o
    0x08002c04   0x000005bc   Code   RO          390    i.HAL_RCC_OscConfig  stm32g0xx_hal_rcc.o
    0x080031c0   0x00000018   Code   RO         1418    i.HAL_SYSCFG_StrobeDBattpinsConfig  stm32g0xx_hal.o
    0x080031d8   0x00000002   Code   RO         2405    i.HAL_TIMEx_Break2Callback  stm32g0xx_hal_tim_ex.o
    0x080031da   0x00000002   Code   RO         2406    i.HAL_TIMEx_BreakCallback  stm32g0xx_hal_tim_ex.o
    0x080031dc   0x00000002   Code   RO         2407    i.HAL_TIMEx_CommutCallback  stm32g0xx_hal_tim_ex.o
    0x080031de   0x0000006c   Code   RO         1682    i.HAL_TIM_Base_Init  stm32g0xx_hal_tim.o
    0x0800324a   0x00000002   Code   RO         1684    i.HAL_TIM_Base_MspInit  stm32g0xx_hal_tim.o
    0x0800324c   0x00000084   Code   RO         1687    i.HAL_TIM_Base_Start_IT  stm32g0xx_hal_tim.o
    0x080032d0   0x00000002   Code   RO         1716    i.HAL_TIM_IC_CaptureCallback  stm32g0xx_hal_tim.o
    0x080032d2   0x00000002   PAD
    0x080032d4   0x000001f8   Code   RO         1730    i.HAL_TIM_IRQHandler  stm32g0xx_hal_tim.o
    0x080034cc   0x00000002   Code   RO         1733    i.HAL_TIM_OC_DelayElapsedCallback  stm32g0xx_hal_tim.o
    0x080034ce   0x00000002   Code   RO         1760    i.HAL_TIM_PWM_PulseFinishedCallback  stm32g0xx_hal_tim.o
    0x080034d0   0x00000018   Code   RO           14    i.HAL_TIM_PeriodElapsedCallback  main.o
    0x080034e8   0x00000002   Code   RO         1773    i.HAL_TIM_TriggerCallback  stm32g0xx_hal_tim.o
    0x080034ea   0x00000002   PAD
    0x080034ec   0x00000020   Code   RO          246    i.MX_FREERTOS_Init  app_freertos.o
    0x0800350c   0x00000040   Code   RO          224    i.MX_GPIO_Init      gpio.o
    0x0800354c   0x00000004   Code   RO          285    i.NMI_Handler       stm32g0xx_it.o
    0x08003550   0x00000002   Code   RO         4453    i.SVC_Handler       port.o
    0x08003552   0x0000000a   Code   RO          247    i.StartDefaultTask  app_freertos.o
    0x0800355c   0x00000018   Code   RO         3877    i.SysTick_Handler   cmsis_os2.o
    0x08003574   0x00000072   Code   RO           15    i.SystemClock_Config  main.o
    0x080035e6   0x00000002   Code   RO         2707    i.SystemInit        system_stm32g0xx.o
    0x080035e8   0x00000010   Code   RO          286    i.TIM7_LPTIM2_IRQHandler  stm32g0xx_it.o
    0x080035f8   0x000000b0   Code   RO         1775    i.TIM_Base_SetConfig  stm32g0xx_hal_tim.o
    0x080036a8   0x00000030   Code   RO         5200    i.__ARM_common_ll_muluu  c_p.l(btod.o)
    0x080036d8   0x0000001c   Code   RO          955    i.__ARM_common_switch8  stm32g0xx_hal_dma.o
    0x080036f4   0x0000002c   Code   RO         5303    i.__ARM_fpclassify  m_ps.l(fpclassify.o)
    0x08003720   0x00000078   Code   RO         1292    i.__NVIC_SetPriority  stm32g0xx_hal_cortex.o
    0x08003798   0x00000078   Code   RO         3879    i.__NVIC_SetPriority  cmsis_os2.o
    0x08003810   0x00000006   Code   RO         3880    i.__get_IPSR        cmsis_os2.o
    0x08003816   0x0000000e   Code   RO         4979    i._is_digit         c_p.l(__printf_wp.o)
    0x08003824   0x00000138   Code   RO         4797    i.cm_backtrace_call_stack  cm_backtrace.o
    0x0800395c   0x00000280   Code   RO         4799    i.cm_backtrace_fault  cm_backtrace.o
    0x08003bdc   0x0000002c   Code   RO         4800    i.cm_backtrace_firmware_info  cm_backtrace.o
    0x08003c08   0x000000a0   Code   RO         4801    i.cm_backtrace_init  cm_backtrace.o
    0x08003ca8   0x0000003a   Code   RO         4802    i.disassembly_ins_is_bl_blx  cm_backtrace.o
    0x08003ce2   0x00000002   PAD
    0x08003ce4   0x000000dc   Code   RO         4803    i.dump_stack        cm_backtrace.o
    0x08003dc0   0x00000110   Code   RO         4527    i.elog_get_filter_tag_lvl  elog.o
    0x08003ed0   0x0000004c   Code   RO         4531    i.elog_init         elog.o
    0x08003f1c   0x00000434   Code   RO         4532    i.elog_output       elog.o
    0x08004350   0x00000024   Code   RO         4533    i.elog_output_lock  elog.o
    0x08004374   0x00000040   Code   RO         4534    i.elog_output_lock_enabled  elog.o
    0x080043b4   0x00000024   Code   RO         4535    i.elog_output_unlock  elog.o
    0x080043d8   0x00000008   Code   RO         4738    i.elog_port_get_p_info  elog_port.o
    0x080043e0   0x00000008   Code   RO         4739    i.elog_port_get_t_info  elog_port.o
    0x080043e8   0x00000008   Code   RO         4740    i.elog_port_get_time  elog_port.o
    0x080043f0   0x00000004   Code   RO         4741    i.elog_port_init    elog_port.o
    0x080043f4   0x00000002   Code   RO         4742    i.elog_port_output  elog_port.o
    0x080043f6   0x00000002   Code   RO         4743    i.elog_port_output_lock  elog_port.o
    0x080043f8   0x00000002   Code   RO         4744    i.elog_port_output_unlock  elog_port.o
    0x080043fa   0x00000002   PAD
    0x080043fc   0x000000bc   Code   RO         4539    i.elog_set_filter_lvl  elog.o
    0x080044b8   0x0000003c   Code   RO         4542    i.elog_set_filter_tag_lvl_default  elog.o
    0x080044f4   0x000000c0   Code   RO         4543    i.elog_set_fmt      elog.o
    0x080045b4   0x000000cc   Code   RO         4544    i.elog_set_output_enabled  elog.o
    0x08004680   0x000000cc   Code   RO         4545    i.elog_set_text_color_enabled  elog.o
    0x0800474c   0x0000008c   Code   RO         4546    i.elog_start        elog.o
    0x080047d8   0x00000104   Code   RO         4714    i.elog_strcpy       elog_utils.o
    0x080048dc   0x0000001e   Code   RO         5111    i.fputc             c_p.l(fputc.o)
    0x080048fa   0x00000008   Code   RO         4804    i.get_cur_thread_name  cm_backtrace.o
    0x08004902   0x00000002   PAD
    0x08004904   0x00000084   Code   RO         4805    i.get_cur_thread_stack_info  cm_backtrace.o
    0x08004988   0x000000cc   Code   RO         4548    i.get_fmt_enabled   elog.o
    0x08004a54   0x00000020   Code   RO         4549    i.get_fmt_used_and_enabled_ptr  elog.o
    0x08004a74   0x00000020   Code   RO         4550    i.get_fmt_used_and_enabled_u32  elog.o
    0x08004a94   0x00000094   Code   RO           16    i.main              main.o
    0x08004b28   0x00000022   Code   RO         3881    i.osDelay           cmsis_os2.o
    0x08004b4a   0x00000002   PAD
    0x08004b4c   0x00000030   Code   RO         3895    i.osKernelInitialize  cmsis_os2.o
    0x08004b7c   0x00000040   Code   RO         3898    i.osKernelStart     cmsis_os2.o
    0x08004bbc   0x000000ce   Code   RO         3940    i.osThreadNew       cmsis_os2.o
    0x08004c8a   0x00000002   PAD
    0x08004c8c   0x00000098   Code   RO         4806    i.print_call_stack  cm_backtrace.o
    0x08004d24   0x0000007c   Code   RO         3309    i.prvAddCurrentTaskToDelayedList  tasks.o
    0x08004da0   0x000000ac   Code   RO         3310    i.prvAddNewTaskToReadyList  tasks.o
    0x08004e4c   0x00000078   Code   RO         3703    i.prvCheckForValidListAndQueue  timers.o
    0x08004ec4   0x00000048   Code   RO         3311    i.prvCheckTasksWaitingTermination  tasks.o
    0x08004f0c   0x0000002c   Code   RO         2896    i.prvCopyDataFromQueue  queue.o
    0x08004f38   0x00000080   Code   RO         2897    i.prvCopyDataToQueue  queue.o
    0x08004fb8   0x00000044   Code   RO         3312    i.prvDeleteTCB      tasks.o
    0x08004ffc   0x0000002c   Code   RO         3704    i.prvGetNextExpireTime  timers.o
    0x08005028   0x0000007c   Code   RO         4397    i.prvHeapInit       heap_4.o
    0x080050a4   0x00000018   Code   RO         3313    i.prvIdleTask       tasks.o
    0x080050bc   0x0000002c   Code   RO         2900    i.prvInitialiseNewQueue  queue.o
    0x080050e8   0x000000c4   Code   RO         3314    i.prvInitialiseNewTask  tasks.o
    0x080051ac   0x00000064   Code   RO         3315    i.prvInitialiseTaskLists  tasks.o
    0x08005210   0x00000068   Code   RO         4398    i.prvInsertBlockIntoFreeList  heap_4.o
    0x08005278   0x00000054   Code   RO         3706    i.prvInsertTimerInActiveList  timers.o
    0x080052cc   0x0000001c   Code   RO         2901    i.prvIsQueueEmpty   queue.o
    0x080052e8   0x0000001e   Code   RO         2902    i.prvIsQueueFull    queue.o
    0x08005306   0x00000002   PAD
    0x08005308   0x00000068   Code   RO         3707    i.prvProcessExpiredTimer  timers.o
    0x08005370   0x00000144   Code   RO         3708    i.prvProcessReceivedCommands  timers.o
    0x080054b4   0x0000006c   Code   RO         3709    i.prvProcessTimerOrBlockTask  timers.o
    0x08005520   0x00000038   Code   RO         3317    i.prvResetNextTaskUnblockTime  tasks.o
    0x08005558   0x0000002c   Code   RO         3710    i.prvSampleTimeNow  timers.o
    0x08005584   0x00000094   Code   RO         3711    i.prvSwitchTimerLists  timers.o
    0x08005618   0x00000024   Code   RO         4454    i.prvTaskExitError  port.o
    0x0800563c   0x0000001a   Code   RO         3712    i.prvTimerTask      timers.o
    0x08005656   0x0000008e   Code   RO         2903    i.prvUnlockQueue    queue.o
    0x080056e4   0x0000012c   Code   RO         4399    i.pvPortMalloc      heap_4.o
    0x08005810   0x00000020   Code   RO         4455    i.pxPortInitialiseStack  port.o
    0x08005830   0x00000028   Code   RO         2859    i.uxListRemove      list.o
    0x08005858   0x00000018   Code   RO         3952    i.vApplicationGetIdleTaskMemory  cmsis_os2.o
    0x08005870   0x00000018   Code   RO         3953    i.vApplicationGetTimerTaskMemory  cmsis_os2.o
    0x08005888   0x0000001a   Code   RO         2860    i.vListInitialise   list.o
    0x080058a2   0x00000006   Code   RO         2861    i.vListInitialiseItem  list.o
    0x080058a8   0x00000036   Code   RO         2862    i.vListInsert       list.o
    0x080058de   0x00000018   Code   RO         2863    i.vListInsertEnd    list.o
    0x080058f6   0x00000002   PAD
    0x080058f8   0x0000001c   Code   RO         4457    i.vPortEnterCritical  port.o
    0x08005914   0x00000028   Code   RO         4458    i.vPortExitCritical  port.o
    0x0800593c   0x00000090   Code   RO         4400    i.vPortFree         heap_4.o
    0x080059cc   0x0000002c   Code   RO         4459    i.vPortSetupTimerInterrupt  port.o
    0x080059f8   0x00000018   Code   RO         4460    i.vPortYield        port.o
    0x08005a10   0x0000002c   Code   RO         2909    i.vQueueAddToRegistry  queue.o
    0x08005a3c   0x0000004c   Code   RO         2913    i.vQueueWaitForMessageRestricted  queue.o
    0x08005a88   0x00000044   Code   RO         3330    i.vTaskDelay        tasks.o
    0x08005acc   0x00000018   Code   RO         3335    i.vTaskInternalSetTimeOutState  tasks.o
    0x08005ae4   0x0000000c   Code   RO         3336    i.vTaskMissedYield  tasks.o
    0x08005af0   0x0000000c   Code   RO         3337    i.vTaskName         tasks.o
    0x08005afc   0x0000002c   Code   RO         3339    i.vTaskPlaceOnEventList  tasks.o
    0x08005b28   0x00000034   Code   RO         3340    i.vTaskPlaceOnEventListRestricted  tasks.o
    0x08005b5c   0x0000000c   Code   RO         3348    i.vTaskStackAddr    tasks.o
    0x08005b68   0x0000000c   Code   RO         3349    i.vTaskStackSize    tasks.o
    0x08005b74   0x000000a0   Code   RO         3350    i.vTaskStartScheduler  tasks.o
    0x08005c14   0x00000010   Code   RO         3352    i.vTaskSuspendAll   tasks.o
    0x08005c24   0x00000080   Code   RO         3353    i.vTaskSwitchContext  tasks.o
    0x08005ca4   0x00000038   Code   RO         4461    i.xPortStartScheduler  port.o
    0x08005cdc   0x00000024   Code   RO         4462    i.xPortSysTickHandler  port.o
    0x08005d00   0x000000a0   Code   RO         2919    i.xQueueGenericCreateStatic  queue.o
    0x08005da0   0x00000082   Code   RO         2920    i.xQueueGenericReset  queue.o
    0x08005e22   0x0000015a   Code   RO         2921    i.xQueueGenericSend  queue.o
    0x08005f7c   0x000000c0   Code   RO         2922    i.xQueueGenericSendFromISR  queue.o
    0x0800603c   0x00000138   Code   RO         2931    i.xQueueReceive     queue.o
    0x08006174   0x00000074   Code   RO         3355    i.xTaskCheckForTimeOut  tasks.o
    0x080061e8   0x00000062   Code   RO         3356    i.xTaskCreate       tasks.o
    0x0800624a   0x00000088   Code   RO         3357    i.xTaskCreateStatic  tasks.o
    0x080062d2   0x00000002   PAD
    0x080062d4   0x00000024   Code   RO         3361    i.xTaskGetSchedulerState  tasks.o
    0x080062f8   0x0000000c   Code   RO         3362    i.xTaskGetTickCount  tasks.o
    0x08006304   0x0000013c   Code   RO         3364    i.xTaskIncrementTick  tasks.o
    0x08006440   0x00000088   Code   RO         3367    i.xTaskPriorityDisinherit  tasks.o
    0x080064c8   0x00000088   Code   RO         3369    i.xTaskRemoveFromEventList  tasks.o
    0x08006550   0x000000f0   Code   RO         3370    i.xTaskResumeAll    tasks.o
    0x08006640   0x00000070   Code   RO         3721    i.xTimerCreateTimerTask  timers.o
    0x080066b0   0x00000074   Code   RO         3722    i.xTimerGenericCommand  timers.o
    0x08006724   0x0000002c   Code   RO         5216    locale$$code        c_p.l(lc_ctype_c.o)
    0x08006750   0x0000002c   Code   RO         5219    locale$$code        c_p.l(lc_numeric_c.o)
    0x0800677c   0x00000010   Code   RO         5072    x$fpl$printf1       fz_ps.l(printf1.o)
    0x0800678c   0x00000010   Code   RO         5074    x$fpl$printf2       fz_ps.l(printf2.o)
    0x0800679c   0x00000000   Code   RO         5302    x$fpl$usenofp       fz_ps.l(usenofp.o)
    0x0800679c   0x0000002c   Data   RO          248    .constdata          app_freertos.o
    0x080067c8   0x00000068   Data   RO         2708    .constdata          system_stm32g0xx.o
    0x08006830   0x000000e2   Data   RO         4552    .constdata          elog.o
    0x08006912   0x00000023   Data   RO         4715    .constdata          elog_utils.o
    0x08006935   0x00000003   PAD
    0x08006938   0x000000fc   Data   RO         4808    .constdata          cm_backtrace.o
    0x08006a34   0x00000008   Data   RO         4940    .constdata          c_p.l(_printf_wctomb.o)
    0x08006a3c   0x00000028   Data   RO         4967    .constdata          c_p.l(_printf_hex_int_ll_ptr.o)
    0x08006a64   0x00000011   Data   RO         4987    .constdata          c_p.l(__printf_flags_ss_wp.o)
    0x08006a75   0x00000026   Data   RO         5104    .constdata          c_p.l(_printf_fp_hex.o)
    0x08006a9b   0x00000004   Data   RO         5123    .constdata          c_p.l(sys_io.o)
    0x08006a9f   0x00000004   Data   RO         5124    .constdata          c_p.l(sys_io.o)
    0x08006aa3   0x00000004   Data   RO         5125    .constdata          c_p.l(sys_io.o)
    0x08006aa7   0x00000001   PAD
    0x08006aa8   0x00000094   Data   RO         5196    .constdata          c_p.l(bigflt0.o)
    0x08006b3c   0x0000000c   Data   RO          249    .conststring        app_freertos.o
    0x08006b48   0x00000047   Data   RO         4553    .conststring        elog.o
    0x08006b8f   0x00000001   PAD
    0x08006b90   0x000008c4   Data   RO         4809    .conststring        cm_backtrace.o
    0x08007454   0x00000020   Data   RO         5449    Region$$Table       anon$$obj.o
    0x08007474   0x00000110   Data   RO         5215    locale$$data        c_p.l(lc_ctype_c.o)
    0x08007584   0x0000001c   Data   RO         5218    locale$$data        c_p.l(lc_numeric_c.o)


    Execution Region RW_IRAM1 (Base: 0x20000000, Size: 0x00002828, Max: 0x00009000, ABSOLUTE)

    Base Addr    Size         Type   Attr      Idx    E Section Name        Object

    0x20000000   0x00000004   Data   RW          250    .data               app_freertos.o
    0x20000004   0x00000009   Data   RW         1425    .data               stm32g0xx_hal.o
    0x2000000d   0x00000003   PAD
    0x20000010   0x00000004   Data   RW         2709    .data               system_stm32g0xx.o
    0x20000014   0x0000003c   Data   RW         3373    .data               tasks.o
    0x20000050   0x00000014   Data   RW         3730    .data               timers.o
    0x20000064   0x00000004   Data   RW         3956    .data               cmsis_os2.o
    0x20000068   0x00000020   Data   RW         4406    .data               heap_4.o
    0x20000088   0x00000004   Data   RW         4463    .data               port.o
    0x2000008c   0x00000034   Data   RW         4554    .data               elog.o
    0x200000c0   0x00000014   Data   RW         4810    .data               cm_backtrace.o
    0x200000d4   0x00000004   Data   RW         5065    .data               c_p.l(stdio_streams.o)
    0x200000d8   0x00000004   Data   RW         5066    .data               c_p.l(stdio_streams.o)
    0x200000dc   0x00000004   Data   RW         5067    .data               c_p.l(stdio_streams.o)
    0x200000e0   0x0000004c   Zero   RW          342    .bss                stm32g0xx_hal_timebase_tim.o
    0x2000012c   0x00000040   Zero   RW         2935    .bss                queue.o
    0x2000016c   0x000004c4   Zero   RW         3372    .bss                tasks.o
    0x20000630   0x00000118   Zero   RW         3729    .bss                timers.o
    0x20000748   0x000006c0   Zero   RW         3954    .bss                cmsis_os2.o
    0x20000e08   0x00000c00   Zero   RW         4405    .bss                heap_4.o
    0x20001a08   0x000004f8   Zero   RW         4551    .bss                elog.o
    0x20001f00   0x000001c8   Zero   RW         4807    .bss                cm_backtrace.o
    0x200020c8   0x00000054   Zero   RW         5062    .bss                c_p.l(stdio_streams.o)
    0x2000211c   0x00000054   Zero   RW         5063    .bss                c_p.l(stdio_streams.o)
    0x20002170   0x00000054   Zero   RW         5064    .bss                c_p.l(stdio_streams.o)
    0x200021c4   0x00000060   Zero   RW         5306    .bss                c_p.l(libspace.o)
    0x20002224   0x00000004   PAD
    0x20002228   0x00000200   Zero   RW            2    HEAP                startup_stm32g071xx.o
    0x20002428   0x00000400   Zero   RW            1    STACK               startup_stm32g071xx.o


==============================================================================

Image component sizes


      Code (inc. data)   RO Data    RW Data    ZI Data      Debug   Object Name

        42         14         56          4          0       1769   app_freertos.o
      1742        506       2496         20        456      10766   cm_backtrace.o
        12          0          0          0          0        428   cmb_fault.o
       550         44          0          4       1728      28236   cmsis_os2.o
      2816        990        297         52       1272      19512   elog.o
        34         12          0          0          0       3485   elog_port.o
       260         92         35          0          0       2693   elog_utils.o
         0          0          0          0          0      11712   event_groups.o
        64          4          0          0          0        795   gpio.o
       672         72          0         32       3072       4731   heap_4.o
       150          0          0          0          0       3538   list.o
       292         54          0          0          0     476231   main.o
       418         58          0          4          0       7667   port.o
      1676          4          0          0         64      16656   queue.o
        56         26        188          0       1536        660   startup_stm32g071xx.o
       104         24          0          9          0      17981   stm32g0xx_hal.o
       174         16          0          0          0      11508   stm32g0xx_hal_cortex.o
        28          0          0          0          0         76   stm32g0xx_hal_dma.o
        88          6          0          0          0        850   stm32g0xx_hal_msp.o
        88         12          0          0          0        770   stm32g0xx_hal_pwr_ex.o
      2276        106          0          0          0      25014   stm32g0xx_hal_rcc.o
       930         50          0          0          0       6426   stm32g0xx_hal_tim.o
         6          0          0          0          0       2216   stm32g0xx_hal_tim_ex.o
       140         20          0          0         76       1535   stm32g0xx_hal_timebase_tim.o
        20          6          0          0          0        911   stm32g0xx_it.o
         0          0          0          0          0       9612   stream_buffer.o
         2          0        104          4          0       1195   system_stm32g0xx.o
      2578        344          0         60       1220      27448   tasks.o
      1230        120          0         20        280      15503   timers.o

    ----------------------------------------------------------------------
     16472       2580       3212        212       9704     709924   Object Totals
         0          0         32          0          0          0   (incl. Generated)
        24          0          4          3          0          0   (incl. Padding)

    ----------------------------------------------------------------------

      Code (inc. data)   RO Data    RW Data    ZI Data      Debug   Library Member Name

        28          6          0          0          0         84   __2printf.o
        60          6          0          0          0         92   __2snprintf.o
        44          4          0          0          0         84   __2sprintf.o
         8          0          0          0          0         68   __main.o
       392          6         17          0          0         76   __printf_flags_ss_wp.o
        14          0          0          0          0         60   __printf_wp.o
         0          0          0          0          0          0   __rtentry.o
        12          0          0          0          0          0   __rtentry2.o
         6          0          0          0          0          0   __rtentry4.o
        60          8          0          0          0          0   __scatter.o
        26          0          0          0          0          0   __scatter_copy.o
        28          0          0          0          0          0   __scatter_zi.o
        10          0          0          0          0          0   _printf_a.o
        10          0          0          0          0          0   _printf_c.o
        46          0          0          0          0        100   _printf_char.o
        48          6          0          0          0         88   _printf_char_common.o
        40          6          0          0          0         72   _printf_char_file.o
        38          0          0          0          0         60   _printf_charcount.o
        10          0          0          0          0          0   _printf_d.o
       108         18          0          0          0         76   _printf_dec.o
        10          0          0          0          0          0   _printf_e.o
        10          0          0          0          0          0   _printf_f.o
      1044         14          0          0          0        176   _printf_fp_dec.o
       728         10         38          0          0         84   _printf_fp_hex.o
       136         16          0          0          0         76   _printf_fp_infnan.o
        10          0          0          0          0          0   _printf_g.o
       152          4         40          0          0        148   _printf_hex_int_ll_ptr.o
        10          0          0          0          0          0   _printf_i.o
       176          0          0          0          0         84   _printf_intcommon.o
        10          0          0          0          0          0   _printf_l.o
        10          0          0          0          0          0   _printf_lc.o
        10          0          0          0          0          0   _printf_ll.o
        10          0          0          0          0          0   _printf_lld.o
        10          0          0          0          0          0   _printf_lli.o
        10          0          0          0          0          0   _printf_llo.o
        10          0          0          0          0          0   _printf_llu.o
        10          0          0          0          0          0   _printf_llx.o
       112         18          0          0          0         76   _printf_longlong_dec.o
        10          0          0          0          0          0   _printf_ls.o
        10          0          0          0          0          0   _printf_n.o
        10          0          0          0          0          0   _printf_o.o
       112         10          0          0          0        112   _printf_oct_int_ll.o
        10          0          0          0          0          0   _printf_p.o
        78          0          0          0          0        100   _printf_pad.o
         2          0          0          0          0          0   _printf_percent.o
         4          0          0          0          0          0   _printf_percent_end.o
        10          0          0          0          0          0   _printf_s.o
        82          0          0          0          0         72   _printf_str.o
        36          0          0          0          0         76   _printf_truncate.o
        10          0          0          0          0          0   _printf_u.o
        46          0          0          0          0        100   _printf_wchar.o
       188          6          8          0          0         80   _printf_wctomb.o
        10          0          0          0          0          0   _printf_x.o
        16          0          0          0          0         60   _snputc.o
        10          0          0          0          0         60   _sputc.o
        64          0          0          0          0         72   _wcrtomb.o
        18          0          0          0          0         68   aeabi_memset.o
       346          0          0          0          0         92   aeabi_sdiv.o
       200          4        148          0          0         80   bigflt0.o
      1272         16          0          0          0        328   btod.o
        12          0          0          0          0         68   defsig_exit.o
        52          0          0          0          0         72   defsig_general.o
        80         58          0          0          0         68   defsig_rtmem_inner.o
        12          0          0          0          0         68   defsig_rtmem_outer.o
        52         38          0          0          0         68   defsig_rtred_inner.o
        12          0          0          0          0         68   defsig_rtred_outer.o
        16          0          0          0          0         68   exit.o
        76          4          0          0          0         76   fclose.o
         8          0          0          0          0         60   ferror.o
       496         10          0          0          0         76   flsbuf.o
       232          8          0          0          0        108   fopen.o
        30          0          0          0          0         68   fputc.o
       244          4          0          0          0         76   fseek.o
        66          0          0          0          0         68   ftell.o
        98          0          0          0          0         72   h1_alloc.o
        52          0          0          0          0         68   h1_extend.o
        76          0          0          0          0         72   h1_free.o
        14          0          0          0          0         76   h1_init.o
         6          0          0          0          0        136   heapauxi.o
         4          0          0          0          0        120   hguard.o
         0          0          0          0          0          0   indicate_semi.o
       136          0          0          0          0        160   init_alloc.o
       316         44          0          0          0         96   initio.o
        44         10        272          0          0         76   lc_ctype_c.o
        44         10         28          0          0         76   lc_numeric_c.o
         2          0          0          0          0          0   libinit.o
        42          0          0          0          0          0   libinit2.o
         2          0          0          0          0          0   libshutdown.o
         6          0          0          0          0          0   libshutdown2.o
         8          4          0          0         96         68   libspace.o
       122          0          0          0          0         72   lludiv10.o
         0          0          0          0          0          0   maybetermalloc1.o
        16          4          0          0          0         76   rt_ctype_table.o
         8          4          0          0          0         68   rt_errno_addr_intlibspace.o
         8          4          0          0          0         68   rt_heap_descriptor_intlibspace.o
         8          4          0          0          0         68   rt_locale_intlibspace.o
        64          0          0          0          0        108   rt_memclr.o
       186          0          0          0          0        144   rt_memcpy.o
         2          0          0          0          0          0   rtexit.o
        10          0          0          0          0          0   rtexit2.o
        40          0          0          0          0         60   rtudiv10.o
        76          4          0          0          0         72   setvbuf.o
       240          8          0          0          0        144   stdio.o
         0          0          0         12        252          0   stdio_streams.o
       136          4          0          0          0         72   strcmp.o
        68          6          0          0          0         72   strlen.o
       160          6          0          0          0         76   strncmp.o
       108          4          0          0          0         76   strncpy.o
        40          0          0          0          0         72   strstr.o
        12          4          0          0          0         60   sys_exit.o
       102          0         12          0          0        232   sys_io.o
        62          0          0          0          0         80   sys_stackheap_outer.o
        12          0          0          0          0         68   sys_wrch.o
         2          0          0          0          0         68   use_no_semi.o
        56          6          0          0          0         72   vsnprintf.o
        16          4          0          0          0         76   printf1.o
        16          4          0          0          0         76   printf2.o
         0          0          0          0          0          0   usenofp.o
        44          4          0          0          0         60   fpclassify.o

    ----------------------------------------------------------------------
      9864        418        564         12        352       6876   Library Totals
        12          0          1          0          4          0   (incl. Padding)

    ----------------------------------------------------------------------

      Code (inc. data)   RO Data    RW Data    ZI Data      Debug   Library Name

      9776        406        563         12        348       6664   c_p.l
        32          8          0          0          0        152   fz_ps.l
        44          4          0          0          0         60   m_ps.l

    ----------------------------------------------------------------------
      9864        418        564         12        352       6876   Library Totals

    ----------------------------------------------------------------------

==============================================================================


      Code (inc. data)   RO Data    RW Data    ZI Data      Debug   

     26336       2998       3776        224      10056     706748   Grand Totals
     26336       2998       3776        224      10056     706748   ELF Image Totals
     26336       2998       3776        224          0          0   ROM Totals

==============================================================================

    Total RO  Size (Code + RO Data)                30112 (  29.41kB)
    Total RW  Size (RW Data + ZI Data)             10280 (  10.04kB)
    Total ROM Size (Code + RO Data + RW Data)      30336 (  29.63kB)

==============================================================================

