Component: ARM Compiler 5.06 update 4 (build 422) Tool: armlink [4d35d2]

==============================================================================

Section Cross References

    startup_stm32g071xx.o(STACK) refers (Special) to heapauxi.o(.text) for __use_two_region_memory
    startup_stm32g071xx.o(HEAP) refers (Special) to heapauxi.o(.text) for __use_two_region_memory
    startup_stm32g071xx.o(RESET) refers (Special) to heapauxi.o(.text) for __use_two_region_memory
    startup_stm32g071xx.o(RESET) refers to startup_stm32g071xx.o(STACK) for __initial_sp
    startup_stm32g071xx.o(RESET) refers to startup_stm32g071xx.o(.text) for Reset_Handler
    startup_stm32g071xx.o(RESET) refers to stm32g0xx_it.o(i.NMI_Handler) for NMI_Handler
    startup_stm32g071xx.o(RESET) refers to stm32g0xx_it.o(i.HardFault_Handler) for HardFault_Handler
    startup_stm32g071xx.o(RESET) refers to port.o(i.SVC_Handler) for SVC_Handler
    startup_stm32g071xx.o(RESET) refers to port.o(.emb_text) for PendSV_Handler
    startup_stm32g071xx.o(RESET) refers to cmsis_os2.o(i.SysTick_Handler) for SysTick_Handler
    startup_stm32g071xx.o(RESET) refers to stm32g0xx_it.o(i.TIM7_LPTIM2_IRQHandler) for TIM7_LPTIM2_IRQHandler
    startup_stm32g071xx.o(.text) refers (Special) to heapauxi.o(.text) for __use_two_region_memory
    startup_stm32g071xx.o(.text) refers to system_stm32g0xx.o(i.SystemInit) for SystemInit
    startup_stm32g071xx.o(.text) refers to __main.o(!!!main) for __main
    startup_stm32g071xx.o(.text) refers to startup_stm32g071xx.o(HEAP) for Heap_Mem
    startup_stm32g071xx.o(.text) refers to startup_stm32g071xx.o(STACK) for Stack_Mem
    main.o(i.HAL_TIM_PeriodElapsedCallback) refers to stm32g0xx_hal.o(i.HAL_IncTick) for HAL_IncTick
    main.o(i.SystemClock_Config) refers to rt_memclr.o(.text) for __aeabi_memclr4
    main.o(i.SystemClock_Config) refers to stm32g0xx_hal_pwr_ex.o(i.HAL_PWREx_ControlVoltageScaling) for HAL_PWREx_ControlVoltageScaling
    main.o(i.SystemClock_Config) refers to stm32g0xx_hal_rcc.o(i.HAL_RCC_OscConfig) for HAL_RCC_OscConfig
    main.o(i.SystemClock_Config) refers to main.o(i.Error_Handler) for Error_Handler
    main.o(i.SystemClock_Config) refers to stm32g0xx_hal_rcc.o(i.HAL_RCC_ClockConfig) for HAL_RCC_ClockConfig
    main.o(i.main) refers to stm32g0xx_hal.o(i.HAL_Init) for HAL_Init
    main.o(i.main) refers to main.o(i.SystemClock_Config) for SystemClock_Config
    main.o(i.main) refers to gpio.o(i.MX_GPIO_Init) for MX_GPIO_Init
    main.o(i.main) refers to elog.o(i.elog_init) for elog_init
    main.o(i.main) refers to elog.o(i.elog_set_fmt) for elog_set_fmt
    main.o(i.main) refers to elog.o(i.elog_start) for elog_start
    main.o(i.main) refers to cmsis_os2.o(i.osKernelInitialize) for osKernelInitialize
    main.o(i.main) refers to app_freertos.o(i.MX_FREERTOS_Init) for MX_FREERTOS_Init
    main.o(i.main) refers to cmsis_os2.o(i.osKernelStart) for osKernelStart
    app_freertos.o(i.MX_FREERTOS_Init) refers to cmsis_os2.o(i.osThreadNew) for osThreadNew
    app_freertos.o(i.MX_FREERTOS_Init) refers to app_freertos.o(.constdata) for defaultTask_attributes
    app_freertos.o(i.MX_FREERTOS_Init) refers to app_freertos.o(i.StartDefaultTask) for StartDefaultTask
    app_freertos.o(i.MX_FREERTOS_Init) refers to app_freertos.o(.data) for defaultTaskHandle
    app_freertos.o(i.StartDefaultTask) refers to cmsis_os2.o(i.osDelay) for osDelay
    app_freertos.o(.constdata) refers to app_freertos.o(.conststring) for .conststring
    stm32g0xx_it.o(i.TIM7_LPTIM2_IRQHandler) refers to stm32g0xx_hal_tim.o(i.HAL_TIM_IRQHandler) for HAL_TIM_IRQHandler
    stm32g0xx_it.o(i.TIM7_LPTIM2_IRQHandler) refers to stm32g0xx_hal_timebase_tim.o(.bss) for htim7
    stm32g0xx_hal_msp.o(i.HAL_MspInit) refers to stm32g0xx_hal_cortex.o(i.HAL_NVIC_SetPriority) for HAL_NVIC_SetPriority
    stm32g0xx_hal_msp.o(i.HAL_MspInit) refers to stm32g0xx_hal.o(i.HAL_SYSCFG_StrobeDBattpinsConfig) for HAL_SYSCFG_StrobeDBattpinsConfig
    stm32g0xx_hal_timebase_tim.o(i.HAL_InitTick) refers to stm32g0xx_hal_cortex.o(i.HAL_NVIC_SetPriority) for HAL_NVIC_SetPriority
    stm32g0xx_hal_timebase_tim.o(i.HAL_InitTick) refers to stm32g0xx_hal_cortex.o(i.HAL_NVIC_EnableIRQ) for HAL_NVIC_EnableIRQ
    stm32g0xx_hal_timebase_tim.o(i.HAL_InitTick) refers to stm32g0xx_hal_rcc.o(i.HAL_RCC_GetClockConfig) for HAL_RCC_GetClockConfig
    stm32g0xx_hal_timebase_tim.o(i.HAL_InitTick) refers to stm32g0xx_hal_rcc.o(i.HAL_RCC_GetPCLK1Freq) for HAL_RCC_GetPCLK1Freq
    stm32g0xx_hal_timebase_tim.o(i.HAL_InitTick) refers to aeabi_sdiv.o(.text) for __aeabi_uidivmod
    stm32g0xx_hal_timebase_tim.o(i.HAL_InitTick) refers to stm32g0xx_hal_tim.o(i.HAL_TIM_Base_Init) for HAL_TIM_Base_Init
    stm32g0xx_hal_timebase_tim.o(i.HAL_InitTick) refers to stm32g0xx_hal_tim.o(i.HAL_TIM_Base_Start_IT) for HAL_TIM_Base_Start_IT
    stm32g0xx_hal_timebase_tim.o(i.HAL_InitTick) refers to stm32g0xx_hal_timebase_tim.o(.bss) for htim7
[...]
    i.vListInsertEnd                         0x080046f6   Section        0  list.o(i.vListInsertEnd)
    i.vPortEnterCritical                     0x08004710   Section        0  port.o(i.vPortEnterCritical)
    i.vPortExitCritical                      0x0800472c   Section        0  port.o(i.vPortExitCritical)
    i.vPortFree                              0x08004754   Section        0  heap_4.o(i.vPortFree)
    i.vPortSetupTimerInterrupt               0x080047e4   Section        0  port.o(i.vPortSetupTimerInterrupt)
    i.vPortYield                             0x08004810   Section        0  port.o(i.vPortYield)
    i.vQueueAddToRegistry                    0x08004828   Section        0  queue.o(i.vQueueAddToRegistry)
    i.vQueueWaitForMessageRestricted         0x08004854   Section        0  queue.o(i.vQueueWaitForMessageRestricted)
    i.vTaskDelay                             0x080048a0   Section        0  tasks.o(i.vTaskDelay)
    i.vTaskInternalSetTimeOutState           0x080048e4   Section        0  tasks.o(i.vTaskInternalSetTimeOutState)
    i.vTaskMissedYield                       0x080048fc   Section        0  tasks.o(i.vTaskMissedYield)
    i.vTaskPlaceOnEventList                  0x08004908   Section        0  tasks.o(i.vTaskPlaceOnEventList)
    i.vTaskPlaceOnEventListRestricted        0x08004934   Section        0  tasks.o(i.vTaskPlaceOnEventListRestricted)
    i.vTaskStartScheduler                    0x08004968   Section        0  tasks.o(i.vTaskStartScheduler)
    i.vTaskSuspendAll                        0x08004a08   Section        0  tasks.o(i.vTaskSuspendAll)
    i.vTaskSwitchContext                     0x08004a18   Section        0  tasks.o(i.vTaskSwitchContext)
    i.xPortStartScheduler                    0x08004a98   Section        0  port.o(i.xPortStartScheduler)
    i.xPortSysTickHandler                    0x08004ad0   Section        0  port.o(i.xPortSysTickHandler)
    i.xQueueGenericCreateStatic              0x08004af4   Section        0  queue.o(i.xQueueGenericCreateStatic)
    i.xQueueGenericReset                     0x08004b94   Section        0  queue.o(i.xQueueGenericReset)
    i.xQueueGenericSend                      0x08004c16   Section        0  queue.o(i.xQueueGenericSend)
    i.xQueueGenericSendFromISR               0x08004d70   Section        0  queue.o(i.xQueueGenericSendFromISR)
    i.xQueueReceive                          0x08004e30   Section        0  queue.o(i.xQueueReceive)
    i.xTaskCheckForTimeOut                   0x08004f68   Section        0  tasks.o(i.xTaskCheckForTimeOut)
    i.xTaskCreate                            0x08004fdc   Section        0  tasks.o(i.xTaskCreate)
    i.xTaskCreateStatic                      0x0800503e   Section        0  tasks.o(i.xTaskCreateStatic)
    i.xTaskGetSchedulerState                 0x080050c8   Section        0  tasks.o(i.xTaskGetSchedulerState)
    i.xTaskGetTickCount                      0x080050ec   Section        0  tasks.o(i.xTaskGetTickCount)
    i.xTaskIncrementTick                     0x080050f8   Section        0  tasks.o(i.xTaskIncrementTick)
    i.xTaskPriorityDisinherit                0x08005234   Section        0  tasks.o(i.xTaskPriorityDisinherit)
    i.xTaskRemoveFromEventList               0x080052bc   Section        0  tasks.o(i.xTaskRemoveFromEventList)
    i.xTaskResumeAll                         0x08005344   Section        0  tasks.o(i.xTaskResumeAll)
    i.xTimerCreateTimerTask                  0x08005434   Section        0  timers.o(i.xTimerCreateTimerTask)
    i.xTimerGenericCommand                   0x080054a4   Section        0  timers.o(i.xTimerGenericCommand)
    locale$$code                             0x08005518   Section       44  lc_numeric_c.o(locale$$code)
    locale$$code                             0x08005544   Section       44  lc_ctype_c.o(locale$$code)
    x$fpl$printf1                            0x08005570   Section       16  printf1.o(x$fpl$printf1)
    x$fpl$printf2                            0x08005580   Section       16  printf2.o(x$fpl$printf2)
    .constdata                               0x08005590   Section       44  app_freertos.o(.constdata)
    x$fpl$usenofp                            0x08005590   Section        0  usenofp.o(x$fpl$usenofp)
    CHANNEL_OFFSET_TAB                       0x08005590   Data           7  app_freertos.o(.constdata)
    .constdata                               0x080055bc   Section      104  system_stm32g0xx.o(.constdata)
    CHANNEL_OFFSET_TAB                       0x080055bc   Data           7  system_stm32g0xx.o(.constdata)
    .constdata                               0x08005624   Section      226  elog.o(.constdata)
    __FUNCTION__                             0x08005624   Data          11  elog.o(.constdata)
    __FUNCTION__                             0x0800562f   Data          10  elog.o(.constdata)
    __FUNCTION__                             0x08005639   Data          24  elog.o(.constdata)
    __FUNCTION__                             0x08005651   Data          28  elog.o(.constdata)
    __FUNCTION__                             0x0800566d   Data          13  elog.o(.constdata)
    __FUNCTION__                             0x0800567a   Data          16  elog.o(.constdata)
    __FUNCTION__                             0x0800568a   Data          20  elog.o(.constdata)
    __FUNCTION__                             0x0800569e   Data          24  elog.o(.constdata)
    __FUNCTION__                             0x080056b6   Data          24  elog.o(.constdata)
    __FUNCTION__                             0x080056ce   Data          12  elog.o(.constdata)
    __FUNCTION__                             0x080056da   Data          16  elog.o(.constdata)
    __FUNCTION__                             0x080056ea   Data          14  elog.o(.constdata)
    __FUNCTION__                             0x080056f8   Data          14  elog.o(.constdata)
    .constdata                               0x08005706   Section       35  elog_utils.o(.constdata)
    __FUNCTION__                             0x08005706   Data          12  elog_utils.o(.constdata)
    __FUNCTION__                             0x08005712   Data          11  elog_utils.o(.constdata)
    __FUNCTION__                             0x0800571d   Data          12  elog_utils.o(.constdata)
    .constdata                               0x08005729   Section       40  _printf_hex_int_ll_ptr.o(.constdata)
    uc_hextab                                0x08005729   Data          20  _printf_hex_int_ll_ptr.o(.constdata)
    lc_hextab                                0x0800573d   Data          20  _printf_hex_int_ll_ptr.o(.constdata)
    .constdata                               0x08005751   Section       17  __printf_flags_ss_wp.o(.constdata)
    maptable                                 0x08005751   Data          17  __printf_flags_ss_wp.o(.constdata)
    .constdata                               0x08005764   Section        8  _printf_wctomb.o(.constdata)
    initial_mbstate                          0x08005764   Data           8  _printf_wctomb.o(.constdata)
    .constdata                               0x0800576c   Section       38  _printf_fp_hex.o(.constdata)
    lc_hextab                                0x0800576c   Data          19  _printf_fp_hex.o(.constdata)
    uc_hextab                                0x0800577f   Data          19  _printf_fp_hex.o(.constdata)
    .constdata                               0x08005794   Section      148  bigflt0.o(.constdata)
    tenpwrs_x                                0x08005794   Data          60  bigflt0.o(.constdata)
    tenpwrs_i                                0x080057d0   Data          64  bigflt0.o(.constdata)
    .conststring                             0x08005828   Section       12  app_freertos.o(.conststring)
    .conststring                             0x08005834   Section       71  elog.o(.conststring)
    locale$$data                             0x0800589c   Section       28  lc_numeric_c.o(locale$$data)
    __lcnum_c_name                           0x080058a0   Data           2  lc_numeric_c.o(locale$$data)
    __lcnum_c_start                          0x080058a8   Data           0  lc_numeric_c.o(locale$$data)
    __lcnum_c_point                          0x080058b4   Data           0  lc_numeric_c.o(locale$$data)
    __lcnum_c_thousands                      0x080058b6   Data           0  lc_numeric_c.o(locale$$data)
    __lcnum_c_grouping                       0x080058b7   Data           0  lc_numeric_c.o(locale$$data)
    locale$$data                             0x080058b8   Section      272  lc_ctype_c.o(locale$$data)
    __lcnum_c_end                            0x080058b8   Data           0  lc_numeric_c.o(locale$$data)
    __lcctype_c_name                         0x080058bc   Data           2  lc_ctype_c.o(locale$$data)
    __lcctype_c_start                        0x080058c4   Data           0  lc_ctype_c.o(locale$$data)
    __lcctype_c_end                          0x080059c8   Data           0  lc_ctype_c.o(locale$$data)
    .data                                    0x20000000   Section        4  app_freertos.o(.data)
    .data                                    0x20000004   Section        9  stm32g0xx_hal.o(.data)
    .data                                    0x20000010   Section        4  system_stm32g0xx.o(.data)
    .data                                    0x20000014   Section       60  tasks.o(.data)
    pxDelayedTaskList                        0x20000018   Data           4  tasks.o(.data)
    pxOverflowDelayedTaskList                0x2000001c   Data           4  tasks.o(.data)
    uxDeletedTasksWaitingCleanUp             0x20000020   Data           4  tasks.o(.data)
    uxCurrentNumberOfTasks                   0x20000024   Data           4  tasks.o(.data)
    xTickCount                               0x20000028   Data           4  tasks.o(.data)
    uxTopReadyPriority                       0x2000002c   Data           4  tasks.o(.data)
    xSchedulerRunning                        0x20000030   Data           4  tasks.o(.data)
    xPendedTicks                             0x20000034   Data           4  tasks.o(.data)
    xYieldPending                            0x20000038   Data           4  tasks.o(.data)
    xNumOfOverflows                          0x2000003c   Data           4  tasks.o(.data)
    uxTaskNumber                             0x20000040   Data           4  tasks.o(.data)
    xNextTaskUnblockTime                     0x20000044   Data           4  tasks.o(.data)
    xIdleTaskHandle                          0x20000048   Data           4  tasks.o(.data)
    uxSchedulerSuspended                     0x2000004c   Data           4  tasks.o(.data)
    .data                                    0x20000050   Section       20  timers.o(.data)
    pxCurrentTimerList                       0x20000050   Data           4  timers.o(.data)
    pxOverflowTimerList                      0x20000054   Data           4  timers.o(.data)
    xTimerQueue                              0x20000058   Data           4  timers.o(.data)
    xTimerTaskHandle                         0x2000005c   Data           4  timers.o(.data)
    xLastTime                                0x20000060   Data           4  timers.o(.data)
    .data                                    0x20000064   Section        4  cmsis_os2.o(.data)
    KernelState                              0x20000064   Data           4  cmsis_os2.o(.data)
    .data                                    0x20000068   Section       32  heap_4.o(.data)
    xStart                                   0x20000068   Data           8  heap_4.o(.data)
    pxEnd                                    0x20000070   Data           4  heap_4.o(.data)
    xFreeBytesRemaining                      0x20000074   Data           4  heap_4.o(.data)
    xMinimumEverFreeBytesRemaining           0x20000078   Data           4  heap_4.o(.data)
    xNumberOfSuccessfulAllocations           0x2000007c   Data           4  heap_4.o(.data)
    xNumberOfSuccessfulFrees                 0x20000080   Data           4  heap_4.o(.data)
    xBlockAllocatedBit                       0x20000084   Data           4  heap_4.o(.data)
    .data                                    0x20000088   Section        4  port.o(.data)
    uxCriticalNesting                        0x20000088   Data           4  port.o(.data)
    .data                                    0x2000008c   Section       52  elog.o(.data)
    level_output_info                        0x2000008c   Data          24  elog.o(.data)
    color_output_info                        0x200000a4   Data          24  elog.o(.data)
    .bss                                     0x200000c0   Section       76  stm32g0xx_hal_timebase_tim.o(.bss)
    .bss                                     0x2000010c   Section       64  queue.o(.bss)
    .bss                                     0x2000014c   Section     1220  tasks.o(.bss)
    pxReadyTasksLists                        0x2000014c   Data        1120  tasks.o(.bss)
    xDelayedTaskList1                        0x200005ac   Data          20  tasks.o(.bss)
    xDelayedTaskList2                        0x200005c0   Data          20  tasks.o(.bss)
    xPendingReadyList                        0x200005d4   Data          20  tasks.o(.bss)
    xTasksWaitingTermination                 0x200005e8   Data          20  tasks.o(.bss)
    xSuspendedTaskList                       0x200005fc   Data          20  tasks.o(.bss)
    .bss                                     0x20000610   Section      280  timers.o(.bss)
    xActiveTimerList1                        0x20000610   Data          20  timers.o(.bss)
    xActiveTimerList2                        0x20000624   Data          20  timers.o(.bss)
    xStaticTimerQueue                        0x20000638   Data          80  timers.o(.bss)
    ucStaticTimerQueueStorage                0x20000688   Data         160  timers.o(.bss)
    .bss                                     0x20000728   Section     1720  cmsis_os2.o(.bss)
    Idle_TCB                                 0x20000728   Data          92  cmsis_os2.o(.bss)
    Idle_Stack                               0x20000784   Data         512  cmsis_os2.o(.bss)
    Timer_TCB                                0x20000984   Data          92  cmsis_os2.o(.bss)
    Timer_Stack                              0x200009e0   Data        1024  cmsis_os2.o(.bss)
    .bss                                     0x20000de0   Section     3072  heap_4.o(.bss)
    ucHeap                                   0x20000de0   Data        3072  heap_4.o(.bss)
    .bss                                     0x200019e0   Section     1272  elog.o(.bss)
    elog                                     0x200019e0   Data         248  elog.o(.bss)
    log_buf                                  0x20001ad8   Data        1024  elog.o(.bss)
    .bss                                     0x20001ed8   Section       96  libspace.o(.bss)
    HEAP                                     0x20001f38   Section      512  startup_stm32g071xx.o(HEAP)
    Heap_Mem                                 0x20001f38   Data         512  startup_stm32g071xx.o(HEAP)
    STACK                                    0x20002138   Section     1024  startup_stm32g071xx.o(STACK)
    Stack_Mem                                0x20002138   Data        1024  startup_stm32g071xx.o(STACK)
    __initial_sp                             0x20002538   Data           0  startup_stm32g071xx.o(STACK)

    Global Symbols

    Symbol Name                              Value     Ov Type        Size  Object(Section)

    BuildAttributes$$THM_ISAv3M$S$PE$A:L22$X:L11$S22$IEEE1$IW$USESV6$~STKCKD$USESV7$~SHL$OTIME$ROPI$IEEEJ$EBA8$UX$STANDARDLIB$REQ8$PRES8$EABIv2 0x00000000   Number         0  anon$$obj.o ABSOLUTE
    __ARM_use_no_argv                        0x00000000   Number         0  main.o ABSOLUTE
    _printf_flags                            0x00000000   Number         0  printf_stubs.o ABSOLUTE
    _printf_return_value                     0x00000000   Number         0  printf_stubs.o ABSOLUTE
    _printf_sizespec                         0x00000000   Number         0  printf_stubs.o ABSOLUTE
    _printf_widthprec                        0x00000000   Number         0  printf_stubs.o ABSOLUTE
    __ARM_exceptions_init                     - Undefined Weak Reference
    __alloca_initialize                       - Undefined Weak Reference
    __arm_preinit_                            - Undefined Weak Reference
    __cpp_initialize__aeabi_                  - Undefined Weak Reference
    __cxa_finalize                            - Undefined Weak Reference
    __sigvec_lookup                           - Undefined Weak Reference
    _atexit_init                              - Undefined Weak Reference
    _call_atexit_fns                          - Undefined Weak Reference
    _clock_init                               - Undefined Weak Reference
    _fp_trap_init                             - Undefined Weak Reference
    _fp_trap_shutdown                         - Undefined Weak Reference
    _get_lc_collate                           - Undefined Weak Reference
    _get_lc_monetary                          - Undefined Weak Reference
    _get_lc_time                              - Undefined Weak Reference
    _getenv_init                              - Undefined Weak Reference
    _handle_redirection                       - Undefined Weak Reference
    _init_alloc                               - Undefined Weak Reference
    _init_user_alloc                          - Undefined Weak Reference
    _initio                                   - Undefined Weak Reference
    _printf_mbtowc                            - Undefined Weak Reference
    _printf_wc                                - Undefined Weak Reference
    _rand_init                                - Undefined Weak Reference
    _signal_finish                            - Undefined Weak Reference
    _signal_init                              - Undefined Weak Reference
    _terminate_alloc                          - Undefined Weak Reference
    _terminate_user_alloc                     - Undefined Weak Reference
    _terminateio                              - Undefined Weak Reference
    __Vectors_Size                           0x000000bc   Number         0  startup_stm32g071xx.o ABSOLUTE
    __Vectors                                0x08000000   Data           4  startup_stm32g071xx.o(RESET)
    __Vectors_End                            0x080000bc   Data           0  startup_stm32g071xx.o(RESET)
    __main                                   0x080000bd   Thumb Code     8  __main.o(!!!main)
    __scatterload                            0x080000c5   Thumb Code     0  __scatter.o(!!!scatter)
    __scatterload_rt2                        0x080000c5   Thumb Code    52  __scatter.o(!!!scatter)
    __scatterload_rt2_thumb_only             0x080000c5   Thumb Code     0  __scatter.o(!!!scatter)
    __scatterload_null                       0x080000d5   Thumb Code     0  __scatter.o(!!!scatter)
    __scatterload_copy                       0x08000101   Thumb Code    26  __scatter_copy.o(!!handler_copy)
    __scatterload_zeroinit                   0x0800011d   Thumb Code    28  __scatter_zi.o(!!handler_zi)
    _printf_percent                          0x08000139   Thumb Code     0  _printf_percent.o(.ARM.Collect$$_printf_percent$$00000000)
    _printf_n                                0x0800013b   Thumb Code     0  _printf_n.o(.ARM.Collect$$_printf_percent$$00000001)
    _printf_p                                0x08000145   Thumb Code     0  _printf_p.o(.ARM.Collect$$_printf_percent$$00000002)
    _printf_f                                0x0800014f   Thumb Code     0  _printf_f.o(.ARM.Collect$$_printf_percent$$00000003)
    _printf_e                                0x08000159   Thumb Code     0  _printf_e.o(.ARM.Collect$$_printf_percent$$00000004)
    _printf_g                                0x08000163   Thumb Code     0  _printf_g.o(.ARM.Collect$$_printf_percent$$00000005)
    _printf_a                                0x0800016d   Thumb Code     0  _printf_a.o(.ARM.Collect$$_printf_percent$$00000006)
    _printf_ll                               0x08000177   Thumb Code     0  _printf_ll.o(.ARM.Collect$$_printf_percent$$00000007)
    _printf_i                                0x08000181   Thumb Code     0  _printf_i.o(.ARM.Collect$$_printf_percent$$00000008)
    _printf_d                                0x0800018b   Thumb Code     0  _printf_d.o(.ARM.Collect$$_printf_percent$$00000009)
    _printf_u                                0x08000195   Thumb Code     0  _printf_u.o(.ARM.Collect$$_printf_percent$$0000000A)
    _printf_o                                0x0800019f   Thumb Code     0  _printf_o.o(.ARM.Collect$$_printf_percent$$0000000B)
    _printf_x                                0x080001a9   Thumb Code     0  _printf_x.o(.ARM.Collect$$_printf_percent$$0000000C)
    _printf_lli                              0x080001b3   Thumb Code     0  _printf_lli.o(.ARM.Collect$$_printf_percent$$0000000D)
    _printf_lld                              0x080001bd   Thumb Code     0  _printf_lld.o(.ARM.Collect$$_printf_percent$$0000000E)
    _printf_llu                              0x080001c7   Thumb Code     0  _printf_llu.o(.ARM.Collect$$_printf_percent$$0000000F)
    _printf_llo                              0x080001d1   Thumb Code     0  _printf_llo.o(.ARM.Collect$$_printf_percent$$00000010)
    _printf_llx                              0x080001db   Thumb Code     0  _printf_llx.o(.ARM.Collect$$_printf_percent$$00000011)
    _printf_l                                0x080001e5   Thumb Code     0  _printf_l.o(.ARM.Collect$$_printf_percent$$00000012)
    _printf_c                                0x080001ef   Thumb Code     0  _printf_c.o(.ARM.Collect$$_printf_percent$$00000013)
    _printf_s                                0x080001f9   Thumb Code     0  _printf_s.o(.ARM.Collect$$_printf_percent$$00000014)
    _printf_lc                               0x08000203   Thumb Code     0  _printf_lc.o(.ARM.Collect$$_printf_percent$$00000015)
    _printf_ls                               0x0800020d   Thumb Code     0  _printf_ls.o(.ARM.Collect$$_printf_percent$$00000016)
    _printf_percent_end                      0x08000217   Thumb Code     0  _printf_percent_end.o(.ARM.Collect$$_printf_percent$$00000017)
    __rt_lib_init                            0x0800021b   Thumb Code     0  libinit.o(.ARM.Collect$$libinit$$00000000)
    __rt_lib_init_fp_1                       0x0800021d   Thumb Code     0  libinit2.o(.ARM.Collect$$libinit$$00000002)
    __rt_lib_init_heap_1                     0x0800021d   Thumb Code     0  libinit2.o(.ARM.Collect$$libinit$$0000000A)
    __rt_lib_init_lc_common                  0x0800021d   Thumb Code     0  libinit2.o(.ARM.Collect$$libinit$$0000000F)
    __rt_lib_init_preinit_1                  0x0800021d   Thumb Code     0  libinit2.o(.ARM.Collect$$libinit$$00000004)
    __rt_lib_init_rand_1                     0x0800021d   Thumb Code     0  libinit2.o(.ARM.Collect$$libinit$$0000000E)
    __rt_lib_init_user_alloc_1               0x0800021d   Thumb Code     0  libinit2.o(.ARM.Collect$$libinit$$0000000C)
    __rt_lib_init_lc_collate_1               0x08000223   Thumb Code     0  libinit2.o(.ARM.Collect$$libinit$$00000011)
    __rt_lib_init_lc_ctype_2                 0x08000223   Thumb Code     0  libinit2.o(.ARM.Collect$$libinit$$00000012)
    __rt_lib_init_lc_ctype_1                 0x0800022f   Thumb Code     0  libinit2.o(.ARM.Collect$$libinit$$00000013)
    __rt_lib_init_lc_monetary_1              0x0800022f   Thumb Code     0  libinit2.o(.ARM.Collect$$libinit$$00000015)
    __rt_lib_init_lc_numeric_2               0x0800022f   Thumb Code     0  libinit2.o(.ARM.Collect$$libinit$$00000016)
    __rt_lib_init_alloca_1                   0x08000239   Thumb Code     0  libinit2.o(.ARM.Collect$$libinit$$0000002E)
    __rt_lib_init_argv_1                     0x08000239   Thumb Code     0  libinit2.o(.ARM.Collect$$libinit$$0000002C)
    __rt_lib_init_atexit_1                   0x08000239   Thumb Code     0  libinit2.o(.ARM.Collect$$libinit$$0000001B)
    __rt_lib_init_clock_1                    0x08000239   Thumb Code     0  libinit2.o(.ARM.Collect$$libinit$$00000021)
    __rt_lib_init_cpp_1                      0x08000239   Thumb Code     0  libinit2.o(.ARM.Collect$$libinit$$00000032)
    __rt_lib_init_exceptions_1               0x08000239   Thumb Code     0  libinit2.o(.ARM.Collect$$libinit$$00000030)
    __rt_lib_init_fp_trap_1                  0x08000239   Thumb Code     0  libinit2.o(.ARM.Collect$$libinit$$0000001F)
    __rt_lib_init_getenv_1                   0x08000239   Thumb Code     0  libinit2.o(.ARM.Collect$$libinit$$00000023)
    __rt_lib_init_lc_numeric_1               0x08000239   Thumb Code     0  libinit2.o(.ARM.Collect$$libinit$$00000017)
    __rt_lib_init_lc_time_1                  0x08000239   Thumb Code     0  libinit2.o(.ARM.Collect$$libinit$$00000019)
    __rt_lib_init_return                     0x08000239   Thumb Code     0  libinit2.o(.ARM.Collect$$libinit$$00000033)
    __rt_lib_init_signal_1                   0x08000239   Thumb Code     0  libinit2.o(.ARM.Collect$$libinit$$0000001D)
    __rt_lib_init_stdio_1                    0x08000239   Thumb Code     0  libinit2.o(.ARM.Collect$$libinit$$00000025)
    __rt_lib_shutdown                        0x0800023b   Thumb Code     0  libshutdown.o(.ARM.Collect$$libshutdown$$00000000)
    __rt_lib_shutdown_cpp_1                  0x0800023d   Thumb Code     0  libshutdown2.o(.ARM.Collect$$libshutdown$$00000002)
    __rt_lib_shutdown_fp_trap_1              0x0800023d   Thumb Code     0  libshutdown2.o(.ARM.Collect$$libshutdown$$00000007)
    __rt_lib_shutdown_heap_1                 0x0800023d   Thumb Code     0  libshutdown2.o(.ARM.Collect$$libshutdown$$0000000F)
    __rt_lib_shutdown_return                 0x0800023d   Thumb Code     0  libshutdown2.o(.ARM.Collect$$libshutdown$$00000010)
    __rt_lib_shutdown_signal_1               0x0800023d   Thumb Code     0  libshutdown2.o(.ARM.Collect$$libshutdown$$0000000A)
    __rt_lib_shutdown_stdio_1                0x0800023d   Thumb Code     0  libshutdown2.o(.ARM.Collect$$libshutdown$$00000004)
    __rt_lib_shutdown_user_alloc_1           0x0800023d   Thumb Code     0  libshutdown2.o(.ARM.Collect$$libshutdown$$0000000C)
    __rt_entry                               0x0800023f   Thumb Code     0  __rtentry.o(.ARM.Collect$$rtentry$$00000000)
    __rt_entry_presh_1                       0x0800023f   Thumb Code     0  __rtentry2.o(.ARM.Collect$$rtentry$$00000002)
    __rt_entry_sh                            0x0800023f   Thumb Code     0  __rtentry4.o(.ARM.Collect$$rtentry$$00000004)
    __rt_entry_li                            0x08000245   Thumb Code     0  __rtentry2.o(.ARM.Collect$$rtentry$$0000000A)
    __rt_entry_postsh_1                      0x08000245   Thumb Code     0  __rtentry2.o(.ARM.Collect$$rtentry$$00000009)
    __rt_entry_main                          0x08000249   Thumb Code     0  __rtentry2.o(.ARM.Collect$$rtentry$$0000000D)
    __rt_entry_postli_1                      0x08000249   Thumb Code     0  __rtentry2.o(.ARM.Collect$$rtentry$$0000000C)
    __rt_exit                                0x08000251   Thumb Code     0  rtexit.o(.ARM.Collect$$rtexit$$00000000)
    __rt_exit_ls                             0x08000253   Thumb Code     0  rtexit2.o(.ARM.Collect$$rtexit$$00000003)
    __rt_exit_prels_1                        0x08000253   Thumb Code     0  rtexit2.o(.ARM.Collect$$rtexit$$00000002)
    __rt_exit_exit                           0x08000257   Thumb Code     0  rtexit2.o(.ARM.Collect$$rtexit$$00000004)
    __asm___6_port_c_39a90d8d__prvPortStartFirstTask 0x0800025d   Thumb Code    36  port.o(.emb_text)
    ulSetInterruptMaskFromISR                0x08000285   Thumb Code     8  port.o(.emb_text)
    vClearInterruptMaskFromISR               0x0800028d   Thumb Code     6  port.o(.emb_text)
    PendSV_Handler                           0x08000293   Thumb Code    62  port.o(.emb_text)
    __aeabi_memcpy4                          0x080002d5   Thumb Code    56  rt_memcpy.o(.emb_text)
    __aeabi_memcpy8                          0x080002d5   Thumb Code     0  rt_memcpy.o(.emb_text)
    Reset_Handler                            0x0800030d   Thumb Code     8  startup_stm32g071xx.o(.text)
    ADC1_COMP_IRQHandler                     0x0800031f   Thumb Code     0  startup_stm32g071xx.o(.text)
    CEC_IRQHandler                           0x0800031f   Thumb Code     0  startup_stm32g071xx.o(.text)
    DMA1_Ch4_7_DMAMUX1_OVR_IRQHandler        0x0800031f   Thumb Code     0  startup_stm32g071xx.o(.text)
    DMA1_Channel1_IRQHandler                 0x0800031f   Thumb Code     0  startup_stm32g071xx.o(.text)
    DMA1_Channel2_3_IRQHandler               0x0800031f   Thumb Code     0  startup_stm32g071xx.o(.text)
    EXTI0_1_IRQHandler                       0x0800031f   Thumb Code     0  startup_stm32g071xx.o(.text)
    EXTI2_3_IRQHandler                       0x0800031f   Thumb Code     0  startup_stm32g071xx.o(.text)
    EXTI4_15_IRQHandler                      0x0800031f   Thumb Code     0  startup_stm32g071xx.o(.text)
    FLASH_IRQHandler                         0x0800031f   Thumb Code     0  startup_stm32g071xx.o(.text)
    I2C1_IRQHandler                          0x0800031f   Thumb Code     0  startup_stm32g071xx.o(.text)
    I2C2_IRQHandler                          0x0800031f   Thumb Code     0  startup_stm32g071xx.o(.text)
    PVD_IRQHandler                           0x0800031f   Thumb Code     0  startup_stm32g071xx.o(.text)
    RCC_IRQHandler                           0x0800031f   Thumb Code     0  startup_stm32g071xx.o(.text)
    RTC_TAMP_IRQHandler                      0x0800031f   Thumb Code     0  startup_stm32g071xx.o(.text)
    SPI1_IRQHandler                          0x0800031f   Thumb Code     0  startup_stm32g071xx.o(.text)
    SPI2_IRQHandler                          0x0800031f   Thumb Code     0  startup_stm32g071xx.o(.text)
    TIM14_IRQHandler                         0x0800031f   Thumb Code     0  startup_stm32g071xx.o(.text)
    TIM15_IRQHandler                         0x0800031f   Thumb Code     0  startup_stm32g071xx.o(.text)
    TIM16_IRQHandler                         0x0800031f   Thumb Code     0  startup_stm32g071xx.o(.text)
    TIM17_IRQHandler                         0x0800031f   Thumb Code     0  startup_stm32g071xx.o(.text)
    TIM1_BRK_UP_TRG_COM_IRQHandler           0x0800031f   Thumb Code     0  startup_stm32g071xx.o(.text)
    TIM1_CC_IRQHandler                       0x0800031f   Thumb Code     0  startup_stm32g071xx.o(.text)
    TIM2_IRQHandler                          0x0800031f   Thumb Code     0  startup_stm32g071xx.o(.text)
    TIM3_IRQHandler                          0x0800031f   Thumb Code     0  startup_stm32g071xx.o(.text)
    TIM6_DAC_LPTIM1_IRQHandler               0x0800031f   Thumb Code     0  startup_stm32g071xx.o(.text)
    UCPD1_2_IRQHandler                       0x0800031f   Thumb Code     0  startup_stm32g071xx.o(.text)
    USART1_IRQHandler                        0x0800031f   Thumb Code     0  startup_stm32g071xx.o(.text)
    USART2_IRQHandler                        0x0800031f   Thumb Code     0  startup_stm32g071xx.o(.text)
    USART3_4_LPUART1_IRQHandler              0x0800031f   Thumb Code     0  startup_stm32g071xx.o(.text)
    WWDG_IRQHandler                          0x0800031f   Thumb Code     0  startup_stm32g071xx.o(.text)
    __user_initial_stackheap                 0x08000321   Thumb Code     0  startup_stm32g071xx.o(.text)
    vsnprintf                                0x08000345   Thumb Code    50  vsnprintf.o(.text)
    __2snprintf                              0x0800037d   Thumb Code    54  __2snprintf.o(.text)
    _printf_pre_padding                      0x080003b9   Thumb Code    44  _printf_pad.o(.text)
    _printf_post_padding                     0x080003e5   Thumb Code    34  _printf_pad.o(.text)
    _printf_str                              0x08000407   Thumb Code    82  _printf_str.o(.text)
    _printf_int_dec                          0x08000459   Thumb Code    90  _printf_dec.o(.text)
    _printf_longlong_hex                     0x080004c5   Thumb Code    88  _printf_hex_int_ll_ptr.o(.text)
    _printf_int_hex                          0x0800051d   Thumb Code    28  _printf_hex_int_ll_ptr.o(.text)
    _printf_ll_hex                           0x08000539   Thumb Code    10  _printf_hex_int_ll_ptr.o(.text)
    _printf_hex_ptr                          0x08000543   Thumb Code    22  _printf_hex_int_ll_ptr.o(.text)
    __printf                                 0x0800055d   Thumb Code   386  __printf_flags_ss_wp.o(.text)
    strstr                                   0x080006e5   Thumb Code    40  strstr.o(.text)
    strlen                                   0x0800070d   Thumb Code    62  strlen.o(.text)
    strncmp                                  0x08000751   Thumb Code   154  strncmp.o(.text)
    __aeabi_memcpy                           0x080007f1   Thumb Code   130  rt_memcpy.o(.text)
    __rt_memcpy                              0x080007f1   Thumb Code     0  rt_memcpy.o(.text)
    __aeabi_memset                           0x08000873   Thumb Code    18  aeabi_memset.o(.text)
    _memset_w                                0x08000885   Thumb Code    26  rt_memclr.o(.text)
    _memset                                  0x0800089f   Thumb Code    30  rt_memclr.o(.text)
    __aeabi_memclr                           0x080008bd   Thumb Code     4  rt_memclr.o(.text)
    __rt_memclr                              0x080008bd   Thumb Code     0  rt_memclr.o(.text)
    __aeabi_memclr4                          0x080008c1   Thumb Code     0  rt_memclr.o(.text)
    __aeabi_memclr8                          0x080008c1   Thumb Code     0  rt_memclr.o(.text)
    __rt_memclr_w                            0x080008c1   Thumb Code     4  rt_memclr.o(.text)
    __aeabi_uidiv                            0x080008c5   Thumb Code     0  aeabi_sdiv.o(.text)
    __aeabi_uidivmod                         0x080008c5   Thumb Code    20  aeabi_sdiv.o(.text)
    __aeabi_idiv                             0x080008d9   Thumb Code     0  aeabi_sdiv.o(.text)
    __aeabi_idivmod                          0x080008d9   Thumb Code   326  aeabi_sdiv.o(.text)
    __use_two_region_memory                  0x08000a1f   Thumb Code     2  heapauxi.o(.text)
    __rt_heap_escrow$2region                 0x08000a21   Thumb Code     2  heapauxi.o(.text)
    __rt_heap_expand$2region                 0x08000a23   Thumb Code     2  heapauxi.o(.text)
    _printf_truncate_signed                  0x08000a25   Thumb Code    18  _printf_truncate.o(.text)
    _printf_truncate_unsigned                0x08000a37   Thumb Code    18  _printf_truncate.o(.text)
    _printf_int_common                       0x08000a49   Thumb Code   176  _printf_intcommon.o(.text)
    _printf_charcount                        0x08000af9   Thumb Code    38  _printf_charcount.o(.text)
    _printf_char_common                      0x08000b2b   Thumb Code    32  _printf_char_common.o(.text)
    _sputc                                   0x08000b51   Thumb Code    10  _sputc.o(.text)
    _snputc                                  0x08000b5b   Thumb Code    16  _snputc.o(.text)
    _printf_cs_common                        0x08000b6b   Thumb Code    22  _printf_char.o(.text)
    _printf_char                             0x08000b81   Thumb Code    16  _printf_char.o(.text)
    _printf_string                           0x08000b91   Thumb Code     8  _printf_char.o(.text)
    _printf_wctomb                           0x08000b99   Thumb Code   182  _printf_wctomb.o(.text)
    _printf_longlong_dec                     0x08000c55   Thumb Code    94  _printf_longlong_dec.o(.text)
    _printf_longlong_oct                     0x08000cc5   Thumb Code    68  _printf_oct_int_ll.o(.text)
    _printf_int_oct                          0x08000d09   Thumb Code    24  _printf_oct_int_ll.o(.text)
    _printf_ll_oct                           0x08000d21   Thumb Code    10  _printf_oct_int_ll.o(.text)
    __rt_udiv10                              0x08000d35   Thumb Code    40  rtudiv10.o(.text)
    _ll_udiv10                               0x08000d5d   Thumb Code   122  lludiv10.o(.text)
    __lib_sel_fp_printf                      0x08000dd9   Thumb Code     2  _printf_fp_dec.o(.text)
    _printf_fp_dec_real                      0x08000f73   Thumb Code   620  _printf_fp_dec.o(.text)
    _printf_fp_hex_real                      0x080011ed   Thumb Code   718  _printf_fp_hex.o(.text)
    _printf_lcs_common                       0x080014c5   Thumb Code    22  _printf_wchar.o(.text)
    _printf_wchar                            0x080014db   Thumb Code    16  _printf_wchar.o(.text)
    _printf_wstring                          0x080014eb   Thumb Code     8  _printf_wchar.o(.text)
    _wcrtomb                                 0x080014f3   Thumb Code    64  _wcrtomb.o(.text)
    __user_setup_stackheap                   0x08001533   Thumb Code    62  sys_stackheap_outer.o(.text)
    __rt_ctype_table                         0x08001571   Thumb Code    16  rt_ctype_table.o(.text)
    __rt_locale                              0x08001581   Thumb Code     8  rt_locale_intlibspace.o(.text)
    _printf_fp_infnan                        0x08001589   Thumb Code   120  _printf_fp_infnan.o(.text)
    _btod_etento                             0x08001611   Thumb Code   196  bigflt0.o(.text)
    _btod_d2e                                0x080016d9   Thumb Code    64  btod.o(.text)
    _btod_emul                               0x08001acf   Thumb Code    24  btod.o(.text)
    _btod_emuld                              0x08001ae7   Thumb Code    88  btod.o(.text)
    _btod_ediv                               0x08001b3f   Thumb Code    22  btod.o(.text)
    _btod_edivd                              0x08001b55   Thumb Code    60  btod.o(.text)
    exit                                     0x08001ba1   Thumb Code    16  exit.o(.text)
    __user_libspace                          0x08001bb1   Thumb Code     8  libspace.o(.text)
    __user_perproc_libspace                  0x08001bb1   Thumb Code     0  libspace.o(.text)
    __user_perthread_libspace                0x08001bb1   Thumb Code     0  libspace.o(.text)
    strcmp                                   0x08001bb9   Thumb Code   132  strcmp.o(.text)
    _sys_exit                                0x08001c41   Thumb Code     8  sys_exit.o(.text)
    __I$use$semihosting                      0x08001c4d   Thumb Code     0  use_no_semi.o(.text)
    __use_no_semihosting_swi                 0x08001c4d   Thumb Code     2  use_no_semi.o(.text)
    Error_Handler                            0x08001c4f   Thumb Code     6  main.o(i.Error_Handler)
    __semihosting_library_function           0x08001c4f   Thumb Code     0  indicate_semi.o(.text)
    HAL_GetTick                              0x08001c55   Thumb Code     6  stm32g0xx_hal.o(i.HAL_GetTick)
    HAL_IncTick                              0x08001c61   Thumb Code    16  stm32g0xx_hal.o(i.HAL_IncTick)
    HAL_Init                                 0x08001c79   Thumb Code    40  stm32g0xx_hal.o(i.HAL_Init)
    HAL_InitTick                             0x08001ca5   Thumb Code   120  stm32g0xx_hal_timebase_tim.o(i.HAL_InitTick)
    HAL_MspInit                              0x08001d31   Thumb Code    82  stm32g0xx_hal_msp.o(i.HAL_MspInit)
    HAL_NVIC_EnableIRQ                       0x08001d89   Thumb Code    30  stm32g0xx_hal_cortex.o(i.HAL_NVIC_EnableIRQ)
    HAL_NVIC_SetPriority                     0x08001dad   Thumb Code    18  stm32g0xx_hal_cortex.o(i.HAL_NVIC_SetPriority)
    HAL_PWREx_ControlVoltageScaling          0x08001dc1   Thumb Code    76  stm32g0xx_hal_pwr_ex.o(i.HAL_PWREx_ControlVoltageScaling)
    HAL_RCC_ClockConfig                      0x08001e19   Thumb Code   442  stm32g0xx_hal_rcc.o(i.HAL_RCC_ClockConfig)
    HAL_RCC_GetClockConfig                   0x08001fed   Thumb Code    50  stm32g0xx_hal_rcc.o(i.HAL_RCC_GetClockConfig)
    HAL_RCC_GetHCLKFreq                      0x08002029   Thumb Code     6  stm32g0xx_hal_rcc.o(i.HAL_RCC_GetHCLKFreq)
    HAL_RCC_GetPCLK1Freq                     0x08002035   Thumb Code    32  stm32g0xx_hal_rcc.o(i.HAL_RCC_GetPCLK1Freq)
    HAL_RCC_GetSysClockFreq                  0x0800205d   Thumb Code   216  stm32g0xx_hal_rcc.o(i.HAL_RCC_GetSysClockFreq)
    HAL_RCC_OscConfig                        0x08002141   Thumb Code  1450  stm32g0xx_hal_rcc.o(i.HAL_RCC_OscConfig)
    HAL_SYSCFG_StrobeDBattpinsConfig         0x080026fd   Thumb Code    18  stm32g0xx_hal.o(i.HAL_SYSCFG_StrobeDBattpinsConfig)
    HAL_TIMEx_Break2Callback                 0x08002715   Thumb Code     2  stm32g0xx_hal_tim_ex.o(i.HAL_TIMEx_Break2Callback)
    HAL_TIMEx_BreakCallback                  0x08002717   Thumb Code     2  stm32g0xx_hal_tim_ex.o(i.HAL_TIMEx_BreakCallback)
    HAL_TIMEx_CommutCallback                 0x08002719   Thumb Code     2  stm32g0xx_hal_tim_ex.o(i.HAL_TIMEx_CommutCallback)
    HAL_TIM_Base_Init                        0x0800271b   Thumb Code   108  stm32g0xx_hal_tim.o(i.HAL_TIM_Base_Init)
    HAL_TIM_Base_MspInit                     0x08002787   Thumb Code     2  stm32g0xx_hal_tim.o(i.HAL_TIM_Base_MspInit)
    HAL_TIM_Base_Start_IT                    0x08002789   Thumb Code   114  stm32g0xx_hal_tim.o(i.HAL_TIM_Base_Start_IT)
    HAL_TIM_IC_CaptureCallback               0x0800280d   Thumb Code     2  stm32g0xx_hal_tim.o(i.HAL_TIM_IC_CaptureCallback)
    HAL_TIM_IRQHandler                       0x08002811   Thumb Code   498  stm32g0xx_hal_tim.o(i.HAL_TIM_IRQHandler)
    HAL_TIM_OC_DelayElapsedCallback          0x08002a09   Thumb Code     2  stm32g0xx_hal_tim.o(i.HAL_TIM_OC_DelayElapsedCallback)
    HAL_TIM_PWM_PulseFinishedCallback        0x08002a0b   Thumb Code     2  stm32g0xx_hal_tim.o(i.HAL_TIM_PWM_PulseFinishedCallback)
    HAL_TIM_PeriodElapsedCallback            0x08002a0d   Thumb Code    18  main.o(i.HAL_TIM_PeriodElapsedCallback)
    HAL_TIM_TriggerCallback                  0x08002a25   Thumb Code     2  stm32g0xx_hal_tim.o(i.HAL_TIM_TriggerCallback)
    HardFault_Handler                        0x08002a27   Thumb Code     4  stm32g0xx_it.o(i.HardFault_Handler)
    MX_FREERTOS_Init                         0x08002a2d   Thumb Code    18  app_freertos.o(i.MX_FREERTOS_Init)
    MX_GPIO_Init                             0x08002a4d   Thumb Code    60  gpio.o(i.MX_GPIO_Init)
    NMI_Handler                              0x08002a8d   Thumb Code     4  stm32g0xx_it.o(i.NMI_Handler)
    SVC_Handler                              0x08002a91   Thumb Code     2  port.o(i.SVC_Handler)
    StartDefaultTask                         0x08002a93   Thumb Code    10  app_freertos.o(i.StartDefaultTask)
    SysTick_Handler                          0x08002a9d   Thumb Code    20  cmsis_os2.o(i.SysTick_Handler)
    SystemClock_Config                       0x08002ab5   Thumb Code   114  main.o(i.SystemClock_Config)
    SystemInit                               0x08002b27   Thumb Code     2  system_stm32g0xx.o(i.SystemInit)
    TIM7_LPTIM2_IRQHandler                   0x08002b29   Thumb Code    10  stm32g0xx_it.o(i.TIM7_LPTIM2_IRQHandler)
    TIM_Base_SetConfig                       0x08002b39   Thumb Code   150  stm32g0xx_hal_tim.o(i.TIM_Base_SetConfig)
    __ARM_common_ll_muluu                    0x08002be9   Thumb Code    48  btod.o(i.__ARM_common_ll_muluu)
    __ARM_common_switch8                     0x08002c19   Thumb Code    28  stm32g0xx_hal_dma.o(i.__ARM_common_switch8)
    __ARM_fpclassify                         0x08002c35   Thumb Code    40  fpclassify.o(i.__ARM_fpclassify)
    _is_digit                                0x08002d57   Thumb Code    14  __printf_wp.o(i._is_digit)
    elog_get_filter_tag_lvl                  0x08002d65   Thumb Code   166  elog.o(i.elog_get_filter_tag_lvl)
    elog_init                                0x08002e75   Thumb Code    70  elog.o(i.elog_init)
    elog_output                              0x08002ec1   Thumb Code   902  elog.o(i.elog_output)
    elog_output_lock                         0x080032f5   Thumb Code    30  elog.o(i.elog_output_lock)
    elog_output_lock_enabled                 0x08003319   Thumb Code    58  elog.o(i.elog_output_lock_enabled)
    elog_output_unlock                       0x08003359   Thumb Code    30  elog.o(i.elog_output_unlock)
    elog_port_get_p_info                     0x0800337d   Thumb Code     4  elog_port.o(i.elog_port_get_p_info)
    elog_port_get_t_info                     0x08003385   Thumb Code     4  elog_port.o(i.elog_port_get_t_info)
    elog_port_get_time                       0x0800338d   Thumb Code     4  elog_port.o(i.elog_port_get_time)
    elog_port_init                           0x08003395   Thumb Code     4  elog_port.o(i.elog_port_init)
    elog_port_output                         0x08003399   Thumb Code     2  elog_port.o(i.elog_port_output)
    elog_port_output_lock                    0x0800339b   Thumb Code     2  elog_port.o(i.elog_port_output_lock)
    elog_port_output_unlock                  0x0800339d   Thumb Code     2  elog_port.o(i.elog_port_output_unlock)
    elog_set_filter_lvl                      0x080033a1   Thumb Code    76  elog.o(i.elog_set_filter_lvl)
    elog_set_fmt                             0x08003499   Thumb Code    80  elog.o(i.elog_set_fmt)
    elog_set_output_enabled                  0x08003559   Thumb Code    80  elog.o(i.elog_set_output_enabled)
    elog_set_text_color_enabled              0x08003625   Thumb Code    80  elog.o(i.elog_set_text_color_enabled)
    elog_start                               0x080036f1   Thumb Code    46  elog.o(i.elog_start)
    elog_strcpy                              0x0800377d   Thumb Code   168  elog_utils.o(i.elog_strcpy)
    main                                     0x0800398d   Thumb Code    84  main.o(i.main)
    osDelay                                  0x080039e1   Thumb Code    34  cmsis_os2.o(i.osDelay)
    osKernelInitialize                       0x08003a05   Thumb Code    42  cmsis_os2.o(i.osKernelInitialize)
    osKernelStart                            0x08003a35   Thumb Code    58  cmsis_os2.o(i.osKernelStart)
    osThreadNew                              0x08003a75   Thumb Code   206  cmsis_os2.o(i.osThreadNew)
    pvPortMalloc                             0x080044fd   Thumb Code   274  heap_4.o(i.pvPortMalloc)
    pxPortInitialiseStack                    0x08004629   Thumb Code    26  port.o(i.pxPortInitialiseStack)
    uxListRemove                             0x08004649   Thumb Code    40  list.o(i.uxListRemove)
    vApplicationGetIdleTaskMemory            0x08004671   Thumb Code    14  cmsis_os2.o(i.vApplicationGetIdleTaskMemory)
    vApplicationGetTimerTaskMemory           0x08004689   Thumb Code    16  cmsis_os2.o(i.vApplicationGetTimerTaskMemory)
    vListInitialise                          0x080046a1   Thumb Code    26  list.o(i.vListInitialise)
    vListInitialiseItem                      0x080046bb   Thumb Code     6  list.o(i.vListInitialiseItem)
    vListInsert                              0x080046c1   Thumb Code    54  list.o(i.vListInsert)
    vListInsertEnd                           0x080046f7   Thumb Code    24  list.o(i.vListInsertEnd)
    vPortEnterCritical                       0x08004711   Thumb Code    22  port.o(i.vPortEnterCritical)
    vPortExitCritical                        0x0800472d   Thumb Code    36  port.o(i.vPortExitCritical)
    vPortFree                                0x08004755   Thumb Code   130  heap_4.o(i.vPortFree)
    vPortSetupTimerInterrupt                 0x080047e5   Thumb Code    34  port.o(i.vPortSetupTimerInterrupt)
    vPortYield                               0x08004811   Thumb Code    18  port.o(i.vPortYield)
    vQueueAddToRegistry                      0x08004829   Thumb Code    40  queue.o(i.vQueueAddToRegistry)
    vQueueWaitForMessageRestricted           0x08004855   Thumb Code    76  queue.o(i.vQueueWaitForMessageRestricted)
    vTaskDelay                               0x080048a1   Thumb Code    62  tasks.o(i.vTaskDelay)
    vTaskInternalSetTimeOutState             0x080048e5   Thumb Code    14  tasks.o(i.vTaskInternalSetTimeOutState)
    vTaskMissedYield                         0x080048fd   Thumb Code     8  tasks.o(i.vTaskMissedYield)
    vTaskPlaceOnEventList                    0x08004909   Thumb Code    38  tasks.o(i.vTaskPlaceOnEventList)
    vTaskPlaceOnEventListRestricted          0x08004935   Thumb Code    48  tasks.o(i.vTaskPlaceOnEventListRestricted)
    vTaskStartScheduler                      0x08004969   Thumb Code   130  tasks.o(i.vTaskStartScheduler)
    vTaskSuspendAll                          0x08004a09   Thumb Code    12  tasks.o(i.vTaskSuspendAll)
    vTaskSwitchContext                       0x08004a19   Thumb Code   108  tasks.o(i.vTaskSwitchContext)
    xPortStartScheduler                      0x08004a99   Thumb Code    48  port.o(i.xPortStartScheduler)
    xPortSysTickHandler                      0x08004ad1   Thumb Code    32  port.o(i.xPortSysTickHandler)
    xQueueGenericCreateStatic                0x08004af5   Thumb Code   160  queue.o(i.xQueueGenericCreateStatic)
    xQueueGenericReset                       0x08004b95   Thumb Code   130  queue.o(i.xQueueGenericReset)
    xQueueGenericSend                        0x08004c17   Thumb Code   346  queue.o(i.xQueueGenericSend)
    xQueueGenericSendFromISR                 0x08004d71   Thumb Code   192  queue.o(i.xQueueGenericSendFromISR)
    xQueueReceive                            0x08004e31   Thumb Code   312  queue.o(i.xQueueReceive)
    xTaskCheckForTimeOut                     0x08004f69   Thumb Code   106  tasks.o(i.xTaskCheckForTimeOut)
    xTaskCreate                              0x08004fdd   Thumb Code    98  tasks.o(i.xTaskCreate)
    xTaskCreateStatic                        0x0800503f   Thumb Code   136  tasks.o(i.xTaskCreateStatic)
    xTaskGetSchedulerState                   0x080050c9   Thumb Code    28  tasks.o(i.xTaskGetSchedulerState)
    xTaskGetTickCount                        0x080050ed   Thumb Code     6  tasks.o(i.xTaskGetTickCount)
    xTaskIncrementTick                       0x080050f9   Thumb Code   270  tasks.o(i.xTaskIncrementTick)
    xTaskPriorityDisinherit                  0x08005235   Thumb Code   124  tasks.o(i.xTaskPriorityDisinherit)
    xTaskRemoveFromEventList                 0x080052bd   Thumb Code   112  tasks.o(i.xTaskRemoveFromEventList)
    xTaskResumeAll                           0x08005345   Thumb Code   206  tasks.o(i.xTaskResumeAll)
    xTimerCreateTimerTask                    0x08005435   Thumb Code    90  timers.o(i.xTimerCreateTimerTask)
    xTimerGenericCommand                     0x080054a5   Thumb Code   110  timers.o(i.xTimerGenericCommand)
    _get_lc_numeric                          0x08005519   Thumb Code    44  lc_numeric_c.o(locale$$code)
    _get_lc_ctype                            0x08005545   Thumb Code    44  lc_ctype_c.o(locale$$code)
    _printf_fp_dec                           0x08005571   Thumb Code    16  printf1.o(x$fpl$printf1)
    _printf_fp_hex                           0x08005581   Thumb Code    16  printf2.o(x$fpl$printf2)
    __I$use$fp                               0x08005590   Number         0  usenofp.o(x$fpl$usenofp)
    defaultTask_attributes                   0x08005598   Data          36  app_freertos.o(.constdata)
    AHBPrescTable                            0x080055c4   Data          64  system_stm32g0xx.o(.constdata)
    APBPrescTable                            0x08005604   Data          32  system_stm32g0xx.o(.constdata)
    Region$$Table$$Base                      0x0800587c   Number         0  anon$$obj.o(Region$$Table)
    Region$$Table$$Limit                     0x0800589c   Number         0  anon$$obj.o(Region$$Table)
    __ctype                                  0x080058c5   Data           0  lc_ctype_c.o(locale$$data)
    defaultTaskHandle                        0x20000000   Data           4  app_freertos.o(.data)
    uwTick                                   0x20000004   Data           4  stm32g0xx_hal.o(.data)
    uwTickPrio                               0x20000008   Data           4  stm32g0xx_hal.o(.data)
    uwTickFreq                               0x2000000c   Data           1  stm32g0xx_hal.o(.data)
    SystemCoreClock                          0x20000010   Data           4  system_stm32g0xx.o(.data)
    pxCurrentTCB                             0x20000014   Data           4  tasks.o(.data)
    elog_assert_hook                         0x200000bc   Data           4  elog.o(.data)
    htim7                                    0x200000c0   Data          76  stm32g0xx_hal_timebase_tim.o(.bss)
    xQueueRegistry                           0x2000010c   Data          64  queue.o(.bss)
    __libspace_start                         0x20001ed8   Data          96  libspace.o(.bss)
    __temporary_stack_top$libspace           0x20001f38   Data           0  libspace.o(.bss)



==============================================================================

Memory Map of the image

  Image Entry point : 0x080000bd

  Load Region LR_IROM1 (Base: 0x08000000, Size: 0x00005a88, Max: 0x00020000, ABSOLUTE)

    Execution Region ER_IROM1 (Base: 0x08000000, Size: 0x000059c8, Max: 0x00020000, ABSOLUTE)

    Base Addr    Size         Type   Attr      Idx    E Section Name        Object

    0x08000000   0x000000bc   Data   RO            3    RESET               startup_stm32g071xx.o
    0x080000bc   0x00000008   Code   RO         4883  * !!!main             c_p.l(__main.o)
    0x080000c4   0x0000003c   Code   RO         5148    !!!scatter          c_p.l(__scatter.o)
    0x08000100   0x0000001a   Code   RO         5150    !!handler_copy      c_p.l(__scatter_copy.o)
    0x0800011a   0x00000002   PAD
    0x0800011c   0x0000001c   Code   RO         5152    !!handler_zi        c_p.l(__scatter_zi.o)
    0x08000138   0x00000002   Code   RO         4856    .ARM.Collect$$_printf_percent$$00000000  c_p.l(_printf_percent.o)
    0x0800013a   0x0000000a   Code   RO         4915    .ARM.Collect$$_printf_percent$$00000001  c_p.l(_printf_n.o)
    0x08000144   0x0000000a   Code   RO         4916    .ARM.Collect$$_printf_percent$$00000002  c_p.l(_printf_p.o)
    0x0800014e   0x0000000a   Code   RO         4920    .ARM.Collect$$_printf_percent$$00000003  c_p.l(_printf_f.o)
    0x08000158   0x0000000a   Code   RO         4921    .ARM.Collect$$_printf_percent$$00000004  c_p.l(_printf_e.o)
    0x08000162   0x0000000a   Code   RO         4922    .ARM.Collect$$_printf_percent$$00000005  c_p.l(_printf_g.o)
    0x0800016c   0x0000000a   Code   RO         4923    .ARM.Collect$$_printf_percent$$00000006  c_p.l(_printf_a.o)
    0x08000176   0x0000000a   Code   RO         4928    .ARM.Collect$$_printf_percent$$00000007  c_p.l(_printf_ll.o)
    0x08000180   0x0000000a   Code   RO         4918    .ARM.Collect$$_printf_percent$$00000008  c_p.l(_printf_i.o)
    0x0800018a   0x0000000a   Code   RO         4855    .ARM.Collect$$_printf_percent$$00000009  c_p.l(_printf_d.o)
    0x08000194   0x0000000a   Code   RO         4919    .ARM.Collect$$_printf_percent$$0000000A  c_p.l(_printf_u.o)
    0x0800019e   0x0000000a   Code   RO         4917    .ARM.Collect$$_printf_percent$$0000000B  c_p.l(_printf_o.o)
    0x080001a8   0x0000000a   Code   RO         4854    .ARM.Collect$$_printf_percent$$0000000C  c_p.l(_printf_x.o)
    0x080001b2   0x0000000a   Code   RO         4925    .ARM.Collect$$_printf_percent$$0000000D  c_p.l(_printf_lli.o)
    0x080001bc   0x0000000a   Code   RO         4926    .ARM.Collect$$_printf_percent$$0000000E  c_p.l(_printf_lld.o)
    0x080001c6   0x0000000a   Code   RO         4927    .ARM.Collect$$_printf_percent$$0000000F  c_p.l(_printf_llu.o)
    0x080001d0   0x0000000a   Code   RO         4932    .ARM.Collect$$_printf_percent$$00000010  c_p.l(_printf_llo.o)
    0x080001da   0x0000000a   Code   RO         4933    .ARM.Collect$$_printf_percent$$00000011  c_p.l(_printf_llx.o)
    0x080001e4   0x0000000a   Code   RO         4929    .ARM.Collect$$_printf_percent$$00000012  c_p.l(_printf_l.o)
    0x080001ee   0x0000000a   Code   RO         4852    .ARM.Collect$$_printf_percent$$00000013  c_p.l(_printf_c.o)
    0x080001f8   0x0000000a   Code   RO         4853    .ARM.Collect$$_printf_percent$$00000014  c_p.l(_printf_s.o)
    0x08000202   0x0000000a   Code   RO         4930    .ARM.Collect$$_printf_percent$$00000015  c_p.l(_printf_lc.o)
    0x0800020c   0x0000000a   Code   RO         4931    .ARM.Collect$$_printf_percent$$00000016  c_p.l(_printf_ls.o)
    0x08000216   0x00000004   Code   RO         4924    .ARM.Collect$$_printf_percent$$00000017  c_p.l(_printf_percent_end.o)
    0x0800021a   0x00000002   Code   RO         5007    .ARM.Collect$$libinit$$00000000  c_p.l(libinit.o)
    0x0800021c   0x00000000   Code   RO         5031    .ARM.Collect$$libinit$$00000002  c_p.l(libinit2.o)
    0x0800021c   0x00000000   Code   RO         5033    .ARM.Collect$$libinit$$00000004  c_p.l(libinit2.o)
    0x0800021c   0x00000000   Code   RO         5036    .ARM.Collect$$libinit$$0000000A  c_p.l(libinit2.o)
    0x0800021c   0x00000000   Code   RO         5038    .ARM.Collect$$libinit$$0000000C  c_p.l(libinit2.o)
    0x0800021c   0x00000000   Code   RO         5040    .ARM.Collect$$libinit$$0000000E  c_p.l(libinit2.o)
    0x0800021c   0x00000006   Code   RO         5041    .ARM.Collect$$libinit$$0000000F  c_p.l(libinit2.o)
    0x08000222   0x00000000   Code   RO         5043    .ARM.Collect$$libinit$$00000011  c_p.l(libinit2.o)
    0x08000222   0x0000000c   Code   RO         5044    .ARM.Collect$$libinit$$00000012  c_p.l(libinit2.o)
    0x0800022e   0x00000000   Code   RO         5045    .ARM.Collect$$libinit$$00000013  c_p.l(libinit2.o)
    0x0800022e   0x00000000   Code   RO         5047    .ARM.Collect$$libinit$$00000015  c_p.l(libinit2.o)
    0x0800022e   0x0000000a   Code   RO         5048    .ARM.Collect$$libinit$$00000016  c_p.l(libinit2.o)
    0x08000238   0x00000000   Code   RO         5049    .ARM.Collect$$libinit$$00000017  c_p.l(libinit2.o)
    0x08000238   0x00000000   Code   RO         5051    .ARM.Collect$$libinit$$00000019  c_p.l(libinit2.o)
    0x08000238   0x00000000   Code   RO         5053    .ARM.Collect$$libinit$$0000001B  c_p.l(libinit2.o)
    0x08000238   0x00000000   Code   RO         5055    .ARM.Collect$$libinit$$0000001D  c_p.l(libinit2.o)
    0x08000238   0x00000000   Code   RO         5057    .ARM.Collect$$libinit$$0000001F  c_p.l(libinit2.o)
    0x08000238   0x00000000   Code   RO         5059    .ARM.Collect$$libinit$$00000021  c_p.l(libinit2.o)
    0x08000238   0x00000000   Code   RO         5061    .ARM.Collect$$libinit$$00000023  c_p.l(libinit2.o)
    0x08000238   0x00000000   Code   RO         5063    .ARM.Collect$$libinit$$00000025  c_p.l(libinit2.o)
    0x08000238   0x00000000   Code   RO         5067    .ARM.Collect$$libinit$$0000002C  c_p.l(libinit2.o)
    0x08000238   0x00000000   Code   RO         5069    .ARM.Collect$$libinit$$0000002E  c_p.l(libinit2.o)
    0x08000238   0x00000000   Code   RO         5071    .ARM.Collect$$libinit$$00000030  c_p.l(libinit2.o)
    0x08000238   0x00000000   Code   RO         5073    .ARM.Collect$$libinit$$00000032  c_p.l(libinit2.o)
    0x08000238   0x00000002   Code   RO         5074    .ARM.Collect$$libinit$$00000033  c_p.l(libinit2.o)
    0x0800023a   0x00000002   Code   RO         5105    .ARM.Collect$$libshutdown$$00000000  c_p.l(libshutdown.o)
    0x0800023c   0x00000000   Code   RO         5131    .ARM.Collect$$libshutdown$$00000002  c_p.l(libshutdown2.o)
    0x0800023c   0x00000000   Code   RO         5133    .ARM.Collect$$libshutdown$$00000004  c_p.l(libshutdown2.o)
    0x0800023c   0x00000000   Code   RO         5136    .ARM.Collect$$libshutdown$$00000007  c_p.l(libshutdown2.o)
    0x0800023c   0x00000000   Code   RO         5139    .ARM.Collect$$libshutdown$$0000000A  c_p.l(libshutdown2.o)
    0x0800023c   0x00000000   Code   RO         5141    .ARM.Collect$$libshutdown$$0000000C  c_p.l(libshutdown2.o)
    0x0800023c   0x00000000   Code   RO         5144    .ARM.Collect$$libshutdown$$0000000F  c_p.l(libshutdown2.o)
    0x0800023c   0x00000002   Code   RO         5145    .ARM.Collect$$libshutdown$$00000010  c_p.l(libshutdown2.o)
    0x0800023e   0x00000000   Code   RO         4885    .ARM.Collect$$rtentry$$00000000  c_p.l(__rtentry.o)
    0x0800023e   0x00000000   Code   RO         4945    .ARM.Collect$$rtentry$$00000002  c_p.l(__rtentry2.o)
    0x0800023e   0x00000006   Code   RO         4957    .ARM.Collect$$rtentry$$00000004  c_p.l(__rtentry4.o)
    0x08000244   0x00000000   Code   RO         4947    .ARM.Collect$$rtentry$$00000009  c_p.l(__rtentry2.o)
    0x08000244   0x00000004   Code   RO         4948    .ARM.Collect$$rtentry$$0000000A  c_p.l(__rtentry2.o)
    0x08000248   0x00000000   Code   RO         4950    .ARM.Collect$$rtentry$$0000000C  c_p.l(__rtentry2.o)
    0x08000248   0x00000008   Code   RO         4951    .ARM.Collect$$rtentry$$0000000D  c_p.l(__rtentry2.o)
    0x08000250   0x00000002   Code   RO         5017    .ARM.Collect$$rtexit$$00000000  c_p.l(rtexit.o)
    0x08000252   0x00000000   Code   RO         5078    .ARM.Collect$$rtexit$$00000002  c_p.l(rtexit2.o)
    0x08000252   0x00000004   Code   RO         5079    .ARM.Collect$$rtexit$$00000003  c_p.l(rtexit2.o)
    0x08000256   0x00000006   Code   RO         5080    .ARM.Collect$$rtexit$$00000004  c_p.l(rtexit2.o)
    0x0800025c   0x00000078   Code   RO         4418    .emb_text           port.o
    0x080002d4   0x00000038   Code   RO         4865    .emb_text           c_p.l(rt_memcpy.o)
    0x0800030c   0x00000038   Code   RO            4    .text               startup_stm32g071xx.o
    0x08000344   0x00000038   Code   RO         4797    .text               c_p.l(vsnprintf.o)
    0x0800037c   0x0000003c   Code   RO         4799    .text               c_p.l(__2snprintf.o)
    0x080003b8   0x0000004e   Code   RO         4805    .text               c_p.l(_printf_pad.o)
    0x08000406   0x00000052   Code   RO         4807    .text               c_p.l(_printf_str.o)
    0x08000458   0x0000006c   Code   RO         4809    .text               c_p.l(_printf_dec.o)
    0x080004c4   0x00000098   Code   RO         4829    .text               c_p.l(_printf_hex_int_ll_ptr.o)
    0x0800055c   0x00000188   Code   RO         4849    .text               c_p.l(__printf_flags_ss_wp.o)
    0x080006e4   0x00000028   Code   RO         4857    .text               c_p.l(strstr.o)
    0x0800070c   0x00000044   Code   RO         4859    .text               c_p.l(strlen.o)
    0x08000750   0x000000a0   Code   RO         4863    .text               c_p.l(strncmp.o)
    0x080007f0   0x00000082   Code   RO         4866    .text               c_p.l(rt_memcpy.o)
    0x08000872   0x00000012   Code   RO         4871    .text               c_p.l(aeabi_memset.o)
    0x08000884   0x00000040   Code   RO         4873    .text               c_p.l(rt_memclr.o)
    0x080008c4   0x0000015a   Code   RO         4877    .text               c_p.l(aeabi_sdiv.o)
    0x08000a1e   0x00000006   Code   RO         4881    .text               c_p.l(heapauxi.o)
    0x08000a24   0x00000024   Code   RO         4890    .text               c_p.l(_printf_truncate.o)
    0x08000a48   0x000000b0   Code   RO         4892    .text               c_p.l(_printf_intcommon.o)
    0x08000af8   0x00000026   Code   RO         4894    .text               c_p.l(_printf_charcount.o)
    0x08000b1e   0x00000002   PAD
    0x08000b20   0x00000030   Code   RO         4896    .text               c_p.l(_printf_char_common.o)
    0x08000b50   0x0000000a   Code   RO         4898    .text               c_p.l(_sputc.o)
    0x08000b5a   0x00000010   Code   RO         4900    .text               c_p.l(_snputc.o)
    0x08000b6a   0x0000002e   Code   RO         4902    .text               c_p.l(_printf_char.o)
    0x08000b98   0x000000bc   Code   RO         4904    .text               c_p.l(_printf_wctomb.o)
    0x08000c54   0x00000070   Code   RO         4907    .text               c_p.l(_printf_longlong_dec.o)
    0x08000cc4   0x00000070   Code   RO         4913    .text               c_p.l(_printf_oct_int_ll.o)
    0x08000d34   0x00000028   Code   RO         4934    .text               c_p.l(rtudiv10.o)
    0x08000d5c   0x0000007a   Code   RO         4961    .text               c_p.l(lludiv10.o)
    0x08000dd6   0x00000002   PAD
    0x08000dd8   0x00000414   Code   RO         4963    .text               c_p.l(_printf_fp_dec.o)
    0x080011ec   0x000002d8   Code   RO         4965    .text               c_p.l(_printf_fp_hex.o)
    0x080014c4   0x0000002e   Code   RO         4970    .text               c_p.l(_printf_wchar.o)
    0x080014f2   0x00000040   Code   RO         4972    .text               c_p.l(_wcrtomb.o)
    0x08001532   0x0000003e   Code   RO         4974    .text               c_p.l(sys_stackheap_outer.o)
    0x08001570   0x00000010   Code   RO         4977    .text               c_p.l(rt_ctype_table.o)
    0x08001580   0x00000008   Code   RO         4982    .text               c_p.l(rt_locale_intlibspace.o)
    0x08001588   0x00000088   Code   RO         4984    .text               c_p.l(_printf_fp_infnan.o)
    0x08001610   0x000000c8   Code   RO         4986    .text               c_p.l(bigflt0.o)
    0x080016d8   0x000004c8   Code   RO         4989    .text               c_p.l(btod.o)
    0x08001ba0   0x00000010   Code   RO         4996    .text               c_p.l(exit.o)
    0x08001bb0   0x00000008   Code   RO         5013    .text               c_p.l(libspace.o)
    0x08001bb8   0x00000088   Code   RO         5028    .text               c_p.l(strcmp.o)
    0x08001c40   0x0000000c   Code   RO         5075    .text               c_p.l(sys_exit.o)
    0x08001c4c   0x00000002   Code   RO         5094    .text               c_p.l(use_no_semi.o)
    0x08001c4e   0x00000000   Code   RO         5096    .text               c_p.l(indicate_semi.o)
    0x08001c4e   0x00000006   Code   RO           12    i.Error_Handler     main.o
    0x08001c54   0x0000000c   Code   RO         1384    i.HAL_GetTick       stm32g0xx_hal.o
    0x08001c60   0x00000018   Code   RO         1390    i.HAL_IncTick       stm32g0xx_hal.o
    0x08001c78   0x0000002c   Code   RO         1391    i.HAL_Init          stm32g0xx_hal.o
    0x08001ca4   0x0000008c   Code   RO          323    i.HAL_InitTick      stm32g0xx_hal_timebase_tim.o
    0x08001d30   0x00000058   Code   RO          301    i.HAL_MspInit       stm32g0xx_hal_msp.o
    0x08001d88   0x00000024   Code   RO         1266    i.HAL_NVIC_EnableIRQ  stm32g0xx_hal_cortex.o
    0x08001dac   0x00000012   Code   RO         1270    i.HAL_NVIC_SetPriority  stm32g0xx_hal_cortex.o
    0x08001dbe   0x00000002   PAD
    0x08001dc0   0x00000058   Code   RO         1084    i.HAL_PWREx_ControlVoltageScaling  stm32g0xx_hal_pwr_ex.o
    0x08001e18   0x000001d4   Code   RO          360    i.HAL_RCC_ClockConfig  stm32g0xx_hal_rcc.o
    0x08001fec   0x0000003c   Code   RO          365    i.HAL_RCC_GetClockConfig  stm32g0xx_hal_rcc.o
    0x08002028   0x0000000c   Code   RO          366    i.HAL_RCC_GetHCLKFreq  stm32g0xx_hal_rcc.o
    0x08002034   0x00000028   Code   RO          368    i.HAL_RCC_GetPCLK1Freq  stm32g0xx_hal_rcc.o
    0x0800205c   0x000000e4   Code   RO          370    i.HAL_RCC_GetSysClockFreq  stm32g0xx_hal_rcc.o
    0x08002140   0x000005bc   Code   RO          374    i.HAL_RCC_OscConfig  stm32g0xx_hal_rcc.o
    0x080026fc   0x00000018   Code   RO         1402    i.HAL_SYSCFG_StrobeDBattpinsConfig  stm32g0xx_hal.o
    0x08002714   0x00000002   Code   RO         2389    i.HAL_TIMEx_Break2Callback  stm32g0xx_hal_tim_ex.o
    0x08002716   0x00000002   Code   RO         2390    i.HAL_TIMEx_BreakCallback  stm32g0xx_hal_tim_ex.o
    0x08002718   0x00000002   Code   RO         2391    i.HAL_TIMEx_CommutCallback  stm32g0xx_hal_tim_ex.o
    0x0800271a   0x0000006c   Code   RO         1666    i.HAL_TIM_Base_Init  stm32g0xx_hal_tim.o
    0x08002786   0x00000002   Code   RO         1668    i.HAL_TIM_Base_MspInit  stm32g0xx_hal_tim.o
    0x08002788   0x00000084   Code   RO         1671    i.HAL_TIM_Base_Start_IT  stm32g0xx_hal_tim.o
    0x0800280c   0x00000002   Code   RO         1700    i.HAL_TIM_IC_CaptureCallback  stm32g0xx_hal_tim.o
    0x0800280e   0x00000002   PAD
    0x08002810   0x000001f8   Code   RO         1714    i.HAL_TIM_IRQHandler  stm32g0xx_hal_tim.o
    0x08002a08   0x00000002   Code   RO         1717    i.HAL_TIM_OC_DelayElapsedCallback  stm32g0xx_hal_tim.o
    0x08002a0a   0x00000002   Code   RO         1744    i.HAL_TIM_PWM_PulseFinishedCallback  stm32g0xx_hal_tim.o
    0x08002a0c   0x00000018   Code   RO           13    i.HAL_TIM_PeriodElapsedCallback  main.o
    0x08002a24   0x00000002   Code   RO         1757    i.HAL_TIM_TriggerCallback  stm32g0xx_hal_tim.o
    0x08002a26   0x00000004   Code   RO          263    i.HardFault_Handler  stm32g0xx_it.o
    0x08002a2a   0x00000002   PAD
    0x08002a2c   0x00000020   Code   RO          224    i.MX_FREERTOS_Init  app_freertos.o
    0x08002a4c   0x00000040   Code   RO          202    i.MX_GPIO_Init      gpio.o
    0x08002a8c   0x00000004   Code   RO          264    i.NMI_Handler       stm32g0xx_it.o
    0x08002a90   0x00000002   Code   RO         4419    i.SVC_Handler       port.o
    0x08002a92   0x0000000a   Code   RO          225    i.StartDefaultTask  app_freertos.o
    0x08002a9c   0x00000018   Code   RO         3843    i.SysTick_Handler   cmsis_os2.o
    0x08002ab4   0x00000072   Code   RO           14    i.SystemClock_Config  main.o
    0x08002b26   0x00000002   Code   RO         2691    i.SystemInit        system_stm32g0xx.o
    0x08002b28   0x00000010   Code   RO          265    i.TIM7_LPTIM2_IRQHandler  stm32g0xx_it.o
    0x08002b38   0x000000b0   Code   RO         1759    i.TIM_Base_SetConfig  stm32g0xx_hal_tim.o
    0x08002be8   0x00000030   Code   RO         4991    i.__ARM_common_ll_muluu  c_p.l(btod.o)
    0x08002c18   0x0000001c   Code   RO          939    i.__ARM_common_switch8  stm32g0xx_hal_dma.o
    0x08002c34   0x0000002c   Code   RO         5011    i.__ARM_fpclassify  m_ps.l(fpclassify.o)
    0x08002c60   0x00000078   Code   RO         1276    i.__NVIC_SetPriority  stm32g0xx_hal_cortex.o
    0x08002cd8   0x00000078   Code   RO         3845    i.__NVIC_SetPriority  cmsis_os2.o
    0x08002d50   0x00000006   Code   RO         3846    i.__get_IPSR        cmsis_os2.o
    0x08002d56   0x0000000e   Code   RO         4842    i._is_digit         c_p.l(__printf_wp.o)
    0x08002d64   0x00000110   Code   RO         4493    i.elog_get_filter_tag_lvl  elog.o
    0x08002e74   0x0000004c   Code   RO         4497    i.elog_init         elog.o
    0x08002ec0   0x00000434   Code   RO         4498    i.elog_output       elog.o
    0x080032f4   0x00000024   Code   RO         4499    i.elog_output_lock  elog.o
    0x08003318   0x00000040   Code   RO         4500    i.elog_output_lock_enabled  elog.o
    0x08003358   0x00000024   Code   RO         4501    i.elog_output_unlock  elog.o
    0x0800337c   0x00000008   Code   RO         4704    i.elog_port_get_p_info  elog_port.o
    0x08003384   0x00000008   Code   RO         4705    i.elog_port_get_t_info  elog_port.o
    0x0800338c   0x00000008   Code   RO         4706    i.elog_port_get_time  elog_port.o
    0x08003394   0x00000004   Code   RO         4707    i.elog_port_init    elog_port.o
    0x08003398   0x00000002   Code   RO         4708    i.elog_port_output  elog_port.o
    0x0800339a   0x00000002   Code   RO         4709    i.elog_port_output_lock  elog_port.o
    0x0800339c   0x00000002   Code   RO         4710    i.elog_port_output_unlock  elog_port.o
    0x0800339e   0x00000002   PAD
    0x080033a0   0x000000bc   Code   RO         4505    i.elog_set_filter_lvl  elog.o
    0x0800345c   0x0000003c   Code   RO         4508    i.elog_set_filter_tag_lvl_default  elog.o
    0x08003498   0x000000c0   Code   RO         4509    i.elog_set_fmt      elog.o
    0x08003558   0x000000cc   Code   RO         4510    i.elog_set_output_enabled  elog.o
    0x08003624   0x000000cc   Code   RO         4511    i.elog_set_text_color_enabled  elog.o
    0x080036f0   0x0000008c   Code   RO         4512    i.elog_start        elog.o
    0x0800377c   0x00000104   Code   RO         4680    i.elog_strcpy       elog_utils.o
    0x08003880   0x000000cc   Code   RO         4514    i.get_fmt_enabled   elog.o
    0x0800394c   0x00000020   Code   RO         4515    i.get_fmt_used_and_enabled_ptr  elog.o
    0x0800396c   0x00000020   Code   RO         4516    i.get_fmt_used_and_enabled_u32  elog.o
    0x0800398c   0x00000054   Code   RO           15    i.main              main.o
    0x080039e0   0x00000022   Code   RO         3847    i.osDelay           cmsis_os2.o
    0x08003a02   0x00000002   PAD
    0x08003a04   0x00000030   Code   RO         3861    i.osKernelInitialize  cmsis_os2.o
    0x08003a34   0x00000040   Code   RO         3864    i.osKernelStart     cmsis_os2.o
    0x08003a74   0x000000ce   Code   RO         3906    i.osThreadNew       cmsis_os2.o
    0x08003b42   0x00000002   PAD
    0x08003b44   0x0000007c   Code   RO         3293    i.prvAddCurrentTaskToDelayedList  tasks.o
    0x08003bc0   0x000000ac   Code   RO         3294    i.prvAddNewTaskToReadyList  tasks.o
    0x08003c6c   0x00000078   Code   RO         3669    i.prvCheckForValidListAndQueue  timers.o
    0x08003ce4   0x00000048   Code   RO         3295    i.prvCheckTasksWaitingTermination  tasks.o
    0x08003d2c   0x0000002c   Code   RO         2880    i.prvCopyDataFromQueue  queue.o
    0x08003d58   0x00000080   Code   RO         2881    i.prvCopyDataToQueue  queue.o
    0x08003dd8   0x00000044   Code   RO         3296    i.prvDeleteTCB      tasks.o
    0x08003e1c   0x0000002c   Code   RO         3670    i.prvGetNextExpireTime  timers.o
    0x08003e48   0x0000007c   Code   RO         4363    i.prvHeapInit       heap_4.o
    0x08003ec4   0x00000018   Code   RO         3297    i.prvIdleTask       tasks.o
    0x08003edc   0x0000002c   Code   RO         2884    i.prvInitialiseNewQueue  queue.o
    0x08003f08   0x000000bc   Code   RO         3298    i.prvInitialiseNewTask  tasks.o
    0x08003fc4   0x00000064   Code   RO         3299    i.prvInitialiseTaskLists  tasks.o
    0x08004028   0x00000068   Code   RO         4364    i.prvInsertBlockIntoFreeList  heap_4.o
    0x08004090   0x00000054   Code   RO         3672    i.prvInsertTimerInActiveList  timers.o
    0x080040e4   0x0000001c   Code   RO         2885    i.prvIsQueueEmpty   queue.o
    0x08004100   0x0000001e   Code   RO         2886    i.prvIsQueueFull    queue.o
    0x0800411e   0x00000002   PAD
    0x08004120   0x00000068   Code   RO         3673    i.prvProcessExpiredTimer  timers.o
    0x08004188   0x00000144   Code   RO         3674    i.prvProcessReceivedCommands  timers.o
    0x080042cc   0x0000006c   Code   RO         3675    i.prvProcessTimerOrBlockTask  timers.o
    0x08004338   0x00000038   Code   RO         3301    i.prvResetNextTaskUnblockTime  tasks.o
    0x08004370   0x0000002c   Code   RO         3676    i.prvSampleTimeNow  timers.o
    0x0800439c   0x00000094   Code   RO         3677    i.prvSwitchTimerLists  timers.o
    0x08004430   0x00000024   Code   RO         4420    i.prvTaskExitError  port.o
    0x08004454   0x0000001a   Code   RO         3678    i.prvTimerTask      timers.o
    0x0800446e   0x0000008e   Code   RO         2887    i.prvUnlockQueue    queue.o
    0x080044fc   0x0000012c   Code   RO         4365    i.pvPortMalloc      heap_4.o
    0x08004628   0x00000020   Code   RO         4421    i.pxPortInitialiseStack  port.o
    0x08004648   0x00000028   Code   RO         2843    i.uxListRemove      list.o
    0x08004670   0x00000018   Code   RO         3918    i.vApplicationGetIdleTaskMemory  cmsis_os2.o
    0x08004688   0x00000018   Code   RO         3919    i.vApplicationGetTimerTaskMemory  cmsis_os2.o
    0x080046a0   0x0000001a   Code   RO         2844    i.vListInitialise   list.o
    0x080046ba   0x00000006   Code   RO         2845    i.vListInitialiseItem  list.o
    0x080046c0   0x00000036   Code   RO         2846    i.vListInsert       list.o
    0x080046f6   0x00000018   Code   RO         2847    i.vListInsertEnd    list.o
    0x0800470e   0x00000002   PAD
    0x08004710   0x0000001c   Code   RO         4423    i.vPortEnterCritical  port.o
    0x0800472c   0x00000028   Code   RO         4424    i.vPortExitCritical  port.o
    0x08004754   0x00000090   Code   RO         4366    i.vPortFree         heap_4.o
    0x080047e4   0x0000002c   Code   RO         4425    i.vPortSetupTimerInterrupt  port.o
    0x08004810   0x00000018   Code   RO         4426    i.vPortYield        port.o
    0x08004828   0x0000002c   Code   RO         2893    i.vQueueAddToRegistry  queue.o
    0x08004854   0x0000004c   Code   RO         2897    i.vQueueWaitForMessageRestricted  queue.o
    0x080048a0   0x00000044   Code   RO         3314    i.vTaskDelay        tasks.o
    0x080048e4   0x00000018   Code   RO         3319    i.vTaskInternalSetTimeOutState  tasks.o
    0x080048fc   0x0000000c   Code   RO         3320    i.vTaskMissedYield  tasks.o
    0x08004908   0x0000002c   Code   RO         3322    i.vTaskPlaceOnEventList  tasks.o
    0x08004934   0x00000034   Code   RO         3323    i.vTaskPlaceOnEventListRestricted  tasks.o
    0x08004968   0x000000a0   Code   RO         3331    i.vTaskStartScheduler  tasks.o
    0x08004a08   0x00000010   Code   RO         3333    i.vTaskSuspendAll   tasks.o
    0x08004a18   0x00000080   Code   RO         3334    i.vTaskSwitchContext  tasks.o
    0x08004a98   0x00000038   Code   RO         4427    i.xPortStartScheduler  port.o
    0x08004ad0   0x00000024   Code   RO         4428    i.xPortSysTickHandler  port.o
    0x08004af4   0x000000a0   Code   RO         2903    i.xQueueGenericCreateStatic  queue.o
    0x08004b94   0x00000082   Code   RO         2904    i.xQueueGenericReset  queue.o
    0x08004c16   0x0000015a   Code   RO         2905    i.xQueueGenericSend  queue.o
    0x08004d70   0x000000c0   Code   RO         2906    i.xQueueGenericSendFromISR  queue.o
    0x08004e30   0x00000138   Code   RO         2915    i.xQueueReceive     queue.o
    0x08004f68   0x00000074   Code   RO         3336    i.xTaskCheckForTimeOut  tasks.o
    0x08004fdc   0x00000062   Code   RO         3337    i.xTaskCreate       tasks.o
    0x0800503e   0x00000088   Code   RO         3338    i.xTaskCreateStatic  tasks.o
    0x080050c6   0x00000002   PAD
    0x080050c8   0x00000024   Code   RO         3342    i.xTaskGetSchedulerState  tasks.o
    0x080050ec   0x0000000c   Code   RO         3343    i.xTaskGetTickCount  tasks.o
    0x080050f8   0x0000013c   Code   RO         3345    i.xTaskIncrementTick  tasks.o
    0x08005234   0x00000088   Code   RO         3348    i.xTaskPriorityDisinherit  tasks.o
    0x080052bc   0x00000088   Code   RO         3350    i.xTaskRemoveFromEventList  tasks.o
    0x08005344   0x000000f0   Code   RO         3351    i.xTaskResumeAll    tasks.o
    0x08005434   0x00000070   Code   RO         3687    i.xTimerCreateTimerTask  timers.o
    0x080054a4   0x00000074   Code   RO         3688    i.xTimerGenericCommand  timers.o
    0x08005518   0x0000002c   Code   RO         4994    locale$$code        c_p.l(lc_numeric_c.o)
    0x08005544   0x0000002c   Code   RO         5022    locale$$code        c_p.l(lc_ctype_c.o)
    0x08005570   0x00000010   Code   RO         4936    x$fpl$printf1       fz_ps.l(printf1.o)
    0x08005580   0x00000010   Code   RO         4938    x$fpl$printf2       fz_ps.l(printf2.o)
    0x08005590   0x00000000   Code   RO         5010    x$fpl$usenofp       fz_ps.l(usenofp.o)
    0x08005590   0x0000002c   Data   RO          226    .constdata          app_freertos.o
    0x080055bc   0x00000068   Data   RO         2692    .constdata          system_stm32g0xx.o
    0x08005624   0x000000e2   Data   RO         4518    .constdata          elog.o
    0x08005706   0x00000023   Data   RO         4681    .constdata          elog_utils.o
    0x08005729   0x00000028   Data   RO         4830    .constdata          c_p.l(_printf_hex_int_ll_ptr.o)
    0x08005751   0x00000011   Data   RO         4850    .constdata          c_p.l(__printf_flags_ss_wp.o)
    0x08005762   0x00000002   PAD
    0x08005764   0x00000008   Data   RO         4905    .constdata          c_p.l(_printf_wctomb.o)
    0x0800576c   0x00000026   Data   RO         4966    .constdata          c_p.l(_printf_fp_hex.o)
    0x08005792   0x00000002   PAD
    0x08005794   0x00000094   Data   RO         4987    .constdata          c_p.l(bigflt0.o)
    0x08005828   0x0000000c   Data   RO          227    .conststring        app_freertos.o
    0x08005834   0x00000047   Data   RO         4519    .conststring        elog.o
    0x0800587b   0x00000001   PAD
    0x0800587c   0x00000020   Data   RO         5146    Region$$Table       anon$$obj.o
    0x0800589c   0x0000001c   Data   RO         4993    locale$$data        c_p.l(lc_numeric_c.o)
    0x080058b8   0x00000110   Data   RO         5021    locale$$data        c_p.l(lc_ctype_c.o)


    Execution Region RW_IRAM1 (Base: 0x20000000, Size: 0x00002538, Max: 0x00009000, ABSOLUTE)

    Base Addr    Size         Type   Attr      Idx    E Section Name        Object

    0x20000000   0x00000004   Data   RW          228    .data               app_freertos.o
    0x20000004   0x00000009   Data   RW         1409    .data               stm32g0xx_hal.o
    0x2000000d   0x00000003   PAD
    0x20000010   0x00000004   Data   RW         2693    .data               system_stm32g0xx.o
    0x20000014   0x0000003c   Data   RW         3354    .data               tasks.o
    0x20000050   0x00000014   Data   RW         3696    .data               timers.o
    0x20000064   0x00000004   Data   RW         3922    .data               cmsis_os2.o
    0x20000068   0x00000020   Data   RW         4372    .data               heap_4.o
    0x20000088   0x00000004   Data   RW         4429    .data               port.o
    0x2000008c   0x00000034   Data   RW         4520    .data               elog.o
    0x200000c0   0x0000004c   Zero   RW          326    .bss                stm32g0xx_hal_timebase_tim.o
    0x2000010c   0x00000040   Zero   RW         2919    .bss                queue.o
    0x2000014c   0x000004c4   Zero   RW         3353    .bss                tasks.o
    0x20000610   0x00000118   Zero   RW         3695    .bss                timers.o
    0x20000728   0x000006b8   Zero   RW         3920    .bss                cmsis_os2.o
    0x20000de0   0x00000c00   Zero   RW         4371    .bss                heap_4.o
    0x200019e0   0x000004f8   Zero   RW         4517    .bss                elog.o
    0x20001ed8   0x00000060   Zero   RW         5014    .bss                c_p.l(libspace.o)
    0x20001f38   0x00000200   Zero   RW            2    HEAP                startup_stm32g071xx.o
    0x20002138   0x00000400   Zero   RW            1    STACK               startup_stm32g071xx.o


==============================================================================

Image component sizes


      Code (inc. data)   RO Data    RW Data    ZI Data      Debug   Object Name

        42         14         56          4          0       1769   app_freertos.o
       550         44          0          4       1720      28236   cmsis_os2.o
      2816        990        297         52       1272      19512   elog.o
        34         12          0          0          0       3485   elog_port.o
       260         92         35          0          0       2693   elog_utils.o
         0          0          0          0          0      11692   event_groups.o
        64          4          0          0          0        795   gpio.o
       672         72          0         32       3072       4731   heap_4.o
       150          0          0          0          0       3538   list.o
       228          6          0          0          0     472863   main.o
       418         58          0          4          0       7667   port.o
      1676          4          0          0         64      16656   queue.o
        56         26        188          0       1536        620   startup_stm32g071xx.o
       104         24          0          9          0      17981   stm32g0xx_hal.o
       174         16          0          0          0      11508   stm32g0xx_hal_cortex.o
        28          0          0          0          0         76   stm32g0xx_hal_dma.o
        88          6          0          0          0        850   stm32g0xx_hal_msp.o
        88         12          0          0          0        770   stm32g0xx_hal_pwr_ex.o
      2276        106          0          0          0      25014   stm32g0xx_hal_rcc.o
       930         50          0          0          0       6426   stm32g0xx_hal_tim.o
         6          0          0          0          0       2216   stm32g0xx_hal_tim_ex.o
       140         20          0          0         76       1535   stm32g0xx_hal_timebase_tim.o
        24          6          0          0          0       1355   stm32g0xx_it.o
         0          0          0          0          0       9592   stream_buffer.o
         2          0        104          4          0       1195   system_stm32g0xx.o
      2534        332          0         60       1220      25850   tasks.o
      1230        120          0         20        280      15503   timers.o

    ----------------------------------------------------------------------
     14608       2014        713        192       9240     694128   Object Totals
         0          0         32          0          0          0   (incl. Generated)
        18          0          1          3          0          0   (incl. Padding)

    ----------------------------------------------------------------------

      Code (inc. data)   RO Data    RW Data    ZI Data      Debug   Library Member Name

        60          6          0          0          0         92   __2snprintf.o
         8          0          0          0          0         68   __main.o
       392          6         17          0          0         76   __printf_flags_ss_wp.o
        14          0          0          0          0         60   __printf_wp.o
         0          0          0          0          0          0   __rtentry.o
        12          0          0          0          0          0   __rtentry2.o
         6          0          0          0          0          0   __rtentry4.o
        60          8          0          0          0          0   __scatter.o
        26          0          0          0          0          0   __scatter_copy.o
        28          0          0          0          0          0   __scatter_zi.o
        10          0          0          0          0          0   _printf_a.o
        10          0          0          0          0          0   _printf_c.o
        46          0          0          0          0        100   _printf_char.o
        48          6          0          0          0         88   _printf_char_common.o
        38          0          0          0          0         60   _printf_charcount.o
        10          0          0          0          0          0   _printf_d.o
       108         18          0          0          0         76   _printf_dec.o
        10          0          0          0          0          0   _printf_e.o
        10          0          0          0          0          0   _printf_f.o
      1044         14          0          0          0        176   _printf_fp_dec.o
       728         10         38          0          0         84   _printf_fp_hex.o
       136         16          0          0          0         76   _printf_fp_infnan.o
        10          0          0          0          0          0   _printf_g.o
       152          4         40          0          0        148   _printf_hex_int_ll_ptr.o
        10          0          0          0          0          0   _printf_i.o
       176          0          0          0          0         84   _printf_intcommon.o
        10          0          0          0          0          0   _printf_l.o
        10          0          0          0          0          0   _printf_lc.o
        10          0          0          0          0          0   _printf_ll.o
        10          0          0          0          0          0   _printf_lld.o
        10          0          0          0          0          0   _printf_lli.o
        10          0          0          0          0          0   _printf_llo.o
        10          0          0          0          0          0   _printf_llu.o
        10          0          0          0          0          0   _printf_llx.o
       112         18          0          0          0         76   _printf_longlong_dec.o
        10          0          0          0          0          0   _printf_ls.o
        10          0          0          0          0          0   _printf_n.o
        10          0          0          0          0          0   _printf_o.o
       112         10          0          0          0        112   _printf_oct_int_ll.o
        10          0          0          0          0          0   _printf_p.o
        78          0          0          0          0        100   _printf_pad.o
         2          0          0          0          0          0   _printf_percent.o
         4          0          0          0          0          0   _printf_percent_end.o
        10          0          0          0          0          0   _printf_s.o
        82          0          0          0          0         72   _printf_str.o
        36          0          0          0          0         76   _printf_truncate.o
        10          0          0          0          0          0   _printf_u.o
        46          0          0          0          0        100   _printf_wchar.o
       188          6          8          0          0         80   _printf_wctomb.o
        10          0          0          0          0          0   _printf_x.o
        16          0          0          0          0         60   _snputc.o
        10          0          0          0          0         60   _sputc.o
        64          0          0          0          0         72   _wcrtomb.o
        18          0          0          0          0         68   aeabi_memset.o
       346          0          0          0          0         92   aeabi_sdiv.o
       200          4        148          0          0         80   bigflt0.o
      1272         16          0          0          0        328   btod.o
        16          0          0          0          0         68   exit.o
         6          0          0          0          0        136   heapauxi.o
         0          0          0          0          0          0   indicate_semi.o
        44         10        272          0          0         76   lc_ctype_c.o
        44         10         28          0          0         76   lc_numeric_c.o
         2          0          0          0          0          0   libinit.o
        30          0          0          0          0          0   libinit2.o
         2          0          0          0          0          0   libshutdown.o
         2          0          0          0          0          0   libshutdown2.o
         8          4          0          0         96         68   libspace.o
       122          0          0          0          0         72   lludiv10.o
        16          4          0          0          0         76   rt_ctype_table.o
         8          4          0          0          0         68   rt_locale_intlibspace.o
        64          0          0          0          0        108   rt_memclr.o
       186          0          0          0          0        144   rt_memcpy.o
         2          0          0          0          0          0   rtexit.o
        10          0          0          0          0          0   rtexit2.o
        40          0          0          0          0         60   rtudiv10.o
       136          4          0          0          0         72   strcmp.o
        68          6          0          0          0         72   strlen.o
       160          6          0          0          0         76   strncmp.o
        40          0          0          0          0         72   strstr.o
        12          4          0          0          0         60   sys_exit.o
        62          0          0          0          0         80   sys_stackheap_outer.o
         2          0          0          0          0         68   use_no_semi.o
        56          6          0          0          0         72   vsnprintf.o
        16          4          0          0          0         76   printf1.o
        16          4          0          0          0         76   printf2.o
         0          0          0          0          0          0   usenofp.o
        44          4          0          0          0         60   fpclassify.o

    ----------------------------------------------------------------------
      7108        212        555          0         96       4300   Library Totals
         6          0          4          0          0          0   (incl. Padding)

    ----------------------------------------------------------------------

      Code (inc. data)   RO Data    RW Data    ZI Data      Debug   Library Name

      7026        200        551          0         96       4088   c_p.l
        32          8          0          0          0        152   fz_ps.l
        44          4          0          0          0         60   m_ps.l

    ----------------------------------------------------------------------
      7108        212        555          0         96       4300   Library Totals

    ----------------------------------------------------------------------

==============================================================================


      Code (inc. data)   RO Data    RW Data    ZI Data      Debug   

     21716       2226       1268        192       9336     690344   Grand Totals
     21716       2226       1268        192       9336     690344   ELF Image Totals
     21716       2226       1268        192          0          0   ROM Totals

==============================================================================

    Total RO  Size (Code + RO Data)                22984 (  22.45kB)
    Total RW  Size (RW Data + ZI Data)              9528 (   9.30kB)
    Total ROM Size (Code + RO Data + RW Data)      23176 (  22.63kB)

==============================================================================

